Component: ARM Compiler 5.06 update 7 (build 960) Tool: armlink [4d3601]

==============================================================================

Section Cross References

    startup_stm32f750xx.o(RESET) refers to startup_stm32f750xx.o(STACK) for __initial_sp
    startup_stm32f750xx.o(RESET) refers to startup_stm32f750xx.o(.text) for Reset_Handler
    startup_stm32f750xx.o(RESET) refers to stm32f7xx_it.o(i.NMI_Handler) for NMI_Handler
    startup_stm32f750xx.o(RESET) refers to stm32f7xx_it.o(i.HardFault_Handler) for HardFault_Handler
    startup_stm32f750xx.o(RESET) refers to stm32f7xx_it.o(i.MemManage_Handler) for MemManage_Handler
    startup_stm32f750xx.o(RESET) refers to stm32f7xx_it.o(i.BusFault_Handler) for BusFault_Handler
    startup_stm32f750xx.o(RESET) refers to stm32f7xx_it.o(i.UsageFault_Handler) for UsageFault_Handler
    startup_stm32f750xx.o(RESET) refers to stm32f7xx_it.o(i.SVC_Handler) for SVC_Handler
    startup_stm32f750xx.o(RESET) refers to stm32f7xx_it.o(i.DebugMon_Handler) for DebugMon_Handler
    startup_stm32f750xx.o(RESET) refers to stm32f7xx_it.o(i.PendSV_Handler) for PendSV_Handler
    startup_stm32f750xx.o(RESET) refers to stm32f7xx_it.o(i.SysTick_Handler) for SysTick_Handler
    startup_stm32f750xx.o(RESET) refers to stm32f7xx_it.o(i.TIM6_DAC_IRQHandler) for TIM6_DAC_IRQHandler
    startup_stm32f750xx.o(RESET) refers to stm32f7xx_it.o(i.OTG_FS_IRQHandler) for OTG_FS_IRQHandler
    startup_stm32f750xx.o(RESET) refers to stm32f7xx_it.o(i.LTDC_IRQHandler) for LTDC_IRQHandler
    startup_stm32f750xx.o(RESET) refers to stm32f7xx_it.o(i.DMA2D_IRQHandler) for DMA2D_IRQHandler
    startup_stm32f750xx.o(.text) refers to system_stm32f7xx.o(i.SystemInit) for SystemInit
    startup_stm32f750xx.o(.text) refers to entry.o(.ARM.Collect$$$$00000000) for __main
    main.o(i.HAL_TIM_PeriodElapsedCallback) refers to stm32f7xx_hal.o(i.HAL_IncTick) for HAL_IncTick
    main.o(i.KEY_PRESS) refers to stm32f7xx_hal_gpio.o(i.HAL_GPIO_WritePin) for HAL_GPIO_WritePin
    main.o(i.KEY_PRESS) refers to stm32f7xx_hal_gpio.o(i.HAL_GPIO_ReadPin) for HAL_GPIO_ReadPin
    main.o(i.MX_ADC3_Init) refers to stm32f7xx_hal_adc.o(i.HAL_ADC_Init) for HAL_ADC_Init
    main.o(i.MX_ADC3_Init) refers to stm32f7xx_hal_adc.o(i.HAL_ADC_ConfigChannel) for HAL_ADC_ConfigChannel
    main.o(i.MX_ADC3_Init) refers to main.o(.bss) for .bss
    main.o(i.MX_DCMI_Init) refers to stm32f7xx_hal_dcmi.o(i.HAL_DCMI_Init) for HAL_DCMI_Init
    main.o(i.MX_DCMI_Init) refers to main.o(.bss) for .bss
    main.o(i.MX_ETH_Init) refers to stm32f7xx_hal_eth.o(i.HAL_ETH_Init) for HAL_ETH_Init
    main.o(i.MX_ETH_Init) refers to main.o(.bss) for .bss
    main.o(i.MX_FMC_Init) refers to memseta.o(.text) for __aeabi_memclr4
    main.o(i.MX_FMC_Init) refers to stm32f7xx_hal_sdram.o(i.HAL_SDRAM_Init) for HAL_SDRAM_Init
    main.o(i.MX_FMC_Init) refers to main.o(.bss) for .bss
    main.o(i.MX_GPIO_Init) refers to memseta.o(.text) for __aeabi_memclr4
    main.o(i.MX_GPIO_Init) refers to stm32f7xx_hal_gpio.o(i.HAL_GPIO_WritePin) for HAL_GPIO_WritePin
    main.o(i.MX_GPIO_Init) refers to stm32f7xx_hal_gpio.o(i.HAL_GPIO_Init) for HAL_GPIO_Init
    main.o(i.MX_I2C1_Init) refers to stm32f7xx_hal_i2c.o(i.HAL_I2C_Init) for HAL_I2C_Init
    main.o(i.MX_I2C1_Init) refers to stm32f7xx_hal_i2c_ex.o(i.HAL_I2CEx_ConfigAnalogFilter) for HAL_I2CEx_ConfigAnalogFilter
    main.o(i.MX_I2C1_Init) refers to stm32f7xx_hal_i2c_ex.o(i.HAL_I2CEx_ConfigDigitalFilter) for HAL_I2CEx_ConfigDigitalFilter
    main.o(i.MX_I2C1_Init) refers to main.o(.bss) for .bss
    main.o(i.MX_I2C3_Init) refers to stm32f7xx_hal_i2c.o(i.HAL_I2C_Init) for HAL_I2C_Init
    main.o(i.MX_I2C3_Init) refers to stm32f7xx_hal_i2c_ex.o(i.HAL_I2CEx_ConfigAnalogFilter) for HAL_I2CEx_ConfigAnalogFilter
    main.o(i.MX_I2C3_Init) refers to stm32f7xx_hal_i2c_ex.o(i.HAL_I2CEx_ConfigDigitalFilter) for HAL_I2CEx_ConfigDigitalFilter
    main.o(i.MX_I2C3_Init) refers to main.o(.bss) for .bss
    main.o(i.MX_LTDC_Init) refers to memseta.o(.text) for __aeabi_memclr4
    main.o(i.MX_LTDC_Init) refers to stm32f7xx_hal_ltdc.o(i.HAL_LTDC_Init) for HAL_LTDC_Init
    main.o(i.MX_LTDC_Init) refers to stm32f7xx_hal_ltdc.o(i.HAL_LTDC_ConfigLayer) for HAL_LTDC_ConfigLayer
    main.o(i.MX_LTDC_Init) refers to main.o(.bss) for .bss
    main.o(i.MX_RTC_Init) refers to memseta.o(.text) for __aeabi_memclr4
    main.o(i.MX_RTC_Init) refers to stm32f7xx_hal_rtc.o(i.HAL_RTC_Init) for HAL_RTC_Init
    main.o(i.MX_RTC_Init) refers to stm32f7xx_hal_rtc.o(i.HAL_RTC_SetTime) for HAL_RTC_SetTime
    main.o(i.MX_RTC_Init) refers to stm32f7xx_hal_rtc.o(i.HAL_RTC_SetDate) for HAL_RTC_SetDate
    main.o(i.MX_RTC_Init) refers to stm32f7xx_hal_rtc.o(i.HAL_RTC_SetAlarm) for HAL_RTC_SetAlarm
    main.o(i.MX_RTC_Init) refers to stm32f7xx_hal_rtc_ex.o(i.HAL_RTCEx_SetTimeStamp) for HAL_RTCEx_SetTimeStamp
    main.o(i.MX_RTC_Init) refers to main.o(.bss) for .bss
[...]
    i.USB_SetCurrentMode                     0x08008372   Section        0  stm32f7xx_ll_usb.o(i.USB_SetCurrentMode)
    i.USB_StopHost                           0x080083d0   Section        0  stm32f7xx_ll_usb.o(i.USB_StopHost)
    i.USB_WritePacket                        0x08008460   Section        0  stm32f7xx_ll_usb.o(i.USB_WritePacket)
    i.UsageFault_Handler                     0x08008488   Section        0  stm32f7xx_it.o(i.UsageFault_Handler)
    i.__NVIC_SetPriority                     0x0800848a   Section        0  stm32f7xx_hal_cortex.o(i.__NVIC_SetPriority)
    __NVIC_SetPriority                       0x0800848b   Thumb Code    34  stm32f7xx_hal_cortex.o(i.__NVIC_SetPriority)
    i.__scatterload_copy                     0x080084ac   Section       14  handlers.o(i.__scatterload_copy)
    i.__scatterload_null                     0x080084ba   Section        2  handlers.o(i.__scatterload_null)
    i.__scatterload_zeroinit                 0x080084bc   Section       14  handlers.o(i.__scatterload_zeroinit)
    i.free                                   0x080084cc   Section        0  malloc.o(i.free)
    i.main                                   0x0800851c   Section        0  main.o(i.main)
    i.malloc                                 0x08008618   Section        0  malloc.o(i.malloc)
    .constdata                               0x08008684   Section       20  sd_diskio.o(.constdata)
    .constdata                               0x08008698   Section       16  system_stm32f7xx.o(.constdata)
    .constdata                               0x080086a8   Section        8  system_stm32f7xx.o(.constdata)
    .conststring                             0x080086b0   Section        4  usbh_cdc.o(.conststring)
    .data                                    0x20000000   Section       12  stm32f7xx_hal_msp.o(.data)
    FMC_Initialized                          0x20000000   Data           4  stm32f7xx_hal_msp.o(.data)
    FMC_DeInitialized                        0x20000004   Data           4  stm32f7xx_hal_msp.o(.data)
    SAI2_client                              0x20000008   Data           4  stm32f7xx_hal_msp.o(.data)
    .data                                    0x2000000c   Section        1  sd_diskio.o(.data)
    Stat                                     0x2000000c   Data           1  sd_diskio.o(.data)
    .data                                    0x2000000d   Section        5  fatfs.o(.data)
    .data                                    0x20000012   Section        1  usb_host.o(.data)
    .data                                    0x20000014   Section       12  stm32f7xx_hal.o(.data)
    .data                                    0x20000020   Section        4  system_stm32f7xx.o(.data)
    .data                                    0x20000024   Section       32  usbh_cdc.o(.data)
    .data                                    0x20000044   Section        4  mvars.o(.data)
    .data                                    0x20000048   Section        4  mvars.o(.data)
    .bss                                     0x2000004c   Section     2020  main.o(.bss)
    .bss                                     0x20000830   Section       76  stm32f7xx_hal_timebase_tim.o(.bss)
    .bss                                     0x2000087c   Section      984  usb_host.o(.bss)
    .bss                                     0x20000c54   Section      772  usbh_conf.o(.bss)
    .bss                                     0x20000f58   Section       12  ff_gen_drv.o(.bss)
    HEAP                                     0x20000f68   Section      512  startup_stm32f750xx.o(HEAP)
    STACK                                    0x20001168   Section     1024  startup_stm32f750xx.o(STACK)

    Global Symbols

    Symbol Name                              Value     Ov Type        Size  Object(Section)

    BuildAttributes$$THM_ISAv4$E$P$D$K$B$S$7EM$VFPi5$EXTD16$VFPS$VFMA$PE$PLD8$A:L22UL41UL21$X:L11$S22US41US21$IEEE1$IW$USESV6$~STKCKD$USESV7$~SHL$OSPACE$EBA8$MICROLIB$REQ8$PRES8$EABIv2 0x00000000   Number         0  anon$$obj.o ABSOLUTE
    __ARM_use_no_argv                        0x00000000   Number         0  main.o ABSOLUTE
    __arm_fini_                               - Undefined Weak Reference
    __cpp_initialize__aeabi_                  - Undefined Weak Reference
    __cxa_finalize                            - Undefined Weak Reference
    __decompress                              - Undefined Weak Reference
    _clock_init                               - Undefined Weak Reference
    _microlib_exit                            - Undefined Weak Reference
    __Vectors_Size                           0x000001c8   Number         0  startup_stm32f750xx.o ABSOLUTE
    __Vectors                                0x08000000   Data           4  startup_stm32f750xx.o(RESET)
    __Vectors_End                            0x080001c8   Data           0  startup_stm32f750xx.o(RESET)
    __main                                   0x080001c9   Thumb Code     0  entry.o(.ARM.Collect$$$$00000000)
    _main_stk                                0x080001c9   Thumb Code     0  entry2.o(.ARM.Collect$$$$00000001)
    _main_scatterload                        0x080001cd   Thumb Code     0  entry5.o(.ARM.Collect$$$$00000004)
    __main_after_scatterload                 0x080001d1   Thumb Code     0  entry5.o(.ARM.Collect$$$$00000004)
    _main_clock                              0x080001d1   Thumb Code     0  entry7b.o(.ARM.Collect$$$$00000008)
    _main_cpp_init                           0x080001d1   Thumb Code     0  entry8b.o(.ARM.Collect$$$$0000000A)
    _main_init                               0x080001d1   Thumb Code     0  entry9a.o(.ARM.Collect$$$$0000000B)
    __rt_lib_shutdown_fini                   0x080001d9   Thumb Code     0  entry12b.o(.ARM.Collect$$$$0000000E)
    __rt_final_cpp                           0x080001dd   Thumb Code     0  entry10a.o(.ARM.Collect$$$$0000000F)
    __rt_final_exit                          0x080001dd   Thumb Code     0  entry11a.o(.ARM.Collect$$$$00000011)
    Reset_Handler                            0x080001e1   Thumb Code     8  startup_stm32f750xx.o(.text)
    ADC_IRQHandler                           0x080001fb   Thumb Code     0  startup_stm32f750xx.o(.text)
    CAN1_RX0_IRQHandler                      0x080001fb   Thumb Code     0  startup_stm32f750xx.o(.text)
    CAN1_RX1_IRQHandler                      0x080001fb   Thumb Code     0  startup_stm32f750xx.o(.text)
    CAN1_SCE_IRQHandler                      0x080001fb   Thumb Code     0  startup_stm32f750xx.o(.text)
    CAN1_TX_IRQHandler                       0x080001fb   Thumb Code     0  startup_stm32f750xx.o(.text)
    CAN2_RX0_IRQHandler                      0x080001fb   Thumb Code     0  startup_stm32f750xx.o(.text)
    CAN2_RX1_IRQHandler                      0x080001fb   Thumb Code     0  startup_stm32f750xx.o(.text)
    CAN2_SCE_IRQHandler                      0x080001fb   Thumb Code     0  startup_stm32f750xx.o(.text)
    CAN2_TX_IRQHandler                       0x080001fb   Thumb Code     0  startup_stm32f750xx.o(.text)
    CEC_IRQHandler                           0x080001fb   Thumb Code     0  startup_stm32f750xx.o(.text)
    CRYP_IRQHandler                          0x080001fb   Thumb Code     0  startup_stm32f750xx.o(.text)
    DCMI_IRQHandler                          0x080001fb   Thumb Code     0  startup_stm32f750xx.o(.text)
    DMA1_Stream0_IRQHandler                  0x080001fb   Thumb Code     0  startup_stm32f750xx.o(.text)
    DMA1_Stream1_IRQHandler                  0x080001fb   Thumb Code     0  startup_stm32f750xx.o(.text)
    DMA1_Stream2_IRQHandler                  0x080001fb   Thumb Code     0  startup_stm32f750xx.o(.text)
    DMA1_Stream3_IRQHandler                  0x080001fb   Thumb Code     0  startup_stm32f750xx.o(.text)
    DMA1_Stream4_IRQHandler                  0x080001fb   Thumb Code     0  startup_stm32f750xx.o(.text)
    DMA1_Stream5_IRQHandler                  0x080001fb   Thumb Code     0  startup_stm32f750xx.o(.text)
    DMA1_Stream6_IRQHandler                  0x080001fb   Thumb Code     0  startup_stm32f750xx.o(.text)
    DMA1_Stream7_IRQHandler                  0x080001fb   Thumb Code     0  startup_stm32f750xx.o(.text)
    DMA2_Stream0_IRQHandler                  0x080001fb   Thumb Code     0  startup_stm32f750xx.o(.text)
    DMA2_Stream1_IRQHandler                  0x080001fb   Thumb Code     0  startup_stm32f750xx.o(.text)
    DMA2_Stream2_IRQHandler                  0x080001fb   Thumb Code     0  startup_stm32f750xx.o(.text)
    DMA2_Stream3_IRQHandler                  0x080001fb   Thumb Code     0  startup_stm32f750xx.o(.text)
    DMA2_Stream4_IRQHandler                  0x080001fb   Thumb Code     0  startup_stm32f750xx.o(.text)
    DMA2_Stream5_IRQHandler                  0x080001fb   Thumb Code     0  startup_stm32f750xx.o(.text)
    DMA2_Stream6_IRQHandler                  0x080001fb   Thumb Code     0  startup_stm32f750xx.o(.text)
    DMA2_Stream7_IRQHandler                  0x080001fb   Thumb Code     0  startup_stm32f750xx.o(.text)
    ETH_IRQHandler                           0x080001fb   Thumb Code     0  startup_stm32f750xx.o(.text)
    ETH_WKUP_IRQHandler                      0x080001fb   Thumb Code     0  startup_stm32f750xx.o(.text)
    EXTI0_IRQHandler                         0x080001fb   Thumb Code     0  startup_stm32f750xx.o(.text)
    EXTI15_10_IRQHandler                     0x080001fb   Thumb Code     0  startup_stm32f750xx.o(.text)
    EXTI1_IRQHandler                         0x080001fb   Thumb Code     0  startup_stm32f750xx.o(.text)
    EXTI2_IRQHandler                         0x080001fb   Thumb Code     0  startup_stm32f750xx.o(.text)
    EXTI3_IRQHandler                         0x080001fb   Thumb Code     0  startup_stm32f750xx.o(.text)
    EXTI4_IRQHandler                         0x080001fb   Thumb Code     0  startup_stm32f750xx.o(.text)
    EXTI9_5_IRQHandler                       0x080001fb   Thumb Code     0  startup_stm32f750xx.o(.text)
    FLASH_IRQHandler                         0x080001fb   Thumb Code     0  startup_stm32f750xx.o(.text)
    FMC_IRQHandler                           0x080001fb   Thumb Code     0  startup_stm32f750xx.o(.text)
    FPU_IRQHandler                           0x080001fb   Thumb Code     0  startup_stm32f750xx.o(.text)
    HASH_RNG_IRQHandler                      0x080001fb   Thumb Code     0  startup_stm32f750xx.o(.text)
    I2C1_ER_IRQHandler                       0x080001fb   Thumb Code     0  startup_stm32f750xx.o(.text)
    I2C1_EV_IRQHandler                       0x080001fb   Thumb Code     0  startup_stm32f750xx.o(.text)
    I2C2_ER_IRQHandler                       0x080001fb   Thumb Code     0  startup_stm32f750xx.o(.text)
    I2C2_EV_IRQHandler                       0x080001fb   Thumb Code     0  startup_stm32f750xx.o(.text)
    I2C3_ER_IRQHandler                       0x080001fb   Thumb Code     0  startup_stm32f750xx.o(.text)
    I2C3_EV_IRQHandler                       0x080001fb   Thumb Code     0  startup_stm32f750xx.o(.text)
    I2C4_ER_IRQHandler                       0x080001fb   Thumb Code     0  startup_stm32f750xx.o(.text)
    I2C4_EV_IRQHandler                       0x080001fb   Thumb Code     0  startup_stm32f750xx.o(.text)
    LPTIM1_IRQHandler                        0x080001fb   Thumb Code     0  startup_stm32f750xx.o(.text)
    LTDC_ER_IRQHandler                       0x080001fb   Thumb Code     0  startup_stm32f750xx.o(.text)
    OTG_FS_WKUP_IRQHandler                   0x080001fb   Thumb Code     0  startup_stm32f750xx.o(.text)
    OTG_HS_EP1_IN_IRQHandler                 0x080001fb   Thumb Code     0  startup_stm32f750xx.o(.text)
    OTG_HS_EP1_OUT_IRQHandler                0x080001fb   Thumb Code     0  startup_stm32f750xx.o(.text)
    OTG_HS_IRQHandler                        0x080001fb   Thumb Code     0  startup_stm32f750xx.o(.text)
    OTG_HS_WKUP_IRQHandler                   0x080001fb   Thumb Code     0  startup_stm32f750xx.o(.text)
    PVD_IRQHandler                           0x080001fb   Thumb Code     0  startup_stm32f750xx.o(.text)
    QUADSPI_IRQHandler                       0x080001fb   Thumb Code     0  startup_stm32f750xx.o(.text)
    RCC_IRQHandler                           0x080001fb   Thumb Code     0  startup_stm32f750xx.o(.text)
    RTC_Alarm_IRQHandler                     0x080001fb   Thumb Code     0  startup_stm32f750xx.o(.text)
    RTC_WKUP_IRQHandler                      0x080001fb   Thumb Code     0  startup_stm32f750xx.o(.text)
    SAI1_IRQHandler                          0x080001fb   Thumb Code     0  startup_stm32f750xx.o(.text)
    SAI2_IRQHandler                          0x080001fb   Thumb Code     0  startup_stm32f750xx.o(.text)
    SDMMC1_IRQHandler                        0x080001fb   Thumb Code     0  startup_stm32f750xx.o(.text)
    SPDIF_RX_IRQHandler                      0x080001fb   Thumb Code     0  startup_stm32f750xx.o(.text)
    SPI1_IRQHandler                          0x080001fb   Thumb Code     0  startup_stm32f750xx.o(.text)
    SPI2_IRQHandler                          0x080001fb   Thumb Code     0  startup_stm32f750xx.o(.text)
    SPI3_IRQHandler                          0x080001fb   Thumb Code     0  startup_stm32f750xx.o(.text)
    SPI4_IRQHandler                          0x080001fb   Thumb Code     0  startup_stm32f750xx.o(.text)
    SPI5_IRQHandler                          0x080001fb   Thumb Code     0  startup_stm32f750xx.o(.text)
    SPI6_IRQHandler                          0x080001fb   Thumb Code     0  startup_stm32f750xx.o(.text)
    TAMP_STAMP_IRQHandler                    0x080001fb   Thumb Code     0  startup_stm32f750xx.o(.text)
    TIM1_BRK_TIM9_IRQHandler                 0x080001fb   Thumb Code     0  startup_stm32f750xx.o(.text)
    TIM1_CC_IRQHandler                       0x080001fb   Thumb Code     0  startup_stm32f750xx.o(.text)
    TIM1_TRG_COM_TIM11_IRQHandler            0x080001fb   Thumb Code     0  startup_stm32f750xx.o(.text)
    TIM1_UP_TIM10_IRQHandler                 0x080001fb   Thumb Code     0  startup_stm32f750xx.o(.text)
    TIM2_IRQHandler                          0x080001fb   Thumb Code     0  startup_stm32f750xx.o(.text)
    TIM3_IRQHandler                          0x080001fb   Thumb Code     0  startup_stm32f750xx.o(.text)
    TIM4_IRQHandler                          0x080001fb   Thumb Code     0  startup_stm32f750xx.o(.text)
    TIM5_IRQHandler                          0x080001fb   Thumb Code     0  startup_stm32f750xx.o(.text)
    TIM7_IRQHandler                          0x080001fb   Thumb Code     0  startup_stm32f750xx.o(.text)
    TIM8_BRK_TIM12_IRQHandler                0x080001fb   Thumb Code     0  startup_stm32f750xx.o(.text)
    TIM8_CC_IRQHandler                       0x080001fb   Thumb Code     0  startup_stm32f750xx.o(.text)
    TIM8_TRG_COM_TIM14_IRQHandler            0x080001fb   Thumb Code     0  startup_stm32f750xx.o(.text)
    TIM8_UP_TIM13_IRQHandler                 0x080001fb   Thumb Code     0  startup_stm32f750xx.o(.text)
    UART4_IRQHandler                         0x080001fb   Thumb Code     0  startup_stm32f750xx.o(.text)
    UART5_IRQHandler                         0x080001fb   Thumb Code     0  startup_stm32f750xx.o(.text)
    UART7_IRQHandler                         0x080001fb   Thumb Code     0  startup_stm32f750xx.o(.text)
    UART8_IRQHandler                         0x080001fb   Thumb Code     0  startup_stm32f750xx.o(.text)
    USART1_IRQHandler                        0x080001fb   Thumb Code     0  startup_stm32f750xx.o(.text)
    USART2_IRQHandler                        0x080001fb   Thumb Code     0  startup_stm32f750xx.o(.text)
    USART3_IRQHandler                        0x080001fb   Thumb Code     0  startup_stm32f750xx.o(.text)
    USART6_IRQHandler                        0x080001fb   Thumb Code     0  startup_stm32f750xx.o(.text)
    WWDG_IRQHandler                          0x080001fb   Thumb Code     0  startup_stm32f750xx.o(.text)
    __aeabi_uldivmod                         0x08000205   Thumb Code    98  uldiv.o(.text)
    __aeabi_memcpy                           0x08000267   Thumb Code    36  memcpya.o(.text)
    __aeabi_memcpy4                          0x08000267   Thumb Code     0  memcpya.o(.text)
    __aeabi_memcpy8                          0x08000267   Thumb Code     0  memcpya.o(.text)
    __aeabi_memset                           0x0800028b   Thumb Code    14  memseta.o(.text)
    __aeabi_memset4                          0x0800028b   Thumb Code     0  memseta.o(.text)
    __aeabi_memset8                          0x0800028b   Thumb Code     0  memseta.o(.text)
    __aeabi_memclr                           0x08000299   Thumb Code     4  memseta.o(.text)
    __aeabi_memclr4                          0x08000299   Thumb Code     0  memseta.o(.text)
    __aeabi_memclr8                          0x08000299   Thumb Code     0  memseta.o(.text)
    _memset$wrapper                          0x0800029d   Thumb Code    18  memseta.o(.text)
    __aeabi_llsl                             0x080002af   Thumb Code    30  llshl.o(.text)
    _ll_shift_l                              0x080002af   Thumb Code     0  llshl.o(.text)
    __aeabi_llsr                             0x080002cd   Thumb Code    32  llushr.o(.text)
    _ll_ushift_r                             0x080002cd   Thumb Code     0  llushr.o(.text)
    __scatterload                            0x080002ed   Thumb Code    28  init.o(.text)
    __scatterload_rt2                        0x080002ed   Thumb Code     0  init.o(.text)
    BSP_PlatformIsDetected                   0x08000449   Thumb Code    20  fatfs_platform.o(i.BSP_PlatformIsDetected)
    BSP_SD_GetCardInfo                       0x08000461   Thumb Code     8  bsp_driver_sd.o(i.BSP_SD_GetCardInfo)
    BSP_SD_GetCardState                      0x0800046d   Thumb Code    20  bsp_driver_sd.o(i.BSP_SD_GetCardState)
    BSP_SD_Init                              0x08000485   Thumb Code    42  bsp_driver_sd.o(i.BSP_SD_Init)
    BSP_SD_IsDetected                        0x080004b5   Thumb Code    26  bsp_driver_sd.o(i.BSP_SD_IsDetected)
    BSP_SD_ReadBlocks                        0x080004d1   Thumb Code    26  bsp_driver_sd.o(i.BSP_SD_ReadBlocks)
    BSP_SD_WriteBlocks                       0x080004f1   Thumb Code    26  bsp_driver_sd.o(i.BSP_SD_WriteBlocks)
    BusFault_Handler                         0x08000511   Thumb Code     2  stm32f7xx_it.o(i.BusFault_Handler)
    DMA2D_IRQHandler                         0x080005f1   Thumb Code     6  stm32f7xx_it.o(i.DMA2D_IRQHandler)
    DebugMon_Handler                         0x0800064d   Thumb Code     2  stm32f7xx_it.o(i.DebugMon_Handler)
    Error_Handler                            0x08000781   Thumb Code     2  main.o(i.Error_Handler)
    FATFS_LinkDriver                         0x08000783   Thumb Code     6  ff_gen_drv.o(i.FATFS_LinkDriver)
    FATFS_LinkDriverEx                       0x08000789   Thumb Code    58  ff_gen_drv.o(i.FATFS_LinkDriverEx)
    FMC_SDRAM_Init                           0x080007c9   Thumb Code   106  stm32f7xx_ll_fmc.o(i.FMC_SDRAM_Init)
    FMC_SDRAM_Timing_Init                    0x08000835   Thumb Code   164  stm32f7xx_ll_fmc.o(i.FMC_SDRAM_Timing_Init)
    HAL_ADC_ConfigChannel                    0x08000901   Thumb Code   432  stm32f7xx_hal_adc.o(i.HAL_ADC_ConfigChannel)
    HAL_ADC_Init                             0x08000ac1   Thumb Code    84  stm32f7xx_hal_adc.o(i.HAL_ADC_Init)
    HAL_ADC_MspInit                          0x08000b15   Thumb Code   118  stm32f7xx_hal_msp.o(i.HAL_ADC_MspInit)
    HAL_CRCEx_Polynomial_Set                 0x08000b9d   Thumb Code    78  stm32f7xx_hal_crc_ex.o(i.HAL_CRCEx_Polynomial_Set)
    HAL_CRC_Init                             0x08000bed   Thumb Code   114  stm32f7xx_hal_crc.o(i.HAL_CRC_Init)
    HAL_CRC_MspInit                          0x08000c65   Thumb Code    30  stm32f7xx_hal_msp.o(i.HAL_CRC_MspInit)
    HAL_DCMI_Init                            0x08000c8d   Thumb Code   158  stm32f7xx_hal_dcmi.o(i.HAL_DCMI_Init)
    HAL_DCMI_MspInit                         0x08000d31   Thumb Code   236  stm32f7xx_hal_msp.o(i.HAL_DCMI_MspInit)
    HAL_DMA2D_CLUTLoadingCpltCallback        0x08000e39   Thumb Code     2  stm32f7xx_hal_dma2d.o(i.HAL_DMA2D_CLUTLoadingCpltCallback)
    HAL_DMA2D_ConfigLayer                    0x08000e3d   Thumb Code   156  stm32f7xx_hal_dma2d.o(i.HAL_DMA2D_ConfigLayer)
    HAL_DMA2D_IRQHandler                     0x08000edd   Thumb Code   284  stm32f7xx_hal_dma2d.o(i.HAL_DMA2D_IRQHandler)
    HAL_DMA2D_Init                           0x08000ff9   Thumb Code    90  stm32f7xx_hal_dma2d.o(i.HAL_DMA2D_Init)
    HAL_DMA2D_LineEventCallback              0x08001053   Thumb Code     2  stm32f7xx_hal_dma2d.o(i.HAL_DMA2D_LineEventCallback)
    HAL_DMA2D_MspInit                        0x08001055   Thumb Code    50  stm32f7xx_hal_msp.o(i.HAL_DMA2D_MspInit)
    HAL_Delay                                0x08001091   Thumb Code    32  stm32f7xx_hal.o(i.HAL_Delay)
    HAL_ETH_Init                             0x080010b5   Thumb Code   456  stm32f7xx_hal_eth.o(i.HAL_ETH_Init)
    HAL_ETH_MspInit                          0x080012a5   Thumb Code   176  stm32f7xx_hal_msp.o(i.HAL_ETH_MspInit)
    HAL_ETH_ReadPHYRegister                  0x08001369   Thumb Code   134  stm32f7xx_hal_eth.o(i.HAL_ETH_ReadPHYRegister)
    HAL_ETH_WritePHYRegister                 0x080013f1   Thumb Code   122  stm32f7xx_hal_eth.o(i.HAL_ETH_WritePHYRegister)
    HAL_GPIO_Init                            0x08001521   Thumb Code   530  stm32f7xx_hal_gpio.o(i.HAL_GPIO_Init)
    HAL_GPIO_ReadPin                         0x08001769   Thumb Code    10  stm32f7xx_hal_gpio.o(i.HAL_GPIO_ReadPin)
    HAL_GPIO_WritePin                        0x08001773   Thumb Code    10  stm32f7xx_hal_gpio.o(i.HAL_GPIO_WritePin)
    HAL_GetTick                              0x0800177d   Thumb Code     6  stm32f7xx_hal.o(i.HAL_GetTick)
    HAL_HCD_Connect_Callback                 0x08001789   Thumb Code     8  usbh_conf.o(i.HAL_HCD_Connect_Callback)
    HAL_HCD_Disconnect_Callback              0x08001791   Thumb Code     8  usbh_conf.o(i.HAL_HCD_Disconnect_Callback)
    HAL_HCD_GetCurrentFrame                  0x08001799   Thumb Code     6  stm32f7xx_hal_hcd.o(i.HAL_HCD_GetCurrentFrame)
    HAL_HCD_GetCurrentSpeed                  0x0800179f   Thumb Code     6  stm32f7xx_hal_hcd.o(i.HAL_HCD_GetCurrentSpeed)
    HAL_HCD_HC_GetURBState                   0x080017a5   Thumb Code    18  stm32f7xx_hal_hcd.o(i.HAL_HCD_HC_GetURBState)
    HAL_HCD_HC_GetXferCount                  0x080017b7   Thumb Code    16  stm32f7xx_hal_hcd.o(i.HAL_HCD_HC_GetXferCount)
    HAL_HCD_HC_Halt                          0x080017c7   Thumb Code    36  stm32f7xx_hal_hcd.o(i.HAL_HCD_HC_Halt)
    HAL_HCD_HC_Init                          0x080017eb   Thumb Code   122  stm32f7xx_hal_hcd.o(i.HAL_HCD_HC_Init)
    HAL_HCD_HC_NotifyURBChange_Callback      0x08001865   Thumb Code     2  usbh_conf.o(i.HAL_HCD_HC_NotifyURBChange_Callback)
    HAL_HCD_HC_SubmitRequest                 0x08001869   Thumb Code   160  stm32f7xx_hal_hcd.o(i.HAL_HCD_HC_SubmitRequest)
    HAL_HCD_IRQHandler                       0x08001909   Thumb Code   314  stm32f7xx_hal_hcd.o(i.HAL_HCD_IRQHandler)
    HAL_HCD_Init                             0x08001a43   Thumb Code   114  stm32f7xx_hal_hcd.o(i.HAL_HCD_Init)
    HAL_HCD_MspInit                          0x08001ab5   Thumb Code   124  usbh_conf.o(i.HAL_HCD_MspInit)
    HAL_HCD_PortDisabled_Callback            0x08001b39   Thumb Code     8  usbh_conf.o(i.HAL_HCD_PortDisabled_Callback)
    HAL_HCD_PortEnabled_Callback             0x08001b41   Thumb Code     8  usbh_conf.o(i.HAL_HCD_PortEnabled_Callback)
    HAL_HCD_ResetPort                        0x08001b49   Thumb Code     6  stm32f7xx_hal_hcd.o(i.HAL_HCD_ResetPort)
    HAL_HCD_SOF_Callback                     0x08001b4f   Thumb Code     8  usbh_conf.o(i.HAL_HCD_SOF_Callback)
    HAL_HCD_Start                            0x08001b57   Thumb Code    44  stm32f7xx_hal_hcd.o(i.HAL_HCD_Start)
    HAL_HCD_Stop                             0x08001b83   Thumb Code    36  stm32f7xx_hal_hcd.o(i.HAL_HCD_Stop)
    HAL_I2CEx_ConfigAnalogFilter             0x08001ba7   Thumb Code    88  stm32f7xx_hal_i2c_ex.o(i.HAL_I2CEx_ConfigAnalogFilter)
    HAL_I2CEx_ConfigDigitalFilter            0x08001bff   Thumb Code    84  stm32f7xx_hal_i2c_ex.o(i.HAL_I2CEx_ConfigDigitalFilter)
    HAL_I2C_Init                             0x08001c55   Thumb Code   180  stm32f7xx_hal_i2c.o(i.HAL_I2C_Init)
    HAL_I2C_MspInit                          0x08001d0d   Thumb Code   156  stm32f7xx_hal_msp.o(i.HAL_I2C_MspInit)
    HAL_IncTick                              0x08001dbd   Thumb Code    12  stm32f7xx_hal.o(i.HAL_IncTick)
    HAL_Init                                 0x08001dcd   Thumb Code    22  stm32f7xx_hal.o(i.HAL_Init)
    HAL_InitTick                             0x08001de5   Thumb Code   100  stm32f7xx_hal_timebase_tim.o(i.HAL_InitTick)
    HAL_LTDC_ConfigLayer                     0x08001e59   Thumb Code    82  stm32f7xx_hal_ltdc.o(i.HAL_LTDC_ConfigLayer)
    HAL_LTDC_ErrorCallback                   0x08001eab   Thumb Code     2  stm32f7xx_hal_ltdc.o(i.HAL_LTDC_ErrorCallback)
    HAL_LTDC_IRQHandler                      0x08001ead   Thumb Code   200  stm32f7xx_hal_ltdc.o(i.HAL_LTDC_IRQHandler)
    HAL_LTDC_Init                            0x08001f75   Thumb Code   242  stm32f7xx_hal_ltdc.o(i.HAL_LTDC_Init)
    HAL_LTDC_LineEventCallback               0x0800206d   Thumb Code     2  stm32f7xx_hal_ltdc.o(i.HAL_LTDC_LineEventCallback)
    HAL_LTDC_MspInit                         0x08002071   Thumb Code   256  stm32f7xx_hal_msp.o(i.HAL_LTDC_MspInit)
    HAL_LTDC_ReloadEventCallback             0x0800218d   Thumb Code     2  stm32f7xx_hal_ltdc.o(i.HAL_LTDC_ReloadEventCallback)
    HAL_MspInit                              0x08002191   Thumb Code    52  stm32f7xx_hal_msp.o(i.HAL_MspInit)
    HAL_NVIC_EnableIRQ                       0x080021c9   Thumb Code    26  stm32f7xx_hal_cortex.o(i.HAL_NVIC_EnableIRQ)
    HAL_NVIC_SetPriority                     0x080021e5   Thumb Code    60  stm32f7xx_hal_cortex.o(i.HAL_NVIC_SetPriority)
    HAL_NVIC_SetPriorityGrouping             0x08002225   Thumb Code    28  stm32f7xx_hal_cortex.o(i.HAL_NVIC_SetPriorityGrouping)
    HAL_PWREx_EnableOverDrive                0x08002249   Thumb Code   100  stm32f7xx_hal_pwr_ex.o(i.HAL_PWREx_EnableOverDrive)
    HAL_PWR_EnableBkUpAccess                 0x080022b5   Thumb Code    12  stm32f7xx_hal_pwr.o(i.HAL_PWR_EnableBkUpAccess)
    HAL_QSPI_Init                            0x080022c5   Thumb Code   166  stm32f7xx_hal_qspi.o(i.HAL_QSPI_Init)
    HAL_QSPI_MspInit                         0x08002375   Thumb Code   190  stm32f7xx_hal_msp.o(i.HAL_QSPI_MspInit)
    HAL_RCCEx_GetPeriphCLKFreq               0x08002449   Thumb Code   268  stm32f7xx_hal_rcc_ex.o(i.HAL_RCCEx_GetPeriphCLKFreq)
    HAL_RCCEx_PeriphCLKConfig                0x08002569   Thumb Code  1276  stm32f7xx_hal_rcc_ex.o(i.HAL_RCCEx_PeriphCLKConfig)
    HAL_RCC_ClockConfig                      0x08002a65   Thumb Code   284  stm32f7xx_hal_rcc.o(i.HAL_RCC_ClockConfig)
    HAL_RCC_GetClockConfig                   0x08002b95   Thumb Code    56  stm32f7xx_hal_rcc.o(i.HAL_RCC_GetClockConfig)
    HAL_RCC_GetHCLKFreq                      0x08002bd5   Thumb Code     6  stm32f7xx_hal_rcc.o(i.HAL_RCC_GetHCLKFreq)
    HAL_RCC_GetPCLK1Freq                     0x08002be1   Thumb Code    20  stm32f7xx_hal_rcc.o(i.HAL_RCC_GetPCLK1Freq)
    HAL_RCC_GetPCLK2Freq                     0x08002c01   Thumb Code    20  stm32f7xx_hal_rcc.o(i.HAL_RCC_GetPCLK2Freq)
    HAL_RCC_GetSysClockFreq                  0x08002c21   Thumb Code    88  stm32f7xx_hal_rcc.o(i.HAL_RCC_GetSysClockFreq)
    HAL_RCC_OscConfig                        0x08002c85   Thumb Code   888  stm32f7xx_hal_rcc.o(i.HAL_RCC_OscConfig)
    HAL_RTCEx_SetTimeStamp                   0x08003009   Thumb Code    90  stm32f7xx_hal_rtc_ex.o(i.HAL_RTCEx_SetTimeStamp)
    HAL_RTC_Init                             0x08003065   Thumb Code   174  stm32f7xx_hal_rtc.o(i.HAL_RTC_Init)
    HAL_RTC_MspInit                          0x08003119   Thumb Code    20  stm32f7xx_hal_msp.o(i.HAL_RTC_MspInit)
    HAL_RTC_SetAlarm                         0x08003135   Thumb Code   362  stm32f7xx_hal_rtc.o(i.HAL_RTC_SetAlarm)
    HAL_RTC_SetDate                          0x080032a1   Thumb Code   198  stm32f7xx_hal_rtc.o(i.HAL_RTC_SetDate)
    HAL_RTC_SetTime                          0x0800336d   Thumb Code   232  stm32f7xx_hal_rtc.o(i.HAL_RTC_SetTime)
    HAL_RTC_WaitForSynchro                   0x08003459   Thumb Code    54  stm32f7xx_hal_rtc.o(i.HAL_RTC_WaitForSynchro)
    HAL_SAI_Init                             0x08003491   Thumb Code   482  stm32f7xx_hal_sai.o(i.HAL_SAI_Init)
    HAL_SAI_MspInit                          0x08003685   Thumb Code   136  stm32f7xx_hal_msp.o(i.HAL_SAI_MspInit)
    HAL_SDRAM_Init                           0x08003721   Thumb Code    66  stm32f7xx_hal_sdram.o(i.HAL_SDRAM_Init)
    HAL_SDRAM_MspInit                        0x08003763   Thumb Code     4  stm32f7xx_hal_msp.o(i.HAL_SDRAM_MspInit)
    HAL_SD_ConfigWideBusOperation            0x08003769   Thumb Code   278  stm32f7xx_hal_sd.o(i.HAL_SD_ConfigWideBusOperation)
    HAL_SD_GetCardCSD                        0x08003885   Thumb Code   440  stm32f7xx_hal_sd.o(i.HAL_SD_GetCardCSD)
    HAL_SD_GetCardInfo                       0x08003a41   Thumb Code    36  stm32f7xx_hal_sd.o(i.HAL_SD_GetCardInfo)
    HAL_SD_GetCardState                      0x08003a65   Thumb Code    44  stm32f7xx_hal_sd.o(i.HAL_SD_GetCardState)
    HAL_SD_Init                              0x08003a91   Thumb Code    54  stm32f7xx_hal_sd.o(i.HAL_SD_Init)
    HAL_SD_InitCard                          0x08003ac9   Thumb Code   128  stm32f7xx_hal_sd.o(i.HAL_SD_InitCard)
    HAL_SD_MspInit                           0x08003b4d   Thumb Code   118  stm32f7xx_hal_msp.o(i.HAL_SD_MspInit)
    HAL_SD_ReadBlocks                        0x08003bd5   Thumb Code   504  stm32f7xx_hal_sd.o(i.HAL_SD_ReadBlocks)
    HAL_SD_WriteBlocks                       0x08003dd1   Thumb Code   446  stm32f7xx_hal_sd.o(i.HAL_SD_WriteBlocks)
    HAL_SPDIFRX_Init                         0x08003f95   Thumb Code   112  stm32f7xx_hal_spdifrx.o(i.HAL_SPDIFRX_Init)
    HAL_SPDIFRX_MspInit                      0x08004009   Thumb Code    90  stm32f7xx_hal_msp.o(i.HAL_SPDIFRX_MspInit)
    HAL_SPI_Init                             0x0800406d   Thumb Code   242  stm32f7xx_hal_spi.o(i.HAL_SPI_Init)
    HAL_SPI_MspInit                          0x08004161   Thumb Code   126  stm32f7xx_hal_msp.o(i.HAL_SPI_MspInit)
    HAL_TIMEx_Break2Callback                 0x080041f1   Thumb Code     2  stm32f7xx_hal_tim_ex.o(i.HAL_TIMEx_Break2Callback)
    HAL_TIMEx_BreakCallback                  0x080041f3   Thumb Code     2  stm32f7xx_hal_tim_ex.o(i.HAL_TIMEx_BreakCallback)
    HAL_TIMEx_CommutCallback                 0x080041f5   Thumb Code     2  stm32f7xx_hal_tim_ex.o(i.HAL_TIMEx_CommutCallback)
    HAL_TIMEx_ConfigBreakDeadTime            0x080041f9   Thumb Code   150  stm32f7xx_hal_tim_ex.o(i.HAL_TIMEx_ConfigBreakDeadTime)
    HAL_TIMEx_MasterConfigSynchronization    0x08004299   Thumb Code   134  stm32f7xx_hal_tim_ex.o(i.HAL_TIMEx_MasterConfigSynchronization)
    HAL_TIM_Base_Init                        0x0800433d   Thumb Code    98  stm32f7xx_hal_tim.o(i.HAL_TIM_Base_Init)
    HAL_TIM_Base_MspInit                     0x080043a1   Thumb Code   112  stm32f7xx_hal_msp.o(i.HAL_TIM_Base_MspInit)
    HAL_TIM_Base_Start_IT                    0x08004429   Thumb Code   106  stm32f7xx_hal_tim.o(i.HAL_TIM_Base_Start_IT)
    HAL_TIM_ConfigClockSource                0x080044b5   Thumb Code   220  stm32f7xx_hal_tim.o(i.HAL_TIM_ConfigClockSource)
    HAL_TIM_IC_CaptureCallback               0x08004595   Thumb Code     2  stm32f7xx_hal_tim.o(i.HAL_TIM_IC_CaptureCallback)
    HAL_TIM_IRQHandler                       0x08004597   Thumb Code   386  stm32f7xx_hal_tim.o(i.HAL_TIM_IRQHandler)
    HAL_TIM_MspPostInit                      0x08004719   Thumb Code    72  stm32f7xx_hal_msp.o(i.HAL_TIM_MspPostInit)
    HAL_TIM_OC_DelayElapsedCallback          0x0800476d   Thumb Code     2  stm32f7xx_hal_tim.o(i.HAL_TIM_OC_DelayElapsedCallback)
    HAL_TIM_PWM_ConfigChannel                0x0800476f   Thumb Code   292  stm32f7xx_hal_tim.o(i.HAL_TIM_PWM_ConfigChannel)
    HAL_TIM_PWM_Init                         0x08004893   Thumb Code    98  stm32f7xx_hal_tim.o(i.HAL_TIM_PWM_Init)
    HAL_TIM_PWM_MspInit                      0x080048f5   Thumb Code     2  stm32f7xx_hal_tim.o(i.HAL_TIM_PWM_MspInit)
    HAL_TIM_PWM_PulseFinishedCallback        0x080048f7   Thumb Code     2  stm32f7xx_hal_tim.o(i.HAL_TIM_PWM_PulseFinishedCallback)
    HAL_TIM_PeriodElapsedCallback            0x080048f9   Thumb Code    14  main.o(i.HAL_TIM_PeriodElapsedCallback)
    HAL_TIM_TriggerCallback                  0x0800490d   Thumb Code     2  stm32f7xx_hal_tim.o(i.HAL_TIM_TriggerCallback)
    HAL_UART_Init                            0x0800490f   Thumb Code   102  stm32f7xx_hal_uart.o(i.HAL_UART_Init)
    HAL_UART_MspInit                         0x08004975   Thumb Code   186  stm32f7xx_hal_msp.o(i.HAL_UART_MspInit)
    HardFault_Handler                        0x08004f69   Thumb Code     2  stm32f7xx_it.o(i.HardFault_Handler)
    KEY_PRESS                                0x08004f6d   Thumb Code   124  main.o(i.KEY_PRESS)
    LTDC_IRQHandler                          0x08004ff1   Thumb Code     6  stm32f7xx_it.o(i.LTDC_IRQHandler)
    MX_DriverVbusFS                          0x08005251   Thumb Code    16  usbh_platform.o(i.MX_DriverVbusFS)
    MX_FATFS_Init                            0x080052a9   Thumb Code    18  fatfs.o(i.MX_FATFS_Init)
    MX_USB_HOST_Init                         0x08005b09   Thumb Code    52  usb_host.o(i.MX_USB_HOST_Init)
    MX_USB_HOST_Process                      0x08005b49   Thumb Code     6  usb_host.o(i.MX_USB_HOST_Process)
    MemManage_Handler                        0x08005b55   Thumb Code     2  stm32f7xx_it.o(i.MemManage_Handler)
    NMI_Handler                              0x08005b57   Thumb Code     2  stm32f7xx_it.o(i.NMI_Handler)
    OTG_FS_IRQHandler                        0x08005b59   Thumb Code     6  stm32f7xx_it.o(i.OTG_FS_IRQHandler)
    PendSV_Handler                           0x08005b65   Thumb Code     2  stm32f7xx_it.o(i.PendSV_Handler)
    RTC_ByteToBcd2                           0x08005baf   Thumb Code    22  stm32f7xx_hal_rtc.o(i.RTC_ByteToBcd2)
    RTC_EnterInitMode                        0x08005bc5   Thumb Code    58  stm32f7xx_hal_rtc.o(i.RTC_EnterInitMode)
    SDMMC_CmdAppCommand                      0x08005c41   Thumb Code    50  stm32f7xx_ll_sdmmc.o(i.SDMMC_CmdAppCommand)
    SDMMC_CmdAppOperCommand                  0x08005c75   Thumb Code    48  stm32f7xx_ll_sdmmc.o(i.SDMMC_CmdAppOperCommand)
    SDMMC_CmdBlockLength                     0x08005ca9   Thumb Code    50  stm32f7xx_ll_sdmmc.o(i.SDMMC_CmdBlockLength)
    SDMMC_CmdBusWidth                        0x08005cdb   Thumb Code    50  stm32f7xx_ll_sdmmc.o(i.SDMMC_CmdBusWidth)
    SDMMC_CmdGoIdleState                     0x08005d0d   Thumb Code    74  stm32f7xx_ll_sdmmc.o(i.SDMMC_CmdGoIdleState)
    SDMMC_CmdOperCond                        0x08005d5d   Thumb Code    40  stm32f7xx_ll_sdmmc.o(i.SDMMC_CmdOperCond)
    SDMMC_CmdReadMultiBlock                  0x08005d85   Thumb Code    50  stm32f7xx_ll_sdmmc.o(i.SDMMC_CmdReadMultiBlock)
    SDMMC_CmdReadSingleBlock                 0x08005db7   Thumb Code    50  stm32f7xx_ll_sdmmc.o(i.SDMMC_CmdReadSingleBlock)
    SDMMC_CmdSelDesel                        0x08005de9   Thumb Code    48  stm32f7xx_ll_sdmmc.o(i.SDMMC_CmdSelDesel)
    SDMMC_CmdSendCID                         0x08005e19   Thumb Code    42  stm32f7xx_ll_sdmmc.o(i.SDMMC_CmdSendCID)
    SDMMC_CmdSendCSD                         0x08005e43   Thumb Code    46  stm32f7xx_ll_sdmmc.o(i.SDMMC_CmdSendCSD)
    SDMMC_CmdSendSCR                         0x08005e71   Thumb Code    48  stm32f7xx_ll_sdmmc.o(i.SDMMC_CmdSendSCR)
    SDMMC_CmdSendStatus                      0x08005ea1   Thumb Code    50  stm32f7xx_ll_sdmmc.o(i.SDMMC_CmdSendStatus)
    SDMMC_CmdSetRelAdd                       0x08005ed3   Thumb Code    48  stm32f7xx_ll_sdmmc.o(i.SDMMC_CmdSetRelAdd)
    SDMMC_CmdStopTransfer                    0x08005f05   Thumb Code    46  stm32f7xx_ll_sdmmc.o(i.SDMMC_CmdStopTransfer)
    SDMMC_CmdWriteMultiBlock                 0x08005f39   Thumb Code    50  stm32f7xx_ll_sdmmc.o(i.SDMMC_CmdWriteMultiBlock)
    SDMMC_CmdWriteSingleBlock                0x08005f6b   Thumb Code    50  stm32f7xx_ll_sdmmc.o(i.SDMMC_CmdWriteSingleBlock)
    SDMMC_ConfigData                         0x08005f9d   Thumb Code    38  stm32f7xx_ll_sdmmc.o(i.SDMMC_ConfigData)
    SDMMC_GetCmdResp1                        0x08005fc5   Thumb Code   278  stm32f7xx_ll_sdmmc.o(i.SDMMC_GetCmdResp1)
    SDMMC_GetCmdResp2                        0x080060e5   Thumb Code    76  stm32f7xx_ll_sdmmc.o(i.SDMMC_GetCmdResp2)
    SDMMC_GetCmdResp3                        0x08006135   Thumb Code    62  stm32f7xx_ll_sdmmc.o(i.SDMMC_GetCmdResp3)
    SDMMC_GetCmdResp6                        0x08006179   Thumb Code   130  stm32f7xx_ll_sdmmc.o(i.SDMMC_GetCmdResp6)
    SDMMC_GetCmdResp7                        0x08006201   Thumb Code    82  stm32f7xx_ll_sdmmc.o(i.SDMMC_GetCmdResp7)
    SDMMC_GetPowerState                      0x08006259   Thumb Code     8  stm32f7xx_ll_sdmmc.o(i.SDMMC_GetPowerState)
    SDMMC_GetResponse                        0x08006261   Thumb Code     6  stm32f7xx_ll_sdmmc.o(i.SDMMC_GetResponse)
    SDMMC_Init                               0x08006267   Thumb Code    34  stm32f7xx_ll_sdmmc.o(i.SDMMC_Init)
    SDMMC_PowerState_ON                      0x08006289   Thumb Code     8  stm32f7xx_ll_sdmmc.o(i.SDMMC_PowerState_ON)
    SDMMC_ReadFIFO                           0x08006291   Thumb Code     6  stm32f7xx_ll_sdmmc.o(i.SDMMC_ReadFIFO)
    SDMMC_SendCommand                        0x08006297   Thumb Code    34  stm32f7xx_ll_sdmmc.o(i.SDMMC_SendCommand)
    SDMMC_WriteFIFO                          0x080062b9   Thumb Code    10  stm32f7xx_ll_sdmmc.o(i.SDMMC_WriteFIFO)
    SD_initialize                            0x08006565   Thumb Code    28  sd_diskio.o(i.SD_initialize)
    SD_ioctl                                 0x08006585   Thumb Code    84  sd_diskio.o(i.SD_ioctl)
    SD_read                                  0x080065dd   Thumb Code    38  sd_diskio.o(i.SD_read)
    SD_status                                0x08006603   Thumb Code     4  sd_diskio.o(i.SD_status)
    SD_write                                 0x08006609   Thumb Code    38  sd_diskio.o(i.SD_write)
    SVC_Handler                              0x0800662f   Thumb Code     2  stm32f7xx_it.o(i.SVC_Handler)
    SysTick_Handler                          0x08006631   Thumb Code     2  stm32f7xx_it.o(i.SysTick_Handler)
    SystemClock_Config                       0x08006635   Thumb Code   204  main.o(i.SystemClock_Config)
    SystemInit                               0x0800670d   Thumb Code    12  system_stm32f7xx.o(i.SystemInit)
    TIM6_DAC_IRQHandler                      0x0800671d   Thumb Code     6  stm32f7xx_it.o(i.TIM6_DAC_IRQHandler)
    TIM_Base_SetConfig                       0x08006729   Thumb Code   158  stm32f7xx_hal_tim.o(i.TIM_Base_SetConfig)
    TIM_ETR_SetConfig                        0x080067f5   Thumb Code    18  stm32f7xx_hal_tim.o(i.TIM_ETR_SetConfig)
    TIM_OC2_SetConfig                        0x0800688d   Thumb Code   108  stm32f7xx_hal_tim.o(i.TIM_OC2_SetConfig)
    UART_AdvFeatureConfig                    0x08006acb   Thumb Code   200  stm32f7xx_hal_uart.o(i.UART_AdvFeatureConfig)
    UART_CheckIdleState                      0x08006b93   Thumb Code    64  stm32f7xx_hal_uart.o(i.UART_CheckIdleState)
    UART_SetConfig                           0x08006bd5   Thumb Code   516  stm32f7xx_hal_uart.o(i.UART_SetConfig)
    UART_WaitOnFlagUntilTimeout              0x08006e05   Thumb Code   202  stm32f7xx_hal_uart.o(i.UART_WaitOnFlagUntilTimeout)
    USBH_AllocPipe                           0x08006ecf   Thumb Code    56  usbh_pipes.o(i.USBH_AllocPipe)
    USBH_BulkReceiveData                     0x08006f07   Thumb Code    32  usbh_ioreq.o(i.USBH_BulkReceiveData)
    USBH_BulkSendData                        0x08006f27   Thumb Code    40  usbh_ioreq.o(i.USBH_BulkSendData)
    USBH_CDC_LineCodingChanged               0x08007115   Thumb Code     2  usbh_cdc.o(i.USBH_CDC_LineCodingChanged)
    USBH_CDC_ReceiveCallback                 0x080071d5   Thumb Code     2  usbh_cdc.o(i.USBH_CDC_ReceiveCallback)
    USBH_CDC_TransmitCallback                0x080071db   Thumb Code     2  usbh_cdc.o(i.USBH_CDC_TransmitCallback)
    USBH_ClosePipe                           0x080071dd   Thumb Code    10  usbh_pipes.o(i.USBH_ClosePipe)
    USBH_ClrFeature                          0x080071e7   Thumb Code    34  usbh_ctlreq.o(i.USBH_ClrFeature)
    USBH_CtlReceiveData                      0x08007209   Thumb Code    30  usbh_ioreq.o(i.USBH_CtlReceiveData)
    USBH_CtlReq                              0x08007227   Thumb Code    58  usbh_ctlreq.o(i.USBH_CtlReq)
    USBH_CtlSendData                         0x08007261   Thumb Code    40  usbh_ioreq.o(i.USBH_CtlSendData)
    USBH_CtlSendSetup                        0x08007289   Thumb Code    30  usbh_ioreq.o(i.USBH_CtlSendSetup)
    USBH_Delay                               0x080072a7   Thumb Code     4  usbh_conf.o(i.USBH_Delay)
    USBH_FindInterface                       0x080072ab   Thumb Code    64  usbh_core.o(i.USBH_FindInterface)
    USBH_FreePipe                            0x080072eb   Thumb Code    24  usbh_pipes.o(i.USBH_FreePipe)
    USBH_GetDescriptor                       0x08007303   Thumb Code    52  usbh_ctlreq.o(i.USBH_GetDescriptor)
    USBH_GetNextDesc                         0x08007337   Thumb Code    14  usbh_ctlreq.o(i.USBH_GetNextDesc)
    USBH_Get_CfgDesc                         0x08007345   Thumb Code    44  usbh_ctlreq.o(i.USBH_Get_CfgDesc)
    USBH_Get_DevDesc                         0x08007371   Thumb Code   144  usbh_ctlreq.o(i.USBH_Get_DevDesc)
    USBH_Get_StringDesc                      0x08007401   Thumb Code    72  usbh_ctlreq.o(i.USBH_Get_StringDesc)
    USBH_Get_USB_Status                      0x08007449   Thumb Code    24  usbh_conf.o(i.USBH_Get_USB_Status)
    USBH_Init                                0x08007767   Thumb Code    62  usbh_core.o(i.USBH_Init)
    USBH_LL_ClosePipe                        0x080077a5   Thumb Code    18  usbh_conf.o(i.USBH_LL_ClosePipe)
    USBH_LL_Connect                          0x080077b7   Thumb Code    20  usbh_core.o(i.USBH_LL_Connect)
    USBH_LL_Disconnect                       0x080077cb   Thumb Code    46  usbh_core.o(i.USBH_LL_Disconnect)
    USBH_LL_DriverVBUS                       0x080077f9   Thumb Code    26  usbh_conf.o(i.USBH_LL_DriverVBUS)
    USBH_LL_GetLastXferSize                  0x08007813   Thumb Code     8  usbh_conf.o(i.USBH_LL_GetLastXferSize)
    USBH_LL_GetSpeed                         0x0800781b   Thumb Code    34  usbh_conf.o(i.USBH_LL_GetSpeed)
    USBH_LL_GetURBState                      0x0800783d   Thumb Code     8  usbh_conf.o(i.USBH_LL_GetURBState)
    USBH_LL_IncTimer                         0x08007845   Thumb Code    30  usbh_core.o(i.USBH_LL_IncTimer)
    USBH_LL_Init                             0x08007865   Thumb Code    74  usbh_conf.o(i.USBH_LL_Init)
    USBH_LL_OpenPipe                         0x080078b5   Thumb Code    28  usbh_conf.o(i.USBH_LL_OpenPipe)
    USBH_LL_PortDisabled                     0x080078d1   Thumb Code     8  usbh_core.o(i.USBH_LL_PortDisabled)
    USBH_LL_PortEnabled                      0x080078d9   Thumb Code     8  usbh_core.o(i.USBH_LL_PortEnabled)
    USBH_LL_ResetPort                        0x080078e1   Thumb Code    18  usbh_conf.o(i.USBH_LL_ResetPort)
    USBH_LL_SetTimer                         0x080078f3   Thumb Code     6  usbh_core.o(i.USBH_LL_SetTimer)
    USBH_LL_SetToggle                        0x080078f9   Thumb Code    36  usbh_conf.o(i.USBH_LL_SetToggle)
    USBH_LL_Start                            0x0800791d   Thumb Code    18  usbh_conf.o(i.USBH_LL_Start)
    USBH_LL_Stop                             0x0800792f   Thumb Code    18  usbh_conf.o(i.USBH_LL_Stop)
    USBH_LL_SubmitURB                        0x08007941   Thumb Code    34  usbh_conf.o(i.USBH_LL_SubmitURB)
    USBH_OpenPipe                            0x08007963   Thumb Code    20  usbh_pipes.o(i.USBH_OpenPipe)
    USBH_Process                             0x08007a55   Thumb Code   548  usbh_core.o(i.USBH_Process)
    USBH_RegisterClass                       0x08007c79   Thumb Code    30  usbh_core.o(i.USBH_RegisterClass)
    USBH_SelectInterface                     0x08007c97   Thumb Code    22  usbh_core.o(i.USBH_SelectInterface)
    USBH_SetAddress                          0x08007cad   Thumb Code    28  usbh_ctlreq.o(i.USBH_SetAddress)
    USBH_SetCfg                              0x08007cc9   Thumb Code    28  usbh_ctlreq.o(i.USBH_SetCfg)
    USBH_SetFeature                          0x08007ce5   Thumb Code    28  usbh_ctlreq.o(i.USBH_SetFeature)
    USBH_Start                               0x08007d01   Thumb Code    20  usbh_core.o(i.USBH_Start)
    USB_CoreInit                             0x08007d35   Thumb Code   104  stm32f7xx_ll_usb.o(i.USB_CoreInit)
    USB_DisableGlobalInt                     0x08007de1   Thumb Code    12  stm32f7xx_ll_usb.o(i.USB_DisableGlobalInt)
    USB_DoPing                               0x08007ded   Thumb Code    30  stm32f7xx_ll_usb.o(i.USB_DoPing)
    USB_DriveVbus                            0x08007e11   Thumb Code    44  stm32f7xx_ll_usb.o(i.USB_DriveVbus)
    USB_EnableGlobalInt                      0x08007e3d   Thumb Code    12  stm32f7xx_ll_usb.o(i.USB_EnableGlobalInt)
    USB_FlushRxFifo                          0x08007e49   Thumb Code    54  stm32f7xx_ll_usb.o(i.USB_FlushRxFifo)
    USB_FlushTxFifo                          0x08007e85   Thumb Code    58  stm32f7xx_ll_usb.o(i.USB_FlushTxFifo)
    USB_GetCurrentFrame                      0x08007ec5   Thumb Code     8  stm32f7xx_ll_usb.o(i.USB_GetCurrentFrame)
    USB_GetHostSpeed                         0x08007ecd   Thumb Code    14  stm32f7xx_ll_usb.o(i.USB_GetHostSpeed)
    USB_GetMode                              0x08007edb   Thumb Code     8  stm32f7xx_ll_usb.o(i.USB_GetMode)
    USB_HC_Halt                              0x08007ee3   Thumb Code   198  stm32f7xx_ll_usb.o(i.USB_HC_Halt)
    USB_HC_Init                              0x08007fa9   Thumb Code   270  stm32f7xx_ll_usb.o(i.USB_HC_Init)
    USB_HC_ReadInterrupt                     0x080080b7   Thumb Code     8  stm32f7xx_ll_usb.o(i.USB_HC_ReadInterrupt)
    USB_HC_StartXfer                         0x080080bf   Thumb Code   320  stm32f7xx_ll_usb.o(i.USB_HC_StartXfer)
    USB_HostInit                             0x08008201   Thumb Code   172  stm32f7xx_ll_usb.o(i.USB_HostInit)
    USB_InitFSLSPClkSel                      0x080082c1   Thumb Code    56  stm32f7xx_ll_usb.o(i.USB_InitFSLSPClkSel)
    USB_ReadInterrupts                       0x080082f9   Thumb Code     8  stm32f7xx_ll_usb.o(i.USB_ReadInterrupts)
    USB_ReadPacket                           0x08008301   Thumb Code    64  stm32f7xx_ll_usb.o(i.USB_ReadPacket)
    USB_ResetPort                            0x08008341   Thumb Code    50  stm32f7xx_ll_usb.o(i.USB_ResetPort)
    USB_SetCurrentMode                       0x08008373   Thumb Code    94  stm32f7xx_ll_usb.o(i.USB_SetCurrentMode)
    USB_StopHost                             0x080083d1   Thumb Code   142  stm32f7xx_ll_usb.o(i.USB_StopHost)
    USB_WritePacket                          0x08008461   Thumb Code    40  stm32f7xx_ll_usb.o(i.USB_WritePacket)
    UsageFault_Handler                       0x08008489   Thumb Code     2  stm32f7xx_it.o(i.UsageFault_Handler)
    __scatterload_copy                       0x080084ad   Thumb Code    14  handlers.o(i.__scatterload_copy)
    __scatterload_null                       0x080084bb   Thumb Code     2  handlers.o(i.__scatterload_null)
    __scatterload_zeroinit                   0x080084bd   Thumb Code    14  handlers.o(i.__scatterload_zeroinit)
    free                                     0x080084cd   Thumb Code    76  malloc.o(i.free)
    main                                     0x0800851d   Thumb Code   218  main.o(i.main)
    malloc                                   0x08008619   Thumb Code    92  malloc.o(i.malloc)
    SD_Driver                                0x08008684   Data          20  sd_diskio.o(.constdata)
    AHBPrescTable                            0x08008698   Data          16  system_stm32f7xx.o(.constdata)
    APBPrescTable                            0x080086a8   Data           8  system_stm32f7xx.o(.constdata)
    Region$$Table$$Base                      0x080086b4   Number         0  anon$$obj.o(Region$$Table)
    Region$$Table$$Limit                     0x080086d4   Number         0  anon$$obj.o(Region$$Table)
    retSD                                    0x2000000d   Data           1  fatfs.o(.data)
    SDPath                                   0x2000000e   Data           4  fatfs.o(.data)
    Appli_state                              0x20000012   Data           1  usb_host.o(.data)
    uwTickFreq                               0x20000014   Data           1  stm32f7xx_hal.o(.data)
    uwTickPrio                               0x20000018   Data           4  stm32f7xx_hal.o(.data)
    uwTick                                   0x2000001c   Data           4  stm32f7xx_hal.o(.data)
    SystemCoreClock                          0x20000020   Data           4  system_stm32f7xx.o(.data)
    CDC_Class                                0x20000024   Data          32  usbh_cdc.o(.data)
    __microlib_freelist                      0x20000044   Data           4  mvars.o(.data)
    __microlib_freelist_initialised          0x20000048   Data           4  mvars.o(.data)
    hadc3                                    0x2000004c   Data          72  main.o(.bss)
    hcrc                                     0x20000094   Data          36  main.o(.bss)
    hdcmi                                    0x200000b8   Data          80  main.o(.bss)
    hdma2d                                   0x20000108   Data          64  main.o(.bss)
    heth                                     0x20000148   Data          72  main.o(.bss)
    hi2c1                                    0x20000190   Data          76  main.o(.bss)
    hi2c3                                    0x200001dc   Data          76  main.o(.bss)
    hltdc                                    0x20000228   Data         168  main.o(.bss)
    hqspi                                    0x200002d0   Data          76  main.o(.bss)
    hrtc                                     0x2000031c   Data          32  main.o(.bss)
    hsai_BlockA2                             0x2000033c   Data         132  main.o(.bss)
    hsai_BlockB2                             0x200003c0   Data         132  main.o(.bss)
    hsd1                                     0x20000444   Data         132  main.o(.bss)
    hspdif                                   0x200004c8   Data          76  main.o(.bss)
    hspi2                                    0x20000514   Data         100  main.o(.bss)
    htim1                                    0x20000578   Data          76  main.o(.bss)
    htim2                                    0x200005c4   Data          76  main.o(.bss)
    htim3                                    0x20000610   Data          76  main.o(.bss)
    htim5                                    0x2000065c   Data          76  main.o(.bss)
    htim8                                    0x200006a8   Data          76  main.o(.bss)
    huart1                                   0x200006f4   Data         132  main.o(.bss)
    huart6                                   0x20000778   Data         132  main.o(.bss)
    hsdram1                                  0x200007fc   Data          52  main.o(.bss)
    htim6                                    0x20000830   Data          76  stm32f7xx_hal_timebase_tim.o(.bss)
    hUsbHostFS                               0x2000087c   Data         984  usb_host.o(.bss)
    hhcd_USB_OTG_FS                          0x20000c54   Data         772  usbh_conf.o(.bss)
    disk                                     0x20000f58   Data          12  ff_gen_drv.o(.bss)
    __heap_base                              0x20000f68   Data           0  startup_stm32f750xx.o(HEAP)
    __heap_limit                             0x20001168   Data           0  startup_stm32f750xx.o(HEAP)
    __initial_sp                             0x20001568   Data           0  startup_stm32f750xx.o(STACK)



==============================================================================

Memory Map of the image

  Image Entry point : 0x080001c9

  Load Region LR_IROM1 (Base: 0x08000000, Size: 0x00008720, Max: 0x00010000, ABSOLUTE)

    Execution Region ER_IROM1 (Exec base: 0x08000000, Load base: 0x08000000, Size: 0x000086d4, Max: 0x00010000, ABSOLUTE)

    Exec Addr    Load Addr    Size         Type   Attr      Idx    E Section Name        Object

    0x08000000   0x08000000   0x000001c8   Data   RO            3    RESET               startup_stm32f750xx.o
    0x080001c8   0x080001c8   0x00000000   Code   RO         9297  * .ARM.Collect$$$$00000000  mc_w.l(entry.o)
    0x080001c8   0x080001c8   0x00000004   Code   RO         9336    .ARM.Collect$$$$00000001  mc_w.l(entry2.o)
    0x080001cc   0x080001cc   0x00000004   Code   RO         9339    .ARM.Collect$$$$00000004  mc_w.l(entry5.o)
    0x080001d0   0x080001d0   0x00000000   Code   RO         9341    .ARM.Collect$$$$00000008  mc_w.l(entry7b.o)
    0x080001d0   0x080001d0   0x00000000   Code   RO         9343    .ARM.Collect$$$$0000000A  mc_w.l(entry8b.o)
    0x080001d0   0x080001d0   0x00000008   Code   RO         9344    .ARM.Collect$$$$0000000B  mc_w.l(entry9a.o)
    0x080001d8   0x080001d8   0x00000004   Code   RO         9351    .ARM.Collect$$$$0000000E  mc_w.l(entry12b.o)
    0x080001dc   0x080001dc   0x00000000   Code   RO         9346    .ARM.Collect$$$$0000000F  mc_w.l(entry10a.o)
    0x080001dc   0x080001dc   0x00000000   Code   RO         9348    .ARM.Collect$$$$00000011  mc_w.l(entry11a.o)
    0x080001dc   0x080001dc   0x00000004   Code   RO         9337    .ARM.Collect$$$$00002712  mc_w.l(entry2.o)
    0x080001e0   0x080001e0   0x00000024   Code   RO            4    .text               startup_stm32f750xx.o
    0x08000204   0x08000204   0x00000062   Code   RO         9300    .text               mc_w.l(uldiv.o)
    0x08000266   0x08000266   0x00000024   Code   RO         9302    .text               mc_w.l(memcpya.o)
    0x0800028a   0x0800028a   0x00000024   Code   RO         9304    .text               mc_w.l(memseta.o)
    0x080002ae   0x080002ae   0x0000001e   Code   RO         9352    .text               mc_w.l(llshl.o)
    0x080002cc   0x080002cc   0x00000020   Code   RO         9354    .text               mc_w.l(llushr.o)
    0x080002ec   0x080002ec   0x00000024   Code   RO         9358    .text               mc_w.l(init.o)
    0x08000310   0x08000310   0x00000138   Code   RO         3408    i.ADC_Init          stm32f7xx_hal_adc.o
    0x08000448   0x08000448   0x00000018   Code   RO          906    i.BSP_PlatformIsDetected  fatfs_platform.o
    0x08000460   0x08000460   0x0000000c   Code   RO          733    i.BSP_SD_GetCardInfo  bsp_driver_sd.o
    0x0800046c   0x0800046c   0x00000018   Code   RO          734    i.BSP_SD_GetCardState  bsp_driver_sd.o
    0x08000484   0x08000484   0x00000030   Code   RO          736    i.BSP_SD_Init       bsp_driver_sd.o
    0x080004b4   0x080004b4   0x0000001a   Code   RO          737    i.BSP_SD_IsDetected  bsp_driver_sd.o
    0x080004ce   0x080004ce   0x00000002   PAD
    0x080004d0   0x080004d0   0x00000020   Code   RO          738    i.BSP_SD_ReadBlocks  bsp_driver_sd.o
    0x080004f0   0x080004f0   0x00000020   Code   RO          741    i.BSP_SD_WriteBlocks  bsp_driver_sd.o
    0x08000510   0x08000510   0x00000002   Code   RO          363    i.BusFault_Handler  stm32f7xx_it.o
    0x08000512   0x08000512   0x0000006a   Code   RO         9181    i.CDC_ProcessReception  usbh_cdc.o
    0x0800057c   0x0800057c   0x00000072   Code   RO         9182    i.CDC_ProcessTransmission  usbh_cdc.o
    0x080005ee   0x080005ee   0x00000002   PAD
    0x080005f0   0x080005f0   0x0000000c   Code   RO          364    i.DMA2D_IRQHandler  stm32f7xx_it.o
    0x080005fc   0x080005fc   0x00000050   Code   RO         8838    i.DeInitStateMachine  usbh_core.o
    0x0800064c   0x0800064c   0x00000002   Code   RO          365    i.DebugMon_Handler  stm32f7xx_it.o
    0x0800064e   0x0800064e   0x00000002   PAD
    0x08000650   0x08000650   0x00000130   Code   RO         4156    i.ETH_MACDMAConfig  stm32f7xx_hal_eth.o
    0x08000780   0x08000780   0x00000002   Code   RO           13    i.Error_Handler     main.o
    0x08000782   0x08000782   0x00000006   Code   RO         8764    i.FATFS_LinkDriver  ff_gen_drv.o
    0x08000788   0x08000788   0x00000040   Code   RO         8765    i.FATFS_LinkDriverEx  ff_gen_drv.o
    0x080007c8   0x080007c8   0x0000006a   Code   RO         4318    i.FMC_SDRAM_Init    stm32f7xx_ll_fmc.o
    0x08000832   0x08000832   0x00000002   PAD
    0x08000834   0x08000834   0x000000b0   Code   RO         4322    i.FMC_SDRAM_Timing_Init  stm32f7xx_ll_fmc.o
    0x080008e4   0x080008e4   0x0000001c   Code   RO         9183    i.GetLineCoding     usbh_cdc.o
    0x08000900   0x08000900   0x000001c0   Code   RO         3410    i.HAL_ADC_ConfigChannel  stm32f7xx_hal_adc.o
    0x08000ac0   0x08000ac0   0x00000054   Code   RO         3419    i.HAL_ADC_Init      stm32f7xx_hal_adc.o
    0x08000b14   0x08000b14   0x00000088   Code   RO          464    i.HAL_ADC_MspInit   stm32f7xx_hal_msp.o
    0x08000b9c   0x08000b9c   0x0000004e   Code   RO         3752    i.HAL_CRCEx_Polynomial_Set  stm32f7xx_hal_crc_ex.o
    0x08000bea   0x08000bea   0x00000002   PAD
    0x08000bec   0x08000bec   0x00000078   Code   RO         3686    i.HAL_CRC_Init      stm32f7xx_hal_crc.o
    0x08000c64   0x08000c64   0x00000028   Code   RO          466    i.HAL_CRC_MspInit   stm32f7xx_hal_msp.o
    0x08000c8c   0x08000c8c   0x000000a4   Code   RO         3798    i.HAL_DCMI_Init     stm32f7xx_hal_dcmi.o
    0x08000d30   0x08000d30   0x00000108   Code   RO          468    i.HAL_DCMI_MspInit  stm32f7xx_hal_msp.o
    0x08000e38   0x08000e38   0x00000002   Code   RO         3952    i.HAL_DMA2D_CLUTLoadingCpltCallback  stm32f7xx_hal_dma2d.o
    0x08000e3a   0x08000e3a   0x00000002   PAD
    0x08000e3c   0x08000e3c   0x000000a0   Code   RO         3960    i.HAL_DMA2D_ConfigLayer  stm32f7xx_hal_dma2d.o
    0x08000edc   0x08000edc   0x0000011c   Code   RO         3967    i.HAL_DMA2D_IRQHandler  stm32f7xx_hal_dma2d.o
    0x08000ff8   0x08000ff8   0x0000005a   Code   RO         3968    i.HAL_DMA2D_Init    stm32f7xx_hal_dma2d.o
    0x08001052   0x08001052   0x00000002   Code   RO         3969    i.HAL_DMA2D_LineEventCallback  stm32f7xx_hal_dma2d.o
    0x08001054   0x08001054   0x0000003c   Code   RO          470    i.HAL_DMA2D_MspInit  stm32f7xx_hal_msp.o
    0x08001090   0x08001090   0x00000024   Code   RO         2638    i.HAL_Delay         stm32f7xx_hal.o
    0x080010b4   0x080010b4   0x000001f0   Code   RO         4167    i.HAL_ETH_Init      stm32f7xx_hal_eth.o
    0x080012a4   0x080012a4   0x000000c4   Code   RO          472    i.HAL_ETH_MspInit   stm32f7xx_hal_msp.o
    0x08001368   0x08001368   0x00000086   Code   RO         4170    i.HAL_ETH_ReadPHYRegister  stm32f7xx_hal_eth.o
    0x080013ee   0x080013ee   0x00000002   PAD
    0x080013f0   0x080013f0   0x0000007a   Code   RO         4176    i.HAL_ETH_WritePHYRegister  stm32f7xx_hal_eth.o
    0x0800146a   0x0800146a   0x00000002   PAD
    0x0800146c   0x0800146c   0x000000b4   Code   RO          473    i.HAL_FMC_MspInit   stm32f7xx_hal_msp.o
    0x08001520   0x08001520   0x00000248   Code   RO         2070    i.HAL_GPIO_Init     stm32f7xx_hal_gpio.o
    0x08001768   0x08001768   0x0000000a   Code   RO         2072    i.HAL_GPIO_ReadPin  stm32f7xx_hal_gpio.o
    0x08001772   0x08001772   0x0000000a   Code   RO         2074    i.HAL_GPIO_WritePin  stm32f7xx_hal_gpio.o
    0x0800177c   0x0800177c   0x0000000c   Code   RO         2646    i.HAL_GetTick       stm32f7xx_hal.o
    0x08001788   0x08001788   0x00000008   Code   RO         1037    i.HAL_HCD_Connect_Callback  usbh_conf.o
    0x08001790   0x08001790   0x00000008   Code   RO         1038    i.HAL_HCD_Disconnect_Callback  usbh_conf.o
    0x08001798   0x08001798   0x00000006   Code   RO         1245    i.HAL_HCD_GetCurrentFrame  stm32f7xx_hal_hcd.o
    0x0800179e   0x0800179e   0x00000006   Code   RO         1246    i.HAL_HCD_GetCurrentSpeed  stm32f7xx_hal_hcd.o
    0x080017a4   0x080017a4   0x00000012   Code   RO         1249    i.HAL_HCD_HC_GetURBState  stm32f7xx_hal_hcd.o
    0x080017b6   0x080017b6   0x00000010   Code   RO         1250    i.HAL_HCD_HC_GetXferCount  stm32f7xx_hal_hcd.o
    0x080017c6   0x080017c6   0x00000024   Code   RO         1251    i.HAL_HCD_HC_Halt   stm32f7xx_hal_hcd.o
    0x080017ea   0x080017ea   0x0000007a   Code   RO         1252    i.HAL_HCD_HC_Init   stm32f7xx_hal_hcd.o
    0x08001864   0x08001864   0x00000002   Code   RO         1039    i.HAL_HCD_HC_NotifyURBChange_Callback  usbh_conf.o
    0x08001866   0x08001866   0x00000002   PAD
    0x08001868   0x08001868   0x000000a0   Code   RO         1254    i.HAL_HCD_HC_SubmitRequest  stm32f7xx_hal_hcd.o
    0x08001908   0x08001908   0x0000013a   Code   RO         1255    i.HAL_HCD_IRQHandler  stm32f7xx_hal_hcd.o
    0x08001a42   0x08001a42   0x00000072   Code   RO         1256    i.HAL_HCD_Init      stm32f7xx_hal_hcd.o
    0x08001ab4   0x08001ab4   0x00000084   Code   RO         1041    i.HAL_HCD_MspInit   usbh_conf.o
    0x08001b38   0x08001b38   0x00000008   Code   RO         1042    i.HAL_HCD_PortDisabled_Callback  usbh_conf.o
    0x08001b40   0x08001b40   0x00000008   Code   RO         1043    i.HAL_HCD_PortEnabled_Callback  usbh_conf.o
    0x08001b48   0x08001b48   0x00000006   Code   RO         1261    i.HAL_HCD_ResetPort  stm32f7xx_hal_hcd.o
    0x08001b4e   0x08001b4e   0x00000008   Code   RO         1044    i.HAL_HCD_SOF_Callback  usbh_conf.o
    0x08001b56   0x08001b56   0x0000002c   Code   RO         1263    i.HAL_HCD_Start     stm32f7xx_hal_hcd.o
    0x08001b82   0x08001b82   0x00000024   Code   RO         1264    i.HAL_HCD_Stop      stm32f7xx_hal_hcd.o
    0x08001ba6   0x08001ba6   0x00000058   Code   RO         3291    i.HAL_I2CEx_ConfigAnalogFilter  stm32f7xx_hal_i2c_ex.o
    0x08001bfe   0x08001bfe   0x00000054   Code   RO         3292    i.HAL_I2CEx_ConfigDigitalFilter  stm32f7xx_hal_i2c_ex.o
    0x08001c52   0x08001c52   0x00000002   PAD
    0x08001c54   0x08001c54   0x000000b8   Code   RO         2840    i.HAL_I2C_Init      stm32f7xx_hal_i2c.o
    0x08001d0c   0x08001d0c   0x000000b0   Code   RO          475    i.HAL_I2C_MspInit   stm32f7xx_hal_msp.o
    0x08001dbc   0x08001dbc   0x00000010   Code   RO         2652    i.HAL_IncTick       stm32f7xx_hal.o
    0x08001dcc   0x08001dcc   0x00000016   Code   RO         2653    i.HAL_Init          stm32f7xx_hal.o
    0x08001de2   0x08001de2   0x00000002   PAD
    0x08001de4   0x08001de4   0x00000074   Code   RO          692    i.HAL_InitTick      stm32f7xx_hal_timebase_tim.o
    0x08001e58   0x08001e58   0x00000052   Code   RO         4627    i.HAL_LTDC_ConfigLayer  stm32f7xx_hal_ltdc.o
    0x08001eaa   0x08001eaa   0x00000002   Code   RO         4640    i.HAL_LTDC_ErrorCallback  stm32f7xx_hal_ltdc.o
    0x08001eac   0x08001eac   0x000000c8   Code   RO         4643    i.HAL_LTDC_IRQHandler  stm32f7xx_hal_ltdc.o
    0x08001f74   0x08001f74   0x000000f8   Code   RO         4644    i.HAL_LTDC_Init     stm32f7xx_hal_ltdc.o
    0x0800206c   0x0800206c   0x00000002   Code   RO         4645    i.HAL_LTDC_LineEventCallback  stm32f7xx_hal_ltdc.o
    0x0800206e   0x0800206e   0x00000002   PAD
    0x08002070   0x08002070   0x0000011c   Code   RO          477    i.HAL_LTDC_MspInit  stm32f7xx_hal_msp.o
    0x0800218c   0x0800218c   0x00000002   Code   RO         4650    i.HAL_LTDC_ReloadEventCallback  stm32f7xx_hal_ltdc.o
    0x0800218e   0x0800218e   0x00000002   PAD
    0x08002190   0x08002190   0x00000038   Code   RO          478    i.HAL_MspInit       stm32f7xx_hal_msp.o
    0x080021c8   0x080021c8   0x0000001a   Code   RO         2501    i.HAL_NVIC_EnableIRQ  stm32f7xx_hal_cortex.o
    0x080021e2   0x080021e2   0x00000002   PAD
    0x080021e4   0x080021e4   0x00000040   Code   RO         2507    i.HAL_NVIC_SetPriority  stm32f7xx_hal_cortex.o
    0x08002224   0x08002224   0x00000024   Code   RO         2508    i.HAL_NVIC_SetPriorityGrouping  stm32f7xx_hal_cortex.o
    0x08002248   0x08002248   0x0000006c   Code   RO         2410    i.HAL_PWREx_EnableOverDrive  stm32f7xx_hal_pwr_ex.o
    0x080022b4   0x080022b4   0x00000010   Code   RO         2287    i.HAL_PWR_EnableBkUpAccess  stm32f7xx_hal_pwr.o
    0x080022c4   0x080022c4   0x000000b0   Code   RO         4932    i.HAL_QSPI_Init     stm32f7xx_hal_qspi.o
    0x08002374   0x08002374   0x000000d4   Code   RO          480    i.HAL_QSPI_MspInit  stm32f7xx_hal_msp.o
    0x08002448   0x08002448   0x00000120   Code   RO         1830    i.HAL_RCCEx_GetPeriphCLKFreq  stm32f7xx_hal_rcc_ex.o
    0x08002568   0x08002568   0x000004fc   Code   RO         1831    i.HAL_RCCEx_PeriphCLKConfig  stm32f7xx_hal_rcc_ex.o
    0x08002a64   0x08002a64   0x00000130   Code   RO         1724    i.HAL_RCC_ClockConfig  stm32f7xx_hal_rcc.o
    0x08002b94   0x08002b94   0x00000040   Code   RO         1728    i.HAL_RCC_GetClockConfig  stm32f7xx_hal_rcc.o
    0x08002bd4   0x08002bd4   0x0000000c   Code   RO         1729    i.HAL_RCC_GetHCLKFreq  stm32f7xx_hal_rcc.o
    0x08002be0   0x08002be0   0x00000020   Code   RO         1731    i.HAL_RCC_GetPCLK1Freq  stm32f7xx_hal_rcc.o
    0x08002c00   0x08002c00   0x00000020   Code   RO         1732    i.HAL_RCC_GetPCLK2Freq  stm32f7xx_hal_rcc.o
    0x08002c20   0x08002c20   0x00000064   Code   RO         1733    i.HAL_RCC_GetSysClockFreq  stm32f7xx_hal_rcc.o
    0x08002c84   0x08002c84   0x00000384   Code   RO         1736    i.HAL_RCC_OscConfig  stm32f7xx_hal_rcc.o
    0x08003008   0x08003008   0x0000005a   Code   RO         5377    i.HAL_RTCEx_SetTimeStamp  stm32f7xx_hal_rtc_ex.o
    0x08003062   0x08003062   0x00000002   PAD
    0x08003064   0x08003064   0x000000b4   Code   RO         5197    i.HAL_RTC_Init      stm32f7xx_hal_rtc.o
    0x08003118   0x08003118   0x0000001c   Code   RO          482    i.HAL_RTC_MspInit   stm32f7xx_hal_msp.o
    0x08003134   0x08003134   0x0000016a   Code   RO         5201    i.HAL_RTC_SetAlarm  stm32f7xx_hal_rtc.o
    0x0800329e   0x0800329e   0x00000002   PAD
    0x080032a0   0x080032a0   0x000000cc   Code   RO         5203    i.HAL_RTC_SetDate   stm32f7xx_hal_rtc.o
    0x0800336c   0x0800336c   0x000000ec   Code   RO         5204    i.HAL_RTC_SetTime   stm32f7xx_hal_rtc.o
    0x08003458   0x08003458   0x00000036   Code   RO         5205    i.HAL_RTC_WaitForSynchro  stm32f7xx_hal_rtc.o
    0x0800348e   0x0800348e   0x00000002   PAD
    0x08003490   0x08003490   0x000001f4   Code   RO         5604    i.HAL_SAI_Init      stm32f7xx_hal_sai.o
    0x08003684   0x08003684   0x0000009c   Code   RO          484    i.HAL_SAI_MspInit   stm32f7xx_hal_msp.o
    0x08003720   0x08003720   0x00000042   Code   RO         4459    i.HAL_SDRAM_Init    stm32f7xx_hal_sdram.o
    0x08003762   0x08003762   0x00000004   Code   RO          486    i.HAL_SDRAM_MspInit  stm32f7xx_hal_msp.o
    0x08003766   0x08003766   0x00000002   PAD
    0x08003768   0x08003768   0x0000011c   Code   RO         6163    i.HAL_SD_ConfigWideBusOperation  stm32f7xx_hal_sd.o
    0x08003884   0x08003884   0x000001bc   Code   RO         6168    i.HAL_SD_GetCardCSD  stm32f7xx_hal_sd.o
    0x08003a40   0x08003a40   0x00000024   Code   RO         6169    i.HAL_SD_GetCardInfo  stm32f7xx_hal_sd.o
    0x08003a64   0x08003a64   0x0000002c   Code   RO         6170    i.HAL_SD_GetCardState  stm32f7xx_hal_sd.o
    0x08003a90   0x08003a90   0x00000036   Code   RO         6175    i.HAL_SD_Init       stm32f7xx_hal_sd.o
    0x08003ac6   0x08003ac6   0x00000002   PAD
    0x08003ac8   0x08003ac8   0x00000084   Code   RO         6176    i.HAL_SD_InitCard   stm32f7xx_hal_sd.o
    0x08003b4c   0x08003b4c   0x00000088   Code   RO          488    i.HAL_SD_MspInit    stm32f7xx_hal_msp.o
    0x08003bd4   0x08003bd4   0x000001fc   Code   RO         6179    i.HAL_SD_ReadBlocks  stm32f7xx_hal_sd.o
    0x08003dd0   0x08003dd0   0x000001c4   Code   RO         6184    i.HAL_SD_WriteBlocks  stm32f7xx_hal_sd.o
    0x08003f94   0x08003f94   0x00000074   Code   RO         6393    i.HAL_SPDIFRX_Init  stm32f7xx_hal_spdifrx.o
    0x08004008   0x08004008   0x00000064   Code   RO          490    i.HAL_SPDIFRX_MspInit  stm32f7xx_hal_msp.o
    0x0800406c   0x0800406c   0x000000f2   Code   RO         6564    i.HAL_SPI_Init      stm32f7xx_hal_spi.o
    0x0800415e   0x0800415e   0x00000002   PAD
    0x08004160   0x08004160   0x00000090   Code   RO          492    i.HAL_SPI_MspInit   stm32f7xx_hal_msp.o
    0x080041f0   0x080041f0   0x00000002   Code   RO         7620    i.HAL_TIMEx_Break2Callback  stm32f7xx_hal_tim_ex.o
    0x080041f2   0x080041f2   0x00000002   Code   RO         7621    i.HAL_TIMEx_BreakCallback  stm32f7xx_hal_tim_ex.o
    0x080041f4   0x080041f4   0x00000002   Code   RO         7622    i.HAL_TIMEx_CommutCallback  stm32f7xx_hal_tim_ex.o
    0x080041f6   0x080041f6   0x00000002   PAD
    0x080041f8   0x080041f8   0x000000a0   Code   RO         7624    i.HAL_TIMEx_ConfigBreakDeadTime  stm32f7xx_hal_tim_ex.o
    0x08004298   0x08004298   0x000000a4   Code   RO         7641    i.HAL_TIMEx_MasterConfigSynchronization  stm32f7xx_hal_tim_ex.o
    0x0800433c   0x0800433c   0x00000062   Code   RO         6906    i.HAL_TIM_Base_Init  stm32f7xx_hal_tim.o
    0x0800439e   0x0800439e   0x00000002   PAD
    0x080043a0   0x080043a0   0x00000088   Code   RO          494    i.HAL_TIM_Base_MspInit  stm32f7xx_hal_msp.o
    0x08004428   0x08004428   0x0000008c   Code   RO         6911    i.HAL_TIM_Base_Start_IT  stm32f7xx_hal_tim.o
    0x080044b4   0x080044b4   0x000000e0   Code   RO         6915    i.HAL_TIM_ConfigClockSource  stm32f7xx_hal_tim.o
    0x08004594   0x08004594   0x00000002   Code   RO         6940    i.HAL_TIM_IC_CaptureCallback  stm32f7xx_hal_tim.o
    0x08004596   0x08004596   0x00000182   Code   RO         6954    i.HAL_TIM_IRQHandler  stm32f7xx_hal_tim.o
    0x08004718   0x08004718   0x00000054   Code   RO          495    i.HAL_TIM_MspPostInit  stm32f7xx_hal_msp.o
    0x0800476c   0x0800476c   0x00000002   Code   RO         6957    i.HAL_TIM_OC_DelayElapsedCallback  stm32f7xx_hal_tim.o
    0x0800476e   0x0800476e   0x00000124   Code   RO         6978    i.HAL_TIM_PWM_ConfigChannel  stm32f7xx_hal_tim.o
    0x08004892   0x08004892   0x00000062   Code   RO         6981    i.HAL_TIM_PWM_Init  stm32f7xx_hal_tim.o
    0x080048f4   0x080048f4   0x00000002   Code   RO         6983    i.HAL_TIM_PWM_MspInit  stm32f7xx_hal_tim.o
    0x080048f6   0x080048f6   0x00000002   Code   RO         6984    i.HAL_TIM_PWM_PulseFinishedCallback  stm32f7xx_hal_tim.o
    0x080048f8   0x080048f8   0x00000014   Code   RO           14    i.HAL_TIM_PeriodElapsedCallback  main.o
    0x0800490c   0x0800490c   0x00000002   Code   RO         6997    i.HAL_TIM_TriggerCallback  stm32f7xx_hal_tim.o
    0x0800490e   0x0800490e   0x00000066   Code   RO         7928    i.HAL_UART_Init     stm32f7xx_hal_uart.o
    0x08004974   0x08004974   0x000000d4   Code   RO          497    i.HAL_UART_MspInit  stm32f7xx_hal_msp.o
    0x08004a48   0x08004a48   0x00000200   Code   RO         1266    i.HCD_HC_IN_IRQHandler  stm32f7xx_hal_hcd.o
    0x08004c48   0x08004c48   0x000001fe   Code   RO         1267    i.HCD_HC_OUT_IRQHandler  stm32f7xx_hal_hcd.o
    0x08004e46   0x08004e46   0x00000094   Code   RO         1268    i.HCD_Port_IRQHandler  stm32f7xx_hal_hcd.o
    0x08004eda   0x08004eda   0x0000008e   Code   RO         1269    i.HCD_RXQLVL_IRQHandler  stm32f7xx_hal_hcd.o
    0x08004f68   0x08004f68   0x00000002   Code   RO          366    i.HardFault_Handler  stm32f7xx_it.o
    0x08004f6a   0x08004f6a   0x00000002   PAD
    0x08004f6c   0x08004f6c   0x00000084   Code   RO           15    i.KEY_PRESS         main.o
    0x08004ff0   0x08004ff0   0x0000000c   Code   RO          367    i.LTDC_IRQHandler   stm32f7xx_it.o
    0x08004ffc   0x08004ffc   0x000001d0   Code   RO         4663    i.LTDC_SetConfig    stm32f7xx_hal_ltdc.o
    0x080051cc   0x080051cc   0x00000058   Code   RO           16    i.MX_ADC3_Init      main.o
    0x08005224   0x08005224   0x0000002c   Code   RO           17    i.MX_DCMI_Init      main.o
    0x08005250   0x08005250   0x00000014   Code   RO         1218    i.MX_DriverVbusFS   usbh_platform.o
    0x08005264   0x08005264   0x00000044   Code   RO           18    i.MX_ETH_Init       main.o
    0x080052a8   0x080052a8   0x0000001c   Code   RO          930    i.MX_FATFS_Init     fatfs.o
    0x080052c4   0x080052c4   0x00000060   Code   RO           19    i.MX_FMC_Init       main.o
    0x08005324   0x08005324   0x0000027c   Code   RO           20    i.MX_GPIO_Init      main.o
    0x080055a0   0x080055a0   0x00000044   Code   RO           21    i.MX_I2C1_Init      main.o
    0x080055e4   0x080055e4   0x00000044   Code   RO           22    i.MX_I2C3_Init      main.o
    0x08005628   0x08005628   0x000000d4   Code   RO           23    i.MX_LTDC_Init      main.o
    0x080056fc   0x080056fc   0x000000b8   Code   RO           24    i.MX_RTC_Init       main.o
    0x080057b4   0x080057b4   0x00000090   Code   RO           25    i.MX_SAI2_Init      main.o
    0x08005844   0x08005844   0x00000028   Code   RO           26    i.MX_SPDIFRX_Init   main.o
    0x0800586c   0x0800586c   0x00000040   Code   RO           27    i.MX_SPI2_Init      main.o
    0x080058ac   0x080058ac   0x000000b0   Code   RO           28    i.MX_TIM1_Init      main.o
    0x0800595c   0x0800595c   0x00000050   Code   RO           29    i.MX_TIM2_Init      main.o
    0x080059ac   0x080059ac   0x00000054   Code   RO           30    i.MX_TIM3_Init      main.o
    0x08005a00   0x08005a00   0x00000050   Code   RO           31    i.MX_TIM5_Init      main.o
    0x08005a50   0x08005a50   0x00000058   Code   RO           32    i.MX_TIM8_Init      main.o
    0x08005aa8   0x08005aa8   0x00000030   Code   RO           33    i.MX_USART1_UART_Init  main.o
    0x08005ad8   0x08005ad8   0x00000030   Code   RO           34    i.MX_USART6_UART_Init  main.o
    0x08005b08   0x08005b08   0x00000040   Code   RO          968    i.MX_USB_HOST_Init  usb_host.o
    0x08005b48   0x08005b48   0x0000000c   Code   RO          969    i.MX_USB_HOST_Process  usb_host.o
    0x08005b54   0x08005b54   0x00000002   Code   RO          368    i.MemManage_Handler  stm32f7xx_it.o
    0x08005b56   0x08005b56   0x00000002   Code   RO          369    i.NMI_Handler       stm32f7xx_it.o
    0x08005b58   0x08005b58   0x0000000c   Code   RO          370    i.OTG_FS_IRQHandler  stm32f7xx_it.o
    0x08005b64   0x08005b64   0x00000002   Code   RO          371    i.PendSV_Handler    stm32f7xx_it.o
    0x08005b66   0x08005b66   0x00000048   Code   RO         4958    i.QSPI_WaitFlagStateUntilTimeout  stm32f7xx_hal_qspi.o
    0x08005bae   0x08005bae   0x00000016   Code   RO         5207    i.RTC_ByteToBcd2    stm32f7xx_hal_rtc.o
    0x08005bc4   0x08005bc4   0x0000003a   Code   RO         5208    i.RTC_EnterInitMode  stm32f7xx_hal_rtc.o
    0x08005bfe   0x08005bfe   0x00000002   PAD
    0x08005c00   0x08005c00   0x00000040   Code   RO         5624    i.SAI_Disable       stm32f7xx_hal_sai.o
    0x08005c40   0x08005c40   0x00000032   Code   RO         5874    i.SDMMC_CmdAppCommand  stm32f7xx_ll_sdmmc.o
    0x08005c72   0x08005c72   0x00000002   PAD
    0x08005c74   0x08005c74   0x00000034   Code   RO         5875    i.SDMMC_CmdAppOperCommand  stm32f7xx_ll_sdmmc.o
    0x08005ca8   0x08005ca8   0x00000032   Code   RO         5876    i.SDMMC_CmdBlockLength  stm32f7xx_ll_sdmmc.o
    0x08005cda   0x08005cda   0x00000032   Code   RO         5877    i.SDMMC_CmdBusWidth  stm32f7xx_ll_sdmmc.o
    0x08005d0c   0x08005d0c   0x00000050   Code   RO         5881    i.SDMMC_CmdGoIdleState  stm32f7xx_ll_sdmmc.o
    0x08005d5c   0x08005d5c   0x00000028   Code   RO         5883    i.SDMMC_CmdOperCond  stm32f7xx_ll_sdmmc.o
    0x08005d84   0x08005d84   0x00000032   Code   RO         5884    i.SDMMC_CmdReadMultiBlock  stm32f7xx_ll_sdmmc.o
    0x08005db6   0x08005db6   0x00000032   Code   RO         5885    i.SDMMC_CmdReadSingleBlock  stm32f7xx_ll_sdmmc.o
    0x08005de8   0x08005de8   0x00000030   Code   RO         5888    i.SDMMC_CmdSelDesel  stm32f7xx_ll_sdmmc.o
    0x08005e18   0x08005e18   0x0000002a   Code   RO         5889    i.SDMMC_CmdSendCID  stm32f7xx_ll_sdmmc.o
    0x08005e42   0x08005e42   0x0000002e   Code   RO         5890    i.SDMMC_CmdSendCSD  stm32f7xx_ll_sdmmc.o
    0x08005e70   0x08005e70   0x00000030   Code   RO         5892    i.SDMMC_CmdSendSCR  stm32f7xx_ll_sdmmc.o
    0x08005ea0   0x08005ea0   0x00000032   Code   RO         5893    i.SDMMC_CmdSendStatus  stm32f7xx_ll_sdmmc.o
    0x08005ed2   0x08005ed2   0x00000030   Code   RO         5894    i.SDMMC_CmdSetRelAdd  stm32f7xx_ll_sdmmc.o
    0x08005f02   0x08005f02   0x00000002   PAD
    0x08005f04   0x08005f04   0x00000034   Code   RO         5897    i.SDMMC_CmdStopTransfer  stm32f7xx_ll_sdmmc.o
    0x08005f38   0x08005f38   0x00000032   Code   RO         5899    i.SDMMC_CmdWriteMultiBlock  stm32f7xx_ll_sdmmc.o
    0x08005f6a   0x08005f6a   0x00000032   Code   RO         5900    i.SDMMC_CmdWriteSingleBlock  stm32f7xx_ll_sdmmc.o
    0x08005f9c   0x08005f9c   0x00000026   Code   RO         5901    i.SDMMC_ConfigData  stm32f7xx_ll_sdmmc.o
    0x08005fc2   0x08005fc2   0x00000002   PAD
    0x08005fc4   0x08005fc4   0x00000120   Code   RO         5902    i.SDMMC_GetCmdResp1  stm32f7xx_ll_sdmmc.o
    0x080060e4   0x080060e4   0x00000050   Code   RO         5903    i.SDMMC_GetCmdResp2  stm32f7xx_ll_sdmmc.o
    0x08006134   0x08006134   0x00000044   Code   RO         5904    i.SDMMC_GetCmdResp3  stm32f7xx_ll_sdmmc.o
    0x08006178   0x08006178   0x00000088   Code   RO         5905    i.SDMMC_GetCmdResp6  stm32f7xx_ll_sdmmc.o
    0x08006200   0x08006200   0x00000058   Code   RO         5906    i.SDMMC_GetCmdResp7  stm32f7xx_ll_sdmmc.o
    0x08006258   0x08006258   0x00000008   Code   RO         5910    i.SDMMC_GetPowerState  stm32f7xx_ll_sdmmc.o
    0x08006260   0x08006260   0x00000006   Code   RO         5911    i.SDMMC_GetResponse  stm32f7xx_ll_sdmmc.o
    0x08006266   0x08006266   0x00000022   Code   RO         5912    i.SDMMC_Init        stm32f7xx_ll_sdmmc.o
    0x08006288   0x08006288   0x00000008   Code   RO         5914    i.SDMMC_PowerState_ON  stm32f7xx_ll_sdmmc.o
    0x08006290   0x08006290   0x00000006   Code   RO         5915    i.SDMMC_ReadFIFO    stm32f7xx_ll_sdmmc.o
    0x08006296   0x08006296   0x00000022   Code   RO         5916    i.SDMMC_SendCommand  stm32f7xx_ll_sdmmc.o
    0x080062b8   0x080062b8   0x0000000a   Code   RO         5918    i.SDMMC_WriteFIFO   stm32f7xx_ll_sdmmc.o
    0x080062c2   0x080062c2   0x00000002   PAD
    0x080062c4   0x080062c4   0x00000020   Code   RO          846    i.SD_CheckStatus    sd_diskio.o
    0x080062e4   0x080062e4   0x000000dc   Code   RO         6192    i.SD_FindSCR        stm32f7xx_hal_sd.o
    0x080063c0   0x080063c0   0x000000ee   Code   RO         6193    i.SD_InitCard       stm32f7xx_hal_sd.o
    0x080064ae   0x080064ae   0x00000002   PAD
    0x080064b0   0x080064b0   0x000000b4   Code   RO         6194    i.SD_PowerON        stm32f7xx_hal_sd.o
    0x08006564   0x08006564   0x00000020   Code   RO          847    i.SD_initialize     sd_diskio.o
    0x08006584   0x08006584   0x00000058   Code   RO          848    i.SD_ioctl          sd_diskio.o
    0x080065dc   0x080065dc   0x00000026   Code   RO          849    i.SD_read           sd_diskio.o
    0x08006602   0x08006602   0x00000004   Code   RO          850    i.SD_status         sd_diskio.o
    0x08006606   0x08006606   0x00000002   PAD
    0x08006608   0x08006608   0x00000026   Code   RO          851    i.SD_write          sd_diskio.o
    0x0800662e   0x0800662e   0x00000002   Code   RO          372    i.SVC_Handler       stm32f7xx_it.o
    0x08006630   0x08006630   0x00000002   Code   RO          373    i.SysTick_Handler   stm32f7xx_it.o
    0x08006632   0x08006632   0x00000002   PAD
    0x08006634   0x08006634   0x000000d8   Code   RO           35    i.SystemClock_Config  main.o
    0x0800670c   0x0800670c   0x00000010   Code   RO         8340    i.SystemInit        system_stm32f7xx.o
    0x0800671c   0x0800671c   0x0000000c   Code   RO          374    i.TIM6_DAC_IRQHandler  stm32f7xx_it.o
    0x08006728   0x08006728   0x000000cc   Code   RO         6999    i.TIM_Base_SetConfig  stm32f7xx_hal_tim.o
    0x080067f4   0x080067f4   0x00000012   Code   RO         7010    i.TIM_ETR_SetConfig  stm32f7xx_hal_tim.o
    0x08006806   0x08006806   0x00000010   Code   RO         7011    i.TIM_ITRx_SetConfig  stm32f7xx_hal_tim.o
    0x08006816   0x08006816   0x00000002   PAD
    0x08006818   0x08006818   0x00000074   Code   RO         7012    i.TIM_OC1_SetConfig  stm32f7xx_hal_tim.o
    0x0800688c   0x0800688c   0x00000078   Code   RO         7013    i.TIM_OC2_SetConfig  stm32f7xx_hal_tim.o
    0x08006904   0x08006904   0x00000078   Code   RO         7014    i.TIM_OC3_SetConfig  stm32f7xx_hal_tim.o
    0x0800697c   0x0800697c   0x00000058   Code   RO         7015    i.TIM_OC4_SetConfig  stm32f7xx_hal_tim.o
    0x080069d4   0x080069d4   0x00000058   Code   RO         7016    i.TIM_OC5_SetConfig  stm32f7xx_hal_tim.o
    0x08006a2c   0x08006a2c   0x00000058   Code   RO         7017    i.TIM_OC6_SetConfig  stm32f7xx_hal_tim.o
    0x08006a84   0x08006a84   0x00000022   Code   RO         7019    i.TIM_TI1_ConfigInputStage  stm32f7xx_hal_tim.o
    0x08006aa6   0x08006aa6   0x00000024   Code   RO         7021    i.TIM_TI2_ConfigInputStage  stm32f7xx_hal_tim.o
    0x08006aca   0x08006aca   0x000000c8   Code   RO         7942    i.UART_AdvFeatureConfig  stm32f7xx_hal_uart.o
    0x08006b92   0x08006b92   0x00000040   Code   RO         7943    i.UART_CheckIdleState  stm32f7xx_hal_uart.o
    0x08006bd2   0x08006bd2   0x00000002   PAD
    0x08006bd4   0x08006bd4   0x00000230   Code   RO         7958    i.UART_SetConfig    stm32f7xx_hal_uart.o
    0x08006e04   0x08006e04   0x000000ca   Code   RO         7963    i.UART_WaitOnFlagUntilTimeout  stm32f7xx_hal_uart.o
    0x08006ece   0x08006ece   0x00000038   Code   RO         9139    i.USBH_AllocPipe    usbh_pipes.o
    0x08006f06   0x08006f06   0x00000020   Code   RO         9067    i.USBH_BulkReceiveData  usbh_ioreq.o
    0x08006f26   0x08006f26   0x00000028   Code   RO         9068    i.USBH_BulkSendData  usbh_ioreq.o
    0x08006f4e   0x08006f4e   0x00000024   Code   RO         9184    i.USBH_CDC_ClassRequest  usbh_cdc.o
    0x08006f72   0x08006f72   0x0000005e   Code   RO         9187    i.USBH_CDC_InterfaceDeInit  usbh_cdc.o
    0x08006fd0   0x08006fd0   0x00000144   Code   RO         9188    i.USBH_CDC_InterfaceInit  usbh_cdc.o
    0x08007114   0x08007114   0x00000002   Code   RO         9189    i.USBH_CDC_LineCodingChanged  usbh_cdc.o
    0x08007116   0x08007116   0x000000be   Code   RO         9190    i.USBH_CDC_Process  usbh_cdc.o
    0x080071d4   0x080071d4   0x00000002   Code   RO         9192    i.USBH_CDC_ReceiveCallback  usbh_cdc.o
    0x080071d6   0x080071d6   0x00000004   Code   RO         9193    i.USBH_CDC_SOFProcess  usbh_cdc.o
    0x080071da   0x080071da   0x00000002   Code   RO         9197    i.USBH_CDC_TransmitCallback  usbh_cdc.o
    0x080071dc   0x080071dc   0x0000000a   Code   RO         9140    i.USBH_ClosePipe    usbh_pipes.o
    0x080071e6   0x080071e6   0x00000022   Code   RO         8973    i.USBH_ClrFeature   usbh_ctlreq.o
    0x08007208   0x08007208   0x0000001e   Code   RO         9069    i.USBH_CtlReceiveData  usbh_ioreq.o
    0x08007226   0x08007226   0x0000003a   Code   RO         8974    i.USBH_CtlReq       usbh_ctlreq.o
    0x08007260   0x08007260   0x00000028   Code   RO         9070    i.USBH_CtlSendData  usbh_ioreq.o
    0x08007288   0x08007288   0x0000001e   Code   RO         9071    i.USBH_CtlSendSetup  usbh_ioreq.o
    0x080072a6   0x080072a6   0x00000004   Code   RO         1045    i.USBH_Delay        usbh_conf.o
    0x080072aa   0x080072aa   0x00000040   Code   RO         8840    i.USBH_FindInterface  usbh_core.o
    0x080072ea   0x080072ea   0x00000018   Code   RO         9141    i.USBH_FreePipe     usbh_pipes.o
    0x08007302   0x08007302   0x00000034   Code   RO         8975    i.USBH_GetDescriptor  usbh_ctlreq.o
    0x08007336   0x08007336   0x0000000e   Code   RO         8976    i.USBH_GetNextDesc  usbh_ctlreq.o
    0x08007344   0x08007344   0x0000002c   Code   RO         8977    i.USBH_Get_CfgDesc  usbh_ctlreq.o
    0x08007370   0x08007370   0x00000090   Code   RO         8978    i.USBH_Get_DevDesc  usbh_ctlreq.o
    0x08007400   0x08007400   0x00000048   Code   RO         8979    i.USBH_Get_StringDesc  usbh_ctlreq.o
    0x08007448   0x08007448   0x00000018   Code   RO         1046    i.USBH_Get_USB_Status  usbh_conf.o
    0x08007460   0x08007460   0x00000184   Code   RO         8980    i.USBH_HandleControl  usbh_ctlreq.o
    0x080075e4   0x080075e4   0x00000182   Code   RO         8843    i.USBH_HandleEnum   usbh_core.o
    0x08007766   0x08007766   0x0000003e   Code   RO         8844    i.USBH_Init         usbh_core.o
    0x080077a4   0x080077a4   0x00000012   Code   RO         1047    i.USBH_LL_ClosePipe  usbh_conf.o
    0x080077b6   0x080077b6   0x00000014   Code   RO         8846    i.USBH_LL_Connect   usbh_core.o
    0x080077ca   0x080077ca   0x0000002e   Code   RO         8847    i.USBH_LL_Disconnect  usbh_core.o
    0x080077f8   0x080077f8   0x0000001a   Code   RO         1049    i.USBH_LL_DriverVBUS  usbh_conf.o
    0x08007812   0x08007812   0x00000008   Code   RO         1050    i.USBH_LL_GetLastXferSize  usbh_conf.o
    0x0800781a   0x0800781a   0x00000022   Code   RO         1051    i.USBH_LL_GetSpeed  usbh_conf.o
    0x0800783c   0x0800783c   0x00000008   Code   RO         1053    i.USBH_LL_GetURBState  usbh_conf.o
    0x08007844   0x08007844   0x0000001e   Code   RO         8848    i.USBH_LL_IncTimer  usbh_core.o
    0x08007862   0x08007862   0x00000002   PAD
    0x08007864   0x08007864   0x00000050   Code   RO         1054    i.USBH_LL_Init      usbh_conf.o
    0x080078b4   0x080078b4   0x0000001c   Code   RO         1055    i.USBH_LL_OpenPipe  usbh_conf.o
    0x080078d0   0x080078d0   0x00000008   Code   RO         8849    i.USBH_LL_PortDisabled  usbh_core.o
    0x080078d8   0x080078d8   0x00000008   Code   RO         8850    i.USBH_LL_PortEnabled  usbh_core.o
    0x080078e0   0x080078e0   0x00000012   Code   RO         1056    i.USBH_LL_ResetPort  usbh_conf.o
    0x080078f2   0x080078f2   0x00000006   Code   RO         8851    i.USBH_LL_SetTimer  usbh_core.o
    0x080078f8   0x080078f8   0x00000024   Code   RO         1057    i.USBH_LL_SetToggle  usbh_conf.o
    0x0800791c   0x0800791c   0x00000012   Code   RO         1058    i.USBH_LL_Start     usbh_conf.o
    0x0800792e   0x0800792e   0x00000012   Code   RO         1059    i.USBH_LL_Stop      usbh_conf.o
    0x08007940   0x08007940   0x00000022   Code   RO         1060    i.USBH_LL_SubmitURB  usbh_conf.o
    0x08007962   0x08007962   0x00000014   Code   RO         9142    i.USBH_OpenPipe     usbh_pipes.o
    0x08007976   0x08007976   0x000000de   Code   RO         8981    i.USBH_ParseCfgDesc  usbh_ctlreq.o
    0x08007a54   0x08007a54   0x00000224   Code   RO         8852    i.USBH_Process      usbh_core.o
    0x08007c78   0x08007c78   0x0000001e   Code   RO         8854    i.USBH_RegisterClass  usbh_core.o
    0x08007c96   0x08007c96   0x00000016   Code   RO         8855    i.USBH_SelectInterface  usbh_core.o
    0x08007cac   0x08007cac   0x0000001c   Code   RO         8982    i.USBH_SetAddress   usbh_ctlreq.o
    0x08007cc8   0x08007cc8   0x0000001c   Code   RO         8983    i.USBH_SetCfg       usbh_ctlreq.o
    0x08007ce4   0x08007ce4   0x0000001c   Code   RO         8984    i.USBH_SetFeature   usbh_ctlreq.o
    0x08007d00   0x08007d00   0x00000014   Code   RO         8856    i.USBH_Start        usbh_core.o
    0x08007d14   0x08007d14   0x00000020   Code   RO          970    i.USBH_UserProcess  usb_host.o
    0x08007d34   0x08007d34   0x0000006c   Code   RO         1429    i.USB_CoreInit      stm32f7xx_ll_usb.o
    0x08007da0   0x08007da0   0x00000040   Code   RO         1430    i.USB_CoreReset     stm32f7xx_ll_usb.o
    0x08007de0   0x08007de0   0x0000000c   Code   RO         1437    i.USB_DisableGlobalInt  stm32f7xx_ll_usb.o
    0x08007dec   0x08007dec   0x00000024   Code   RO         1438    i.USB_DoPing        stm32f7xx_ll_usb.o
    0x08007e10   0x08007e10   0x0000002c   Code   RO         1439    i.USB_DriveVbus     stm32f7xx_ll_usb.o
    0x08007e3c   0x08007e3c   0x0000000c   Code   RO         1445    i.USB_EnableGlobalInt  stm32f7xx_ll_usb.o
    0x08007e48   0x08007e48   0x0000003c   Code   RO         1446    i.USB_FlushRxFifo   stm32f7xx_ll_usb.o
    0x08007e84   0x08007e84   0x00000040   Code   RO         1447    i.USB_FlushTxFifo   stm32f7xx_ll_usb.o
    0x08007ec4   0x08007ec4   0x00000008   Code   RO         1448    i.USB_GetCurrentFrame  stm32f7xx_ll_usb.o
    0x08007ecc   0x08007ecc   0x0000000e   Code   RO         1450    i.USB_GetHostSpeed  stm32f7xx_ll_usb.o
    0x08007eda   0x08007eda   0x00000008   Code   RO         1451    i.USB_GetMode       stm32f7xx_ll_usb.o
    0x08007ee2   0x08007ee2   0x000000c6   Code   RO         1452    i.USB_HC_Halt       stm32f7xx_ll_usb.o
    0x08007fa8   0x08007fa8   0x0000010e   Code   RO         1453    i.USB_HC_Init       stm32f7xx_ll_usb.o
    0x080080b6   0x080080b6   0x00000008   Code   RO         1454    i.USB_HC_ReadInterrupt  stm32f7xx_ll_usb.o
    0x080080be   0x080080be   0x00000140   Code   RO         1455    i.USB_HC_StartXfer  stm32f7xx_ll_usb.o
    0x080081fe   0x080081fe   0x00000002   PAD
    0x08008200   0x08008200   0x000000c0   Code   RO         1456    i.USB_HostInit      stm32f7xx_ll_usb.o
    0x080082c0   0x080082c0   0x00000038   Code   RO         1457    i.USB_InitFSLSPClkSel  stm32f7xx_ll_usb.o
    0x080082f8   0x080082f8   0x00000008   Code   RO         1462    i.USB_ReadInterrupts  stm32f7xx_ll_usb.o
    0x08008300   0x08008300   0x00000040   Code   RO         1463    i.USB_ReadPacket    stm32f7xx_ll_usb.o
    0x08008340   0x08008340   0x00000032   Code   RO         1464    i.USB_ResetPort     stm32f7xx_ll_usb.o
    0x08008372   0x08008372   0x0000005e   Code   RO         1465    i.USB_SetCurrentMode  stm32f7xx_ll_usb.o
    0x080083d0   0x080083d0   0x0000008e   Code   RO         1470    i.USB_StopHost      stm32f7xx_ll_usb.o
    0x0800845e   0x0800845e   0x00000002   PAD
    0x08008460   0x08008460   0x00000028   Code   RO         1471    i.USB_WritePacket   stm32f7xx_ll_usb.o
    0x08008488   0x08008488   0x00000002   Code   RO          375    i.UsageFault_Handler  stm32f7xx_it.o
    0x0800848a   0x0800848a   0x00000022   Code   RO         2514    i.__NVIC_SetPriority  stm32f7xx_hal_cortex.o
    0x080084ac   0x080084ac   0x0000000e   Code   RO         9362    i.__scatterload_copy  mc_w.l(handlers.o)
    0x080084ba   0x080084ba   0x00000002   Code   RO         9363    i.__scatterload_null  mc_w.l(handlers.o)
    0x080084bc   0x080084bc   0x0000000e   Code   RO         9364    i.__scatterload_zeroinit  mc_w.l(handlers.o)
    0x080084ca   0x080084ca   0x00000002   PAD
    0x080084cc   0x080084cc   0x00000050   Code   RO         9308    i.free              mc_w.l(malloc.o)
    0x0800851c   0x0800851c   0x000000fc   Code   RO           36    i.main              main.o
    0x08008618   0x08008618   0x0000006c   Code   RO         9309    i.malloc            mc_w.l(malloc.o)
    0x08008684   0x08008684   0x00000014   Data   RO          852    .constdata          sd_diskio.o
    0x08008698   0x08008698   0x00000010   Data   RO         8341    .constdata          system_stm32f7xx.o
    0x080086a8   0x080086a8   0x00000008   Data   RO         8342    .constdata          system_stm32f7xx.o
    0x080086b0   0x080086b0   0x00000004   Data   RO         9198    .conststring        usbh_cdc.o
    0x080086b4   0x080086b4   0x00000020   Data   RO         9360    Region$$Table       anon$$obj.o


    Execution Region RW_IRAM1 (Exec base: 0x20000000, Load base: 0x080086d4, Size: 0x00001568, Max: 0x00050000, ABSOLUTE)

    Exec Addr    Load Addr    Size         Type   Attr      Idx    E Section Name        Object

    0x20000000   0x080086d4   0x0000000c   Data   RW          498    .data               stm32f7xx_hal_msp.o
    0x2000000c   0x080086e0   0x00000001   Data   RW          853    .data               sd_diskio.o
    0x2000000d   0x080086e1   0x00000005   Data   RW          934    .data               fatfs.o
    0x20000012   0x080086e6   0x00000001   Data   RW          972    .data               usb_host.o
    0x20000013   0x080086e7   0x00000001   PAD
    0x20000014   0x080086e8   0x0000000c   Data   RW         2660    .data               stm32f7xx_hal.o
    0x20000020   0x080086f4   0x00000004   Data   RW         8343    .data               system_stm32f7xx.o
    0x20000024   0x080086f8   0x00000020   Data   RW         9199    .data               usbh_cdc.o
    0x20000044   0x08008718   0x00000004   Data   RW         9356    .data               mc_w.l(mvars.o)
    0x20000048   0x0800871c   0x00000004   Data   RW         9357    .data               mc_w.l(mvars.o)
    0x2000004c        -       0x000007e4   Zero   RW           37    .bss                main.o
    0x20000830        -       0x0000004c   Zero   RW          695    .bss                stm32f7xx_hal_timebase_tim.o
    0x2000087c        -       0x000003d8   Zero   RW          971    .bss                usb_host.o
    0x20000c54        -       0x00000304   Zero   RW         1061    .bss                usbh_conf.o
    0x20000f58        -       0x0000000c   Zero   RW         8768    .bss                ff_gen_drv.o
    0x20000f64   0x08008720   0x00000004   PAD
    0x20000f68        -       0x00000200   Zero   RW            2    HEAP                startup_stm32f750xx.o
    0x20001168        -       0x00000400   Zero   RW            1    STACK               startup_stm32f750xx.o

