15:43:02 **** Rebuild of configuration Debug for project Mortal Kombat ****
Info: Internal Builder is used for build
arm-atollic-eabi-gcc -c -mthumb -mcpu=cortex-m7 -mfloat-abi=hard -mfpu=fpv5-sp-d16 -std=gnu11 -DUSE_HAL_DRIVER -DSTM32F750xx -I../FATFS/Target -I../FATFS/App -I../USB_HOST/App -I../USB_HOST/Target -I../Core/Inc -I../Drivers/STM32F7xx_HAL_Driver/Inc -I../Drivers/STM32F7xx_HAL_Driver/Inc/Legacy -I../Middlewares/Third_Party/FatFs/src -I../Middlewares/ST/STM32_USB_Host_Library/Core/Inc -I../Middlewares/ST/STM32_USB_Host_Library/Class/CDC/Inc -I../Drivers/CMSIS/Device/ST/STM32F7xx/Include -I../Drivers/CMSIS/Include -ffunction-sections -fdata-sections -g -fstack-usage -Wall -specs=nano.specs -o Drivers\STM32F7xx_HAL_Driver\Src\stm32f7xx_hal_i2c.o ..\Drivers\STM32F7xx_HAL_Driver\Src\stm32f7xx_hal_i2c.c 
arm-atollic-eabi-gcc -c -mthumb -mcpu=cortex-m7 -mfloat-abi=hard -mfpu=fpv5-sp-d16 -std=gnu11 -DUSE_HAL_DRIVER -DSTM32F750xx -I../FATFS/Target -I../FATFS/App -I../USB_HOST/App -I../USB_HOST/Target -I../Core/Inc -I../Drivers/STM32F7xx_HAL_Driver/Inc -I../Drivers/STM32F7xx_HAL_Driver/Inc/Legacy -I../Middlewares/Third_Party/FatFs/src -I../Middlewares/ST/STM32_USB_Host_Library/Core/Inc -I../Middlewares/ST/STM32_USB_Host_Library/Class/CDC/Inc -I../Drivers/CMSIS/Device/ST/STM32F7xx/Include -I../Drivers/CMSIS/Include -ffunction-sections -fdata-sections -g -fstack-usage -Wall -specs=nano.specs -o Drivers\STM32F7xx_HAL_Driver\Src\stm32f7xx_hal_dsi.o ..\Drivers\STM32F7xx_HAL_Driver\Src\stm32f7xx_hal_dsi.c 
arm-atollic-eabi-gcc -c -mthumb -mcpu=cortex-m7 -mfloat-abi=hard -mfpu=fpv5-sp-d16 -std=gnu11 -DUSE_HAL_DRIVER -DSTM32F750xx -I../FATFS/Target -I../FATFS/App -I../USB_HOST/App -I../USB_HOST/Target -I../Core/Inc -I../Drivers/STM32F7xx_HAL_Driver/Inc -I../Drivers/STM32F7xx_HAL_Driver/Inc/Legacy -I../Middlewares/Third_Party/FatFs/src -I../Middlewares/ST/STM32_USB_Host_Library/Core/Inc -I../Middlewares/ST/STM32_USB_Host_Library/Class/CDC/Inc -I../Drivers/CMSIS/Device/ST/STM32F7xx/Include -I../Drivers/CMSIS/Include -ffunction-sections -fdata-sections -g -fstack-usage -Wall -specs=nano.specs -o FATFS\App\fatfs.o ..\FATFS\App\fatfs.c 
arm-atollic-eabi-gcc -c -mthumb -mcpu=cortex-m7 -mfloat-abi=hard -mfpu=fpv5-sp-d16 -std=gnu11 -DUSE_HAL_DRIVER -DSTM32F750xx -I../FATFS/Target -I../FATFS/App -I../USB_HOST/App -I../USB_HOST/Target -I../Core/Inc -I../Drivers/STM32F7xx_HAL_Driver/Inc -I../Drivers/STM32F7xx_HAL_Driver/Inc/Legacy -I../Middlewares/Third_Party/FatFs/src -I../Middlewares/ST/STM32_USB_Host_Library/Core/Inc -I../Middlewares/ST/STM32_USB_Host_Library/Class/CDC/Inc -I../Drivers/CMSIS/Device/ST/STM32F7xx/Include -I../Drivers/CMSIS/Include -ffunction-sections -fdata-sections -g -fstack-usage -Wall -specs=nano.specs -o Drivers\STM32F7xx_HAL_Driver\Src\stm32f7xx_hal_flash_ex.o ..\Drivers\STM32F7xx_HAL_Driver\Src\stm32f7xx_hal_flash_ex.c 
arm-atollic-eabi-gcc -c -mthumb -mcpu=cortex-m7 -mfloat-abi=hard -mfpu=fpv5-sp-d16 -std=gnu11 -DUSE_HAL_DRIVER -DSTM32F750xx -I../FATFS/Target -I../FATFS/App -I../USB_HOST/App -I../USB_HOST/Target -I../Core/Inc -I../Drivers/STM32F7xx_HAL_Driver/Inc -I../Drivers/STM32F7xx_HAL_Driver/Inc/Legacy -I../Middlewares/Third_Party/FatFs/src -I../Middlewares/ST/STM32_USB_Host_Library/Core/Inc -I../Middlewares/ST/STM32_USB_Host_Library/Class/CDC/Inc -I../Drivers/CMSIS/Device/ST/STM32F7xx/Include -I../Drivers/CMSIS/Include -ffunction-sections -fdata-sections -g -fstack-usage -Wall -specs=nano.specs -o Drivers\STM32F7xx_HAL_Driver\Src\stm32f7xx_hal_rtc_ex.o ..\Drivers\STM32F7xx_HAL_Driver\Src\stm32f7xx_hal_rtc_ex.c 
arm-atollic-eabi-gcc -c -mthumb -mcpu=cortex-m7 -mfloat-abi=hard -mfpu=fpv5-sp-d16 -std=gnu11 -DUSE_HAL_DRIVER -DSTM32F750xx -I../FATFS/Target -I../FATFS/App -I../USB_HOST/App -I../USB_HOST/Target -I../Core/Inc -I../Drivers/STM32F7xx_HAL_Driver/Inc -I../Drivers/STM32F7xx_HAL_Driver/Inc/Legacy -I../Middlewares/Third_Party/FatFs/src -I../Middlewares/ST/STM32_USB_Host_Library/Core/Inc -I../Middlewares/ST/STM32_USB_Host_Library/Class/CDC/Inc -I../Drivers/CMSIS/Device/ST/STM32F7xx/Include -I../Drivers/CMSIS/Include -ffunction-sections -fdata-sections -g -fstack-usage -Wall -specs=nano.specs -o Drivers\STM32F7xx_HAL_Driver\Src\stm32f7xx_hal_sdram.o ..\Drivers\STM32F7xx_HAL_Driver\Src\stm32f7xx_hal_sdram.c 
arm-atollic-eabi-gcc -c -mthumb -mcpu=cortex-m7 -mfloat-abi=hard -mfpu=fpv5-sp-d16 -g -Wa,--no-warn -x assembler-with-cpp -specs=nano.specs -o startup\startup_stm32f750xx.o ..\startup\startup_stm32f750xx.s 
arm-atollic-eabi-gcc -c -mthumb -mcpu=cortex-m7 -mfloat-abi=hard -mfpu=fpv5-sp-d16 -std=gnu11 -DUSE_HAL_DRIVER -DSTM32F750xx -I../FATFS/Target -I../FATFS/App -I../USB_HOST/App -I../USB_HOST/Target -I../Core/Inc -I../Drivers/STM32F7xx_HAL_Driver/Inc -I../Drivers/STM32F7xx_HAL_Driver/Inc/Legacy -I../Middlewares/Third_Party/FatFs/src -I../Middlewares/ST/STM32_USB_Host_Library/Core/Inc -I../Middlewares/ST/STM32_USB_Host_Library/Class/CDC/Inc -I../Drivers/CMSIS/Device/ST/STM32F7xx/Include -I../Drivers/CMSIS/Include -ffunction-sections -fdata-sections -g -fstack-usage -Wall -specs=nano.specs -o Core\Src\stm32f7xx_hal_timebase_tim.o ..\Core\Src\stm32f7xx_hal_timebase_tim.c 
arm-atollic-eabi-gcc -c -mthumb -mcpu=cortex-m7 -mfloat-abi=hard -mfpu=fpv5-sp-d16 -std=gnu11 -DUSE_HAL_DRIVER -DSTM32F750xx -I../FATFS/Target -I../FATFS/App -I../USB_HOST/App -I../USB_HOST/Target -I../Core/Inc -I../Drivers/STM32F7xx_HAL_Driver/Inc -I../Drivers/STM32F7xx_HAL_Driver/Inc/Legacy -I../Middlewares/Third_Party/FatFs/src -I../Middlewares/ST/STM32_USB_Host_Library/Core/Inc -I../Middlewares/ST/STM32_USB_Host_Library/Class/CDC/Inc -I../Drivers/CMSIS/Device/ST/STM32F7xx/Include -I../Drivers/CMSIS/Include -ffunction-sections -fdata-sections -g -fstack-usage -Wall -specs=nano.specs -o Middlewares\Third_Party\FatFs\src\option\syscall.o ..\Middlewares\Third_Party\FatFs\src\option\syscall.c 
arm-atollic-eabi-gcc -c -mthumb -mcpu=cortex-m7 -mfloat-abi=hard -mfpu=fpv5-sp-d16 -std=gnu11 -DUSE_HAL_DRIVER -DSTM32F750xx -I../FATFS/Target -I../FATFS/App -I../USB_HOST/App -I../USB_HOST/Target -I../Core/Inc -I../Drivers/STM32F7xx_HAL_Driver/Inc -I../Drivers/STM32F7xx_HAL_Driver/Inc/Legacy -I../Middlewares/Third_Party/FatFs/src -I../Middlewares/ST/STM32_USB_Host_Library/Core/Inc -I../Middlewares/ST/STM32_USB_Host_Library/Class/CDC/Inc -I../Drivers/CMSIS/Device/ST/STM32F7xx/Include -I../Drivers/CMSIS/Include -ffunction-sections -fdata-sections -g -fstack-usage -Wall -specs=nano.specs -o Middlewares\ST\STM32_USB_Host_Library\Class\CDC\Src\usbh_cdc.o ..\Middlewares\ST\STM32_USB_Host_Library\Class\CDC\Src\usbh_cdc.c 
arm-atollic-eabi-gcc -c -mthumb -mcpu=cortex-m7 -mfloat-abi=hard -mfpu=fpv5-sp-d16 -std=gnu11 -DUSE_HAL_DRIVER -DSTM32F750xx -I../FATFS/Target -I../FATFS/App -I../USB_HOST/App -I../USB_HOST/Target -I../Core/Inc -I../Drivers/STM32F7xx_HAL_Driver/Inc -I../Drivers/STM32F7xx_HAL_Driver/Inc/Legacy -I../Middlewares/Third_Party/FatFs/src -I../Middlewares/ST/STM32_USB_Host_Library/Core/Inc -I../Middlewares/ST/STM32_USB_Host_Library/Class/CDC/Inc -I../Drivers/CMSIS/Device/ST/STM32F7xx/Include -I../Drivers/CMSIS/Include -ffunction-sections -fdata-sections -g -fstack-usage -Wall -specs=nano.specs -o Drivers\STM32F7xx_HAL_Driver\Src\stm32f7xx_hal_spdifrx.o ..\Drivers\STM32F7xx_HAL_Driver\Src\stm32f7xx_hal_spdifrx.c 
arm-atollic-eabi-gcc -c -mthumb -mcpu=cortex-m7 -mfloat-abi=hard -mfpu=fpv5-sp-d16 -std=gnu11 -DUSE_HAL_DRIVER -DSTM32F750xx -I../FATFS/Target -I../FATFS/App -I../USB_HOST/App -I../USB_HOST/Target -I../Core/Inc -I../Drivers/STM32F7xx_HAL_Driver/Inc -I../Drivers/STM32F7xx_HAL_Driver/Inc/Legacy -I../Middlewares/Third_Party/FatFs/src -I../Middlewares/ST/STM32_USB_Host_Library/Core/Inc -I../Middlewares/ST/STM32_USB_Host_Library/Class/CDC/Inc -I../Drivers/CMSIS/Device/ST/STM32F7xx/Include -I../Drivers/CMSIS/Include -ffunction-sections -fdata-sections -g -fstack-usage -Wall -specs=nano.specs -o Drivers\STM32F7xx_HAL_Driver\Src\stm32f7xx_ll_usb.o ..\Drivers\STM32F7xx_HAL_Driver\Src\stm32f7xx_ll_usb.c 
arm-atollic-eabi-gcc -c -mthumb -mcpu=cortex-m7 -mfloat-abi=hard -mfpu=fpv5-sp-d16 -std=gnu11 -DUSE_HAL_DRIVER -DSTM32F750xx -I../FATFS/Target -I../FATFS/App -I../USB_HOST/App -I../USB_HOST/Target -I../Core/Inc -I../Drivers/STM32F7xx_HAL_Driver/Inc -I../Drivers/STM32F7xx_HAL_Driver/Inc/Legacy -I../Middlewares/Third_Party/FatFs/src -I../Middlewares/ST/STM32_USB_Host_Library/Core/Inc -I../Middlewares/ST/STM32_USB_Host_Library/Class/CDC/Inc -I../Drivers/CMSIS/Device/ST/STM32F7xx/Include -I../Drivers/CMSIS/Include -ffunction-sections -fdata-sections -g -fstack-usage -Wall -specs=nano.specs -o Drivers\STM32F7xx_HAL_Driver\Src\stm32f7xx_hal_spi.o ..\Drivers\STM32F7xx_HAL_Driver\Src\stm32f7xx_hal_spi.c 
arm-atollic-eabi-gcc -c -mthumb -mcpu=cortex-m7 -mfloat-abi=hard -mfpu=fpv5-sp-d16 -std=gnu11 -DUSE_HAL_DRIVER -DSTM32F750xx -I../FATFS/Target -I../FATFS/App -I../USB_HOST/App -I../USB_HOST/Target -I../Core/Inc -I../Drivers/STM32F7xx_HAL_Driver/Inc -I../Drivers/STM32F7xx_HAL_Driver/Inc/Legacy -I../Middlewares/Third_Party/FatFs/src -I../Middlewares/ST/STM32_USB_Host_Library/Core/Inc -I../Middlewares/ST/STM32_USB_Host_Library/Class/CDC/Inc -I../Drivers/CMSIS/Device/ST/STM32F7xx/Include -I../Drivers/CMSIS/Include -ffunction-sections -fdata-sections -g -fstack-usage -Wall -specs=nano.specs -o Middlewares\ST\STM32_USB_Host_Library\Core\Src\usbh_core.o ..\Middlewares\ST\STM32_USB_Host_Library\Core\Src\usbh_core.c 
arm-atollic-eabi-gcc -c -mthumb -mcpu=cortex-m7 -mfloat-abi=hard -mfpu=fpv5-sp-d16 -std=gnu11 -DUSE_HAL_DRIVER -DSTM32F750xx -I../FATFS/Target -I../FATFS/App -I../USB_HOST/App -I../USB_HOST/Target -I../Core/Inc -I../Drivers/STM32F7xx_HAL_Driver/Inc -I../Drivers/STM32F7xx_HAL_Driver/Inc/Legacy -I../Middlewares/Third_Party/FatFs/src -I../Middlewares/ST/STM32_USB_Host_Library/Core/Inc -I../Middlewares/ST/STM32_USB_Host_Library/Class/CDC/Inc -I../Drivers/CMSIS/Device/ST/STM32F7xx/Include -I../Drivers/CMSIS/Include -ffunction-sections -fdata-sections -g -fstack-usage -Wall -specs=nano.specs -o Core\Src\system_stm32f7xx.o ..\Core\Src\system_stm32f7xx.c 
arm-atollic-eabi-gcc -c -mthumb -mcpu=cortex-m7 -mfloat-abi=hard -mfpu=fpv5-sp-d16 -std=gnu11 -DUSE_HAL_DRIVER -DSTM32F750xx -I../FATFS/Target -I../FATFS/App -I../USB_HOST/App -I../USB_HOST/Target -I../Core/Inc -I../Drivers/STM32F7xx_HAL_Driver/Inc -I../Drivers/STM32F7xx_HAL_Driver/Inc/Legacy -I../Middlewares/Third_Party/FatFs/src -I../Middlewares/ST/STM32_USB_Host_Library/Core/Inc -I../Middlewares/ST/STM32_USB_Host_Library/Class/CDC/Inc -I../Drivers/CMSIS/Device/ST/STM32F7xx/Include -I../Drivers/CMSIS/Include -ffunction-sections -fdata-sections -g -fstack-usage -Wall -specs=nano.specs -o Drivers\STM32F7xx_HAL_Driver\Src\stm32f7xx_hal_tim_ex.o ..\Drivers\STM32F7xx_HAL_Driver\Src\stm32f7xx_hal_tim_ex.c 
arm-atollic-eabi-gcc -c -mthumb -mcpu=cortex-m7 -mfloat-abi=hard -mfpu=fpv5-sp-d16 -std=gnu11 -DUSE_HAL_DRIVER -DSTM32F750xx -I../FATFS/Target -I../FATFS/App -I../USB_HOST/App -I../USB_HOST/Target -I../Core/Inc -I../Drivers/STM32F7xx_HAL_Driver/Inc -I../Drivers/STM32F7xx_HAL_Driver/Inc/Legacy -I../Middlewares/Third_Party/FatFs/src -I../Middlewares/ST/STM32_USB_Host_Library/Core/Inc -I../Middlewares/ST/STM32_USB_Host_Library/Class/CDC/Inc -I../Drivers/CMSIS/Device/ST/STM32F7xx/Include -I../Drivers/CMSIS/Include -ffunction-sections -fdata-sections -g -fstack-usage -Wall -specs=nano.specs -o Drivers\STM32F7xx_HAL_Driver\Src\stm32f7xx_hal_uart.o ..\Drivers\STM32F7xx_HAL_Driver\Src\stm32f7xx_hal_uart.c 
arm-atollic-eabi-gcc -c -mthumb -mcpu=cortex-m7 -mfloat-abi=hard -mfpu=fpv5-sp-d16 -std=gnu11 -DUSE_HAL_DRIVER -DSTM32F750xx -I../FATFS/Target -I../FATFS/App -I../USB_HOST/App -I../USB_HOST/Target -I../Core/Inc -I../Drivers/STM32F7xx_HAL_Driver/Inc -I../Drivers/STM32F7xx_HAL_Driver/Inc/Legacy -I../Middlewares/Third_Party/FatFs/src -I../Middlewares/ST/STM32_USB_Host_Library/Core/Inc -I../Middlewares/ST/STM32_USB_Host_Library/Class/CDC/Inc -I../Drivers/CMSIS/Device/ST/STM32F7xx/Include -I../Drivers/CMSIS/Include -ffunction-sections -fdata-sections -g -fstack-usage -Wall -specs=nano.specs -o Drivers\STM32F7xx_HAL_Driver\Src\stm32f7xx_hal_rtc.o ..\Drivers\STM32F7xx_HAL_Driver\Src\stm32f7xx_hal_rtc.c 
arm-atollic-eabi-gcc -c -mthumb -mcpu=cortex-m7 -mfloat-abi=hard -mfpu=fpv5-sp-d16 -std=gnu11 -DUSE_HAL_DRIVER -DSTM32F750xx -I../FATFS/Target -I../FATFS/App -I../USB_HOST/App -I../USB_HOST/Target -I../Core/Inc -I../Drivers/STM32F7xx_HAL_Driver/Inc -I../Drivers/STM32F7xx_HAL_Driver/Inc/Legacy -I../Middlewares/Third_Party/FatFs/src -I../Middlewares/ST/STM32_USB_Host_Library/Core/Inc -I../Middlewares/ST/STM32_USB_Host_Library/Class/CDC/Inc -I../Drivers/CMSIS/Device/ST/STM32F7xx/Include -I../Drivers/CMSIS/Include -ffunction-sections -fdata-sections -g -fstack-usage -Wall -specs=nano.specs -o Drivers\STM32F7xx_HAL_Driver\Src\stm32f7xx_hal_flash.o ..\Drivers\STM32F7xx_HAL_Driver\Src\stm32f7xx_hal_flash.c 
arm-atollic-eabi-gcc -c -mthumb -mcpu=cortex-m7 -mfloat-abi=hard -mfpu=fpv5-sp-d16 -std=gnu11 -DUSE_HAL_DRIVER -DSTM32F750xx -I../FATFS/Target -I../FATFS/App -I../USB_HOST/App -I../USB_HOST/Target -I../Core/Inc -I../Drivers/STM32F7xx_HAL_Driver/Inc -I../Drivers/STM32F7xx_HAL_Driver/Inc/Legacy -I../Middlewares/Third_Party/FatFs/src -I../Middlewares/ST/STM32_USB_Host_Library/Core/Inc -I../Middlewares/ST/STM32_USB_Host_Library/Class/CDC/Inc -I../Drivers/CMSIS/Device/ST/STM32F7xx/Include -I../Drivers/CMSIS/Include -ffunction-sections -fdata-sections -g -fstack-usage -Wall -specs=nano.specs -o Drivers\STM32F7xx_HAL_Driver\Src\stm32f7xx_hal_qspi.o ..\Drivers\STM32F7xx_HAL_Driver\Src\stm32f7xx_hal_qspi.c 
arm-atollic-eabi-gcc -c -mthumb -mcpu=cortex-m7 -mfloat-abi=hard -mfpu=fpv5-sp-d16 -std=gnu11 -DUSE_HAL_DRIVER -DSTM32F750xx -I../FATFS/Target -I../FATFS/App -I../USB_HOST/App -I../USB_HOST/Target -I../Core/Inc -I../Drivers/STM32F7xx_HAL_Driver/Inc -I../Drivers/STM32F7xx_HAL_Driver/Inc/Legacy -I../Middlewares/Third_Party/FatFs/src -I../Middlewares/ST/STM32_USB_Host_Library/Core/Inc -I../Middlewares/ST/STM32_USB_Host_Library/Class/CDC/Inc -I../Drivers/CMSIS/Device/ST/STM32F7xx/Include -I../Drivers/CMSIS/Include -ffunction-sections -fdata-sections -g -fstack-usage -Wall -specs=nano.specs -o Drivers\STM32F7xx_HAL_Driver\Src\stm32f7xx_hal_adc_ex.o ..\Drivers\STM32F7xx_HAL_Driver\Src\stm32f7xx_hal_adc_ex.c 
arm-atollic-eabi-gcc -c -mthumb -mcpu=cortex-m7 -mfloat-abi=hard -mfpu=fpv5-sp-d16 -std=gnu11 -DUSE_HAL_DRIVER -DSTM32F750xx -I../FATFS/Target -I../FATFS/App -I../USB_HOST/App -I../USB_HOST/Target -I../Core/Inc -I../Drivers/STM32F7xx_HAL_Driver/Inc -I../Drivers/STM32F7xx_HAL_Driver/Inc/Legacy -I../Middlewares/Third_Party/FatFs/src -I../Middlewares/ST/STM32_USB_Host_Library/Core/Inc -I../Middlewares/ST/STM32_USB_Host_Library/Class/CDC/Inc -I../Drivers/CMSIS/Device/ST/STM32F7xx/Include -I../Drivers/CMSIS/Include -ffunction-sections -fdata-sections -g -fstack-usage -Wall -specs=nano.specs -o Drivers\STM32F7xx_HAL_Driver\Src\stm32f7xx_hal_sai.o ..\Drivers\STM32F7xx_HAL_Driver\Src\stm32f7xx_hal_sai.c 
arm-atollic-eabi-gcc -c -mthumb -mcpu=cortex-m7 -mfloat-abi=hard -mfpu=fpv5-sp-d16 -std=gnu11 -DUSE_HAL_DRIVER -DSTM32F750xx -I../FATFS/Target -I../FATFS/App -I../USB_HOST/App -I../USB_HOST/Target -I../Core/Inc -I../Drivers/STM32F7xx_HAL_Driver/Inc -I../Drivers/STM32F7xx_HAL_Driver/Inc/Legacy -I../Middlewares/Third_Party/FatFs/src -I../Middlewares/ST/STM32_USB_Host_Library/Core/Inc -I../Middlewares/ST/STM32_USB_Host_Library/Class/CDC/Inc -I../Drivers/CMSIS/Device/ST/STM32F7xx/Include -I../Drivers/CMSIS/Include -ffunction-sections -fdata-sections -g -fstack-usage -Wall -specs=nano.specs -o Middlewares\Third_Party\FatFs\src\diskio.o ..\Middlewares\Third_Party\FatFs\src\diskio.c 
arm-atollic-eabi-gcc -c -mthumb -mcpu=cortex-m7 -mfloat-abi=hard -mfpu=fpv5-sp-d16 -std=gnu11 -DUSE_HAL_DRIVER -DSTM32F750xx -I../FATFS/Target -I../FATFS/App -I../USB_HOST/App -I../USB_HOST/Target -I../Core/Inc -I../Drivers/STM32F7xx_HAL_Driver/Inc -I../Drivers/STM32F7xx_HAL_Driver/Inc/Legacy -I../Middlewares/Third_Party/FatFs/src -I../Middlewares/ST/STM32_USB_Host_Library/Core/Inc -I../Middlewares/ST/STM32_USB_Host_Library/Class/CDC/Inc -I../Drivers/CMSIS/Device/ST/STM32F7xx/Include -I../Drivers/CMSIS/Include -ffunction-sections -fdata-sections -g -fstack-usage -Wall -specs=nano.specs -o Drivers\STM32F7xx_HAL_Driver\Src\stm32f7xx_hal_crc.o ..\Drivers\STM32F7xx_HAL_Driver\Src\stm32f7xx_hal_crc.c 
arm-atollic-eabi-gcc -c -mthumb -mcpu=cortex-m7 -mfloat-abi=hard -mfpu=fpv5-sp-d16 -std=gnu11 -DUSE_HAL_DRIVER -DSTM32F750xx -I../FATFS/Target -I../FATFS/App -I../USB_HOST/App -I../USB_HOST/Target -I../Core/Inc -I../Drivers/STM32F7xx_HAL_Driver/Inc -I../Drivers/STM32F7xx_HAL_Driver/Inc/Legacy -I../Middlewares/Third_Party/FatFs/src -I../Middlewares/ST/STM32_USB_Host_Library/Core/Inc -I../Middlewares/ST/STM32_USB_Host_Library/Class/CDC/Inc -I../Drivers/CMSIS/Device/ST/STM32F7xx/Include -I../Drivers/CMSIS/Include -ffunction-sections -fdata-sections -g -fstack-usage -Wall -specs=nano.specs -o Drivers\STM32F7xx_HAL_Driver\Src\stm32f7xx_hal_ltdc.o ..\Drivers\STM32F7xx_HAL_Driver\Src\stm32f7xx_hal_ltdc.c 
arm-atollic-eabi-gcc -c -mthumb -mcpu=cortex-m7 -mfloat-abi=hard -mfpu=fpv5-sp-d16 -std=gnu11 -DUSE_HAL_DRIVER -DSTM32F750xx -I../FATFS/Target -I../FATFS/App -I../USB_HOST/App -I../USB_HOST/Target -I../Core/Inc -I../Drivers/STM32F7xx_HAL_Driver/Inc -I../Drivers/STM32F7xx_HAL_Driver/Inc/Legacy -I../Middlewares/Third_Party/FatFs/src -I../Middlewares/ST/STM32_USB_Host_Library/Core/Inc -I../Middlewares/ST/STM32_USB_Host_Library/Class/CDC/Inc -I../Drivers/CMSIS/Device/ST/STM32F7xx/Include -I../Drivers/CMSIS/Include -ffunction-sections -fdata-sections -g -fstack-usage -Wall -specs=nano.specs -o Drivers\STM32F7xx_HAL_Driver\Src\stm32f7xx_hal_dma_ex.o ..\Drivers\STM32F7xx_HAL_Driver\Src\stm32f7xx_hal_dma_ex.c 
arm-atollic-eabi-gcc -c -mthumb -mcpu=cortex-m7 -mfloat-abi=hard -mfpu=fpv5-sp-d16 -std=gnu11 -DUSE_HAL_DRIVER -DSTM32F750xx -I../FATFS/Target -I../FATFS/App -I../USB_HOST/App -I../USB_HOST/Target -I../Core/Inc -I../Drivers/STM32F7xx_HAL_Driver/Inc -I../Drivers/STM32F7xx_HAL_Driver/Inc/Legacy -I../Middlewares/Third_Party/FatFs/src -I../Middlewares/ST/STM32_USB_Host_Library/Core/Inc -I../Middlewares/ST/STM32_USB_Host_Library/Class/CDC/Inc -I../Drivers/CMSIS/Device/ST/STM32F7xx/Include -I../Drivers/CMSIS/Include -ffunction-sections -fdata-sections -g -fstack-usage -Wall -specs=nano.specs -o Drivers\STM32F7xx_HAL_Driver\Src\stm32f7xx_hal_ltdc_ex.o ..\Drivers\STM32F7xx_HAL_Driver\Src\stm32f7xx_hal_ltdc_ex.c 
arm-atollic-eabi-gcc -c -mthumb -mcpu=cortex-m7 -mfloat-abi=hard -mfpu=fpv5-sp-d16 -std=gnu11 -DUSE_HAL_DRIVER -DSTM32F750xx -I../FATFS/Target -I../FATFS/App -I../USB_HOST/App -I../USB_HOST/Target -I../Core/Inc -I../Drivers/STM32F7xx_HAL_Driver/Inc -I../Drivers/STM32F7xx_HAL_Driver/Inc/Legacy -I../Middlewares/Third_Party/FatFs/src -I../Middlewares/ST/STM32_USB_Host_Library/Core/Inc -I../Middlewares/ST/STM32_USB_Host_Library/Class/CDC/Inc -I../Drivers/CMSIS/Device/ST/STM32F7xx/Include -I../Drivers/CMSIS/Include -ffunction-sections -fdata-sections -g -fstack-usage -Wall -specs=nano.specs -o FATFS\Target\bsp_driver_sd.o ..\FATFS\Target\bsp_driver_sd.c 
arm-atollic-eabi-gcc -c -mthumb -mcpu=cortex-m7 -mfloat-abi=hard -mfpu=fpv5-sp-d16 -std=gnu11 -DUSE_HAL_DRIVER -DSTM32F750xx -I../FATFS/Target -I../FATFS/App -I../USB_HOST/App -I../USB_HOST/Target -I../Core/Inc -I../Drivers/STM32F7xx_HAL_Driver/Inc -I../Drivers/STM32F7xx_HAL_Driver/Inc/Legacy -I../Middlewares/Third_Party/FatFs/src -I../Middlewares/ST/STM32_USB_Host_Library/Core/Inc -I../Middlewares/ST/STM32_USB_Host_Library/Class/CDC/Inc -I../Drivers/CMSIS/Device/ST/STM32F7xx/Include -I../Drivers/CMSIS/Include -ffunction-sections -fdata-sections -g -fstack-usage -Wall -specs=nano.specs -o Drivers\STM32F7xx_HAL_Driver\Src\stm32f7xx_hal_uart_ex.o ..\Drivers\STM32F7xx_HAL_Driver\Src\stm32f7xx_hal_uart_ex.c 
arm-atollic-eabi-gcc -c -mthumb -mcpu=cortex-m7 -mfloat-abi=hard -mfpu=fpv5-sp-d16 -std=gnu11 -DUSE_HAL_DRIVER -DSTM32F750xx -I../FATFS/Target -I../FATFS/App -I../USB_HOST/App -I../USB_HOST/Target -I../Core/Inc -I../Drivers/STM32F7xx_HAL_Driver/Inc -I../Drivers/STM32F7xx_HAL_Driver/Inc/Legacy -I../Middlewares/Third_Party/FatFs/src -I../Middlewares/ST/STM32_USB_Host_Library/Core/Inc -I../Middlewares/ST/STM32_USB_Host_Library/Class/CDC/Inc -I../Drivers/CMSIS/Device/ST/STM32F7xx/Include -I../Drivers/CMSIS/Include -ffunction-sections -fdata-sections -g -fstack-usage -Wall -specs=nano.specs -o FATFS\Target\sd_diskio.o ..\FATFS\Target\sd_diskio.c 
arm-atollic-eabi-gcc -c -mthumb -mcpu=cortex-m7 -mfloat-abi=hard -mfpu=fpv5-sp-d16 -std=gnu11 -DUSE_HAL_DRIVER -DSTM32F750xx -I../FATFS/Target -I../FATFS/App -I../USB_HOST/App -I../USB_HOST/Target -I../Core/Inc -I../Drivers/STM32F7xx_HAL_Driver/Inc -I../Drivers/STM32F7xx_HAL_Driver/Inc/Legacy -I../Middlewares/Third_Party/FatFs/src -I../Middlewares/ST/STM32_USB_Host_Library/Core/Inc -I../Middlewares/ST/STM32_USB_Host_Library/Class/CDC/Inc -I../Drivers/CMSIS/Device/ST/STM32F7xx/Include -I../Drivers/CMSIS/Include -ffunction-sections -fdata-sections -g -fstack-usage -Wall -specs=nano.specs -o Drivers\STM32F7xx_HAL_Driver\Src\stm32f7xx_hal_tim.o ..\Drivers\STM32F7xx_HAL_Driver\Src\stm32f7xx_hal_tim.c 
arm-atollic-eabi-gcc -c -mthumb -mcpu=cortex-m7 -mfloat-abi=hard -mfpu=fpv5-sp-d16 -std=gnu11 -DUSE_HAL_DRIVER -DSTM32F750xx -I../FATFS/Target -I../FATFS/App -I../USB_HOST/App -I../USB_HOST/Target -I../Core/Inc -I../Drivers/STM32F7xx_HAL_Driver/Inc -I../Drivers/STM32F7xx_HAL_Driver/Inc/Legacy -I../Middlewares/Third_Party/FatFs/src -I../Middlewares/ST/STM32_USB_Host_Library/Core/Inc -I../Middlewares/ST/STM32_USB_Host_Library/Class/CDC/Inc -I../Drivers/CMSIS/Device/ST/STM32F7xx/Include -I../Drivers/CMSIS/Include -ffunction-sections -fdata-sections -g -fstack-usage -Wall -specs=nano.specs -o Drivers\STM32F7xx_HAL_Driver\Src\stm32f7xx_hal_dcmi_ex.o ..\Drivers\STM32F7xx_HAL_Driver\Src\stm32f7xx_hal_dcmi_ex.c 
arm-atollic-eabi-gcc -c -mthumb -mcpu=cortex-m7 -mfloat-abi=hard -mfpu=fpv5-sp-d16 -std=gnu11 -DUSE_HAL_DRIVER -DSTM32F750xx -I../FATFS/Target -I../FATFS/App -I../USB_HOST/App -I../USB_HOST/Target -I../Core/Inc -I../Drivers/STM32F7xx_HAL_Driver/Inc -I../Drivers/STM32F7xx_HAL_Driver/Inc/Legacy -I../Middlewares/Third_Party/FatFs/src -I../Middlewares/ST/STM32_USB_Host_Library/Core/Inc -I../Middlewares/ST/STM32_USB_Host_Library/Class/CDC/Inc -I../Drivers/CMSIS/Device/ST/STM32F7xx/Include -I../Drivers/CMSIS/Include -ffunction-sections -fdata-sections -g -fstack-usage -Wall -specs=nano.specs -o Drivers\STM32F7xx_HAL_Driver\Src\stm32f7xx_hal_i2c_ex.o ..\Drivers\STM32F7xx_HAL_Driver\Src\stm32f7xx_hal_i2c_ex.c 
arm-atollic-eabi-gcc -c -mthumb -mcpu=cortex-m7 -mfloat-abi=hard -mfpu=fpv5-sp-d16 -std=gnu11 -DUSE_HAL_DRIVER -DSTM32F750xx -I../FATFS/Target -I../FATFS/App -I../USB_HOST/App -I../USB_HOST/Target -I../Core/Inc -I../Drivers/STM32F7xx_HAL_Driver/Inc -I../Drivers/STM32F7xx_HAL_Driver/Inc/Legacy -I../Middlewares/Third_Party/FatFs/src -I../Middlewares/ST/STM32_USB_Host_Library/Core/Inc -I../Middlewares/ST/STM32_USB_Host_Library/Class/CDC/Inc -I../Drivers/CMSIS/Device/ST/STM32F7xx/Include -I../Drivers/CMSIS/Include -ffunction-sections -fdata-sections -g -fstack-usage -Wall -specs=nano.specs -o USB_HOST\Target\usbh_platform.o ..\USB_HOST\Target\usbh_platform.c 
arm-atollic-eabi-gcc -c -mthumb -mcpu=cortex-m7 -mfloat-abi=hard -mfpu=fpv5-sp-d16 -std=gnu11 -DUSE_HAL_DRIVER -DSTM32F750xx -I../FATFS/Target -I../FATFS/App -I../USB_HOST/App -I../USB_HOST/Target -I../Core/Inc -I../Drivers/STM32F7xx_HAL_Driver/Inc -I../Drivers/STM32F7xx_HAL_Driver/Inc/Legacy -I../Middlewares/Third_Party/FatFs/src -I../Middlewares/ST/STM32_USB_Host_Library/Core/Inc -I../Middlewares/ST/STM32_USB_Host_Library/Class/CDC/Inc -I../Drivers/CMSIS/Device/ST/STM32F7xx/Include -I../Drivers/CMSIS/Include -ffunction-sections -fdata-sections -g -fstack-usage -Wall -specs=nano.specs -o FATFS\Target\fatfs_platform.o ..\FATFS\Target\fatfs_platform.c 
arm-atollic-eabi-gcc -c -mthumb -mcpu=cortex-m7 -mfloat-abi=hard -mfpu=fpv5-sp-d16 -std=gnu11 -DUSE_HAL_DRIVER -DSTM32F750xx -I../FATFS/Target -I../FATFS/App -I../USB_HOST/App -I../USB_HOST/Target -I../Core/Inc -I../Drivers/STM32F7xx_HAL_Driver/Inc -I../Drivers/STM32F7xx_HAL_Driver/Inc/Legacy -I../Middlewares/Third_Party/FatFs/src -I../Middlewares/ST/STM32_USB_Host_Library/Core/Inc -I../Middlewares/ST/STM32_USB_Host_Library/Class/CDC/Inc -I../Drivers/CMSIS/Device/ST/STM32F7xx/Include -I../Drivers/CMSIS/Include -ffunction-sections -fdata-sections -g -fstack-usage -Wall -specs=nano.specs -o USB_HOST\Target\usbh_conf.o ..\USB_HOST\Target\usbh_conf.c 
arm-atollic-eabi-gcc -c -mthumb -mcpu=cortex-m7 -mfloat-abi=hard -mfpu=fpv5-sp-d16 -std=gnu11 -DUSE_HAL_DRIVER -DSTM32F750xx -I../FATFS/Target -I../FATFS/App -I../USB_HOST/App -I../USB_HOST/Target -I../Core/Inc -I../Drivers/STM32F7xx_HAL_Driver/Inc -I../Drivers/STM32F7xx_HAL_Driver/Inc/Legacy -I../Middlewares/Third_Party/FatFs/src -I../Middlewares/ST/STM32_USB_Host_Library/Core/Inc -I../Middlewares/ST/STM32_USB_Host_Library/Class/CDC/Inc -I../Drivers/CMSIS/Device/ST/STM32F7xx/Include -I../Drivers/CMSIS/Include -ffunction-sections -fdata-sections -g -fstack-usage -Wall -specs=nano.specs -o Drivers\STM32F7xx_HAL_Driver\Src\stm32f7xx_hal_pwr_ex.o ..\Drivers\STM32F7xx_HAL_Driver\Src\stm32f7xx_hal_pwr_ex.c 
arm-atollic-eabi-gcc -c -mthumb -mcpu=cortex-m7 -mfloat-abi=hard -mfpu=fpv5-sp-d16 -std=gnu11 -DUSE_HAL_DRIVER -DSTM32F750xx -I../FATFS/Target -I../FATFS/App -I../USB_HOST/App -I../USB_HOST/Target -I../Core/Inc -I../Drivers/STM32F7xx_HAL_Driver/Inc -I../Drivers/STM32F7xx_HAL_Driver/Inc/Legacy -I../Middlewares/Third_Party/FatFs/src -I../Middlewares/ST/STM32_USB_Host_Library/Core/Inc -I../Middlewares/ST/STM32_USB_Host_Library/Class/CDC/Inc -I../Drivers/CMSIS/Device/ST/STM32F7xx/Include -I../Drivers/CMSIS/Include -ffunction-sections -fdata-sections -g -fstack-usage -Wall -specs=nano.specs -o Middlewares\Third_Party\FatFs\src\ff_gen_drv.o ..\Middlewares\Third_Party\FatFs\src\ff_gen_drv.c 
arm-atollic-eabi-gcc -c -mthumb -mcpu=cortex-m7 -mfloat-abi=hard -mfpu=fpv5-sp-d16 -std=gnu11 -DUSE_HAL_DRIVER -DSTM32F750xx -I../FATFS/Target -I../FATFS/App -I../USB_HOST/App -I../USB_HOST/Target -I../Core/Inc -I../Drivers/STM32F7xx_HAL_Driver/Inc -I../Drivers/STM32F7xx_HAL_Driver/Inc/Legacy -I../Middlewares/Third_Party/FatFs/src -I../Middlewares/ST/STM32_USB_Host_Library/Core/Inc -I../Middlewares/ST/STM32_USB_Host_Library/Class/CDC/Inc -I../Drivers/CMSIS/Device/ST/STM32F7xx/Include -I../Drivers/CMSIS/Include -ffunction-sections -fdata-sections -g -fstack-usage -Wall -specs=nano.specs -o Drivers\STM32F7xx_HAL_Driver\Src\stm32f7xx_hal.o ..\Drivers\STM32F7xx_HAL_Driver\Src\stm32f7xx_hal.c 
arm-atollic-eabi-gcc -c -mthumb -mcpu=cortex-m7 -mfloat-abi=hard -mfpu=fpv5-sp-d16 -std=gnu11 -DUSE_HAL_DRIVER -DSTM32F750xx -I../FATFS/Target -I../FATFS/App -I../USB_HOST/App -I../USB_HOST/Target -I../Core/Inc -I../Drivers/STM32F7xx_HAL_Driver/Inc -I../Drivers/STM32F7xx_HAL_Driver/Inc/Legacy -I../Middlewares/Third_Party/FatFs/src -I../Middlewares/ST/STM32_USB_Host_Library/Core/Inc -I../Middlewares/ST/STM32_USB_Host_Library/Class/CDC/Inc -I../Drivers/CMSIS/Device/ST/STM32F7xx/Include -I../Drivers/CMSIS/Include -ffunction-sections -fdata-sections -g -fstack-usage -Wall -specs=nano.specs -o Middlewares\ST\STM32_USB_Host_Library\Core\Src\usbh_ioreq.o ..\Middlewares\ST\STM32_USB_Host_Library\Core\Src\usbh_ioreq.c 
arm-atollic-eabi-gcc -c -mthumb -mcpu=cortex-m7 -mfloat-abi=hard -mfpu=fpv5-sp-d16 -std=gnu11 -DUSE_HAL_DRIVER -DSTM32F750xx -I../FATFS/Target -I../FATFS/App -I../USB_HOST/App -I../USB_HOST/Target -I../Core/Inc -I../Drivers/STM32F7xx_HAL_Driver/Inc -I../Drivers/STM32F7xx_HAL_Driver/Inc/Legacy -I../Middlewares/Third_Party/FatFs/src -I../Middlewares/ST/STM32_USB_Host_Library/Core/Inc -I../Middlewares/ST/STM32_USB_Host_Library/Class/CDC/Inc -I../Drivers/CMSIS/Device/ST/STM32F7xx/Include -I../Drivers/CMSIS/Include -ffunction-sections -fdata-sections -g -fstack-usage -Wall -specs=nano.specs -o Drivers\STM32F7xx_HAL_Driver\Src\stm32f7xx_hal_rcc.o ..\Drivers\STM32F7xx_HAL_Driver\Src\stm32f7xx_hal_rcc.c 
arm-atollic-eabi-gcc -c -mthumb -mcpu=cortex-m7 -mfloat-abi=hard -mfpu=fpv5-sp-d16 -std=gnu11 -DUSE_HAL_DRIVER -DSTM32F750xx -I../FATFS/Target -I../FATFS/App -I../USB_HOST/App -I../USB_HOST/Target -I../Core/Inc -I../Drivers/STM32F7xx_HAL_Driver/Inc -I../Drivers/STM32F7xx_HAL_Driver/Inc/Legacy -I../Middlewares/Third_Party/FatFs/src -I../Middlewares/ST/STM32_USB_Host_Library/Core/Inc -I../Middlewares/ST/STM32_USB_Host_Library/Class/CDC/Inc -I../Drivers/CMSIS/Device/ST/STM32F7xx/Include -I../Drivers/CMSIS/Include -ffunction-sections -fdata-sections -g -fstack-usage -Wall -specs=nano.specs -o Middlewares\ST\STM32_USB_Host_Library\Core\Src\usbh_pipes.o ..\Middlewares\ST\STM32_USB_Host_Library\Core\Src\usbh_pipes.c 
arm-atollic-eabi-gcc -c -mthumb -mcpu=cortex-m7 -mfloat-abi=hard -mfpu=fpv5-sp-d16 -std=gnu11 -DUSE_HAL_DRIVER -DSTM32F750xx -I../FATFS/Target -I../FATFS/App -I../USB_HOST/App -I../USB_HOST/Target -I../Core/Inc -I../Drivers/STM32F7xx_HAL_Driver/Inc -I../Drivers/STM32F7xx_HAL_Driver/Inc/Legacy -I../Middlewares/Third_Party/FatFs/src -I../Middlewares/ST/STM32_USB_Host_Library/Core/Inc -I../Middlewares/ST/STM32_USB_Host_Library/Class/CDC/Inc -I../Drivers/CMSIS/Device/ST/STM32F7xx/Include -I../Drivers/CMSIS/Include -ffunction-sections -fdata-sections -g -fstack-usage -Wall -specs=nano.specs -o Drivers\STM32F7xx_HAL_Driver\Src\stm32f7xx_hal_cortex.o ..\Drivers\STM32F7xx_HAL_Driver\Src\stm32f7xx_hal_cortex.c 
arm-atollic-eabi-gcc -c -mthumb -mcpu=cortex-m7 -mfloat-abi=hard -mfpu=fpv5-sp-d16 -std=gnu11 -DUSE_HAL_DRIVER -DSTM32F750xx -I../FATFS/Target -I../FATFS/App -I../USB_HOST/App -I../USB_HOST/Target -I../Core/Inc -I../Drivers/STM32F7xx_HAL_Driver/Inc -I../Drivers/STM32F7xx_HAL_Driver/Inc/Legacy -I../Middlewares/Third_Party/FatFs/src -I../Middlewares/ST/STM32_USB_Host_Library/Core/Inc -I../Middlewares/ST/STM32_USB_Host_Library/Class/CDC/Inc -I../Drivers/CMSIS/Device/ST/STM32F7xx/Include -I../Drivers/CMSIS/Include -ffunction-sections -fdata-sections -g -fstack-usage -Wall -specs=nano.specs -o Core\Src\syscalls.o ..\Core\Src\syscalls.c 
arm-atollic-eabi-gcc -c -mthumb -mcpu=cortex-m7 -mfloat-abi=hard -mfpu=fpv5-sp-d16 -std=gnu11 -DUSE_HAL_DRIVER -DSTM32F750xx -I../FATFS/Target -I../FATFS/App -I../USB_HOST/App -I../USB_HOST/Target -I../Core/Inc -I../Drivers/STM32F7xx_HAL_Driver/Inc -I../Drivers/STM32F7xx_HAL_Driver/Inc/Legacy -I../Middlewares/Third_Party/FatFs/src -I../Middlewares/ST/STM32_USB_Host_Library/Core/Inc -I../Middlewares/ST/STM32_USB_Host_Library/Class/CDC/Inc -I../Drivers/CMSIS/Device/ST/STM32F7xx/Include -I../Drivers/CMSIS/Include -ffunction-sections -fdata-sections -g -fstack-usage -Wall -specs=nano.specs -o Drivers\STM32F7xx_HAL_Driver\Src\stm32f7xx_ll_fmc.o ..\Drivers\STM32F7xx_HAL_Driver\Src\stm32f7xx_ll_fmc.c 
arm-atollic-eabi-gcc -c -mthumb -mcpu=cortex-m7 -mfloat-abi=hard -mfpu=fpv5-sp-d16 -std=gnu11 -DUSE_HAL_DRIVER -DSTM32F750xx -I../FATFS/Target -I../FATFS/App -I../USB_HOST/App -I../USB_HOST/Target -I../Core/Inc -I../Drivers/STM32F7xx_HAL_Driver/Inc -I../Drivers/STM32F7xx_HAL_Driver/Inc/Legacy -I../Middlewares/Third_Party/FatFs/src -I../Middlewares/ST/STM32_USB_Host_Library/Core/Inc -I../Middlewares/ST/STM32_USB_Host_Library/Class/CDC/Inc -I../Drivers/CMSIS/Device/ST/STM32F7xx/Include -I../Drivers/CMSIS/Include -ffunction-sections -fdata-sections -g -fstack-usage -Wall -specs=nano.specs -o Middlewares\ST\STM32_USB_Host_Library\Core\Src\usbh_ctlreq.o ..\Middlewares\ST\STM32_USB_Host_Library\Core\Src\usbh_ctlreq.c 
arm-atollic-eabi-gcc -c -mthumb -mcpu=cortex-m7 -mfloat-abi=hard -mfpu=fpv5-sp-d16 -std=gnu11 -DUSE_HAL_DRIVER -DSTM32F750xx -I../FATFS/Target -I../FATFS/App -I../USB_HOST/App -I../USB_HOST/Target -I../Core/Inc -I../Drivers/STM32F7xx_HAL_Driver/Inc -I../Drivers/STM32F7xx_HAL_Driver/Inc/Legacy -I../Middlewares/Third_Party/FatFs/src -I../Middlewares/ST/STM32_USB_Host_Library/Core/Inc -I../Middlewares/ST/STM32_USB_Host_Library/Class/CDC/Inc -I../Drivers/CMSIS/Device/ST/STM32F7xx/Include -I../Drivers/CMSIS/Include -ffunction-sections -fdata-sections -g -fstack-usage -Wall -specs=nano.specs -o Drivers\STM32F7xx_HAL_Driver\Src\stm32f7xx_hal_dma.o ..\Drivers\STM32F7xx_HAL_Driver\Src\stm32f7xx_hal_dma.c 
arm-atollic-eabi-gcc -c -mthumb -mcpu=cortex-m7 -mfloat-abi=hard -mfpu=fpv5-sp-d16 -std=gnu11 -DUSE_HAL_DRIVER -DSTM32F750xx -I../FATFS/Target -I../FATFS/App -I../USB_HOST/App -I../USB_HOST/Target -I../Core/Inc -I../Drivers/STM32F7xx_HAL_Driver/Inc -I../Drivers/STM32F7xx_HAL_Driver/Inc/Legacy -I../Middlewares/Third_Party/FatFs/src -I../Middlewares/ST/STM32_USB_Host_Library/Core/Inc -I../Middlewares/ST/STM32_USB_Host_Library/Class/CDC/Inc -I../Drivers/CMSIS/Device/ST/STM32F7xx/Include -I../Drivers/CMSIS/Include -ffunction-sections -fdata-sections -g -fstack-usage -Wall -specs=nano.specs -o Drivers\STM32F7xx_HAL_Driver\Src\stm32f7xx_hal_pwr.o ..\Drivers\STM32F7xx_HAL_Driver\Src\stm32f7xx_hal_pwr.c 
arm-atollic-eabi-gcc -c -mthumb -mcpu=cortex-m7 -mfloat-abi=hard -mfpu=fpv5-sp-d16 -std=gnu11 -DUSE_HAL_DRIVER -DSTM32F750xx -I../FATFS/Target -I../FATFS/App -I../USB_HOST/App -I../USB_HOST/Target -I../Core/Inc -I../Drivers/STM32F7xx_HAL_Driver/Inc -I../Drivers/STM32F7xx_HAL_Driver/Inc/Legacy -I../Middlewares/Third_Party/FatFs/src -I../Middlewares/ST/STM32_USB_Host_Library/Core/Inc -I../Middlewares/ST/STM32_USB_Host_Library/Class/CDC/Inc -I../Drivers/CMSIS/Device/ST/STM32F7xx/Include -I../Drivers/CMSIS/Include -ffunction-sections -fdata-sections -g -fstack-usage -Wall -specs=nano.specs -o Core\Src\main.o ..\Core\Src\main.c 
arm-atollic-eabi-gcc -c -mthumb -mcpu=cortex-m7 -mfloat-abi=hard -mfpu=fpv5-sp-d16 -std=gnu11 -DUSE_HAL_DRIVER -DSTM32F750xx -I../FATFS/Target -I../FATFS/App -I../USB_HOST/App -I../USB_HOST/Target -I../Core/Inc -I../Drivers/STM32F7xx_HAL_Driver/Inc -I../Drivers/STM32F7xx_HAL_Driver/Inc/Legacy -I../Middlewares/Third_Party/FatFs/src -I../Middlewares/ST/STM32_USB_Host_Library/Core/Inc -I../Middlewares/ST/STM32_USB_Host_Library/Class/CDC/Inc -I../Drivers/CMSIS/Device/ST/STM32F7xx/Include -I../Drivers/CMSIS/Include -ffunction-sections -fdata-sections -g -fstack-usage -Wall -specs=nano.specs -o Middlewares\Third_Party\FatFs\src\ff.o ..\Middlewares\Third_Party\FatFs\src\ff.c 
arm-atollic-eabi-gcc -c -mthumb -mcpu=cortex-m7 -mfloat-abi=hard -mfpu=fpv5-sp-d16 -std=gnu11 -DUSE_HAL_DRIVER -DSTM32F750xx -I../FATFS/Target -I../FATFS/App -I../USB_HOST/App -I../USB_HOST/Target -I../Core/Inc -I../Drivers/STM32F7xx_HAL_Driver/Inc -I../Drivers/STM32F7xx_HAL_Driver/Inc/Legacy -I../Middlewares/Third_Party/FatFs/src -I../Middlewares/ST/STM32_USB_Host_Library/Core/Inc -I../Middlewares/ST/STM32_USB_Host_Library/Class/CDC/Inc -I../Drivers/CMSIS/Device/ST/STM32F7xx/Include -I../Drivers/CMSIS/Include -ffunction-sections -fdata-sections -g -fstack-usage -Wall -specs=nano.specs -o Drivers\STM32F7xx_HAL_Driver\Src\stm32f7xx_hal_sd.o ..\Drivers\STM32F7xx_HAL_Driver\Src\stm32f7xx_hal_sd.c 
arm-atollic-eabi-gcc -c -mthumb -mcpu=cortex-m7 -mfloat-abi=hard -mfpu=fpv5-sp-d16 -std=gnu11 -DUSE_HAL_DRIVER -DSTM32F750xx -I../FATFS/Target -I../FATFS/App -I../USB_HOST/App -I../USB_HOST/Target -I../Core/Inc -I../Drivers/STM32F7xx_HAL_Driver/Inc -I../Drivers/STM32F7xx_HAL_Driver/Inc/Legacy -I../Middlewares/Third_Party/FatFs/src -I../Middlewares/ST/STM32_USB_Host_Library/Core/Inc -I../Middlewares/ST/STM32_USB_Host_Library/Class/CDC/Inc -I../Drivers/CMSIS/Device/ST/STM32F7xx/Include -I../Drivers/CMSIS/Include -ffunction-sections -fdata-sections -g -fstack-usage -Wall -specs=nano.specs -o Drivers\STM32F7xx_HAL_Driver\Src\stm32f7xx_hal_exti.o ..\Drivers\STM32F7xx_HAL_Driver\Src\stm32f7xx_hal_exti.c 
arm-atollic-eabi-gcc -c -mthumb -mcpu=cortex-m7 -mfloat-abi=hard -mfpu=fpv5-sp-d16 -std=gnu11 -DUSE_HAL_DRIVER -DSTM32F750xx -I../FATFS/Target -I../FATFS/App -I../USB_HOST/App -I../USB_HOST/Target -I../Core/Inc -I../Drivers/STM32F7xx_HAL_Driver/Inc -I../Drivers/STM32F7xx_HAL_Driver/Inc/Legacy -I../Middlewares/Third_Party/FatFs/src -I../Middlewares/ST/STM32_USB_Host_Library/Core/Inc -I../Middlewares/ST/STM32_USB_Host_Library/Class/CDC/Inc -I../Drivers/CMSIS/Device/ST/STM32F7xx/Include -I../Drivers/CMSIS/Include -ffunction-sections -fdata-sections -g -fstack-usage -Wall -specs=nano.specs -o Drivers\STM32F7xx_HAL_Driver\Src\stm32f7xx_hal_gpio.o ..\Drivers\STM32F7xx_HAL_Driver\Src\stm32f7xx_hal_gpio.c 
arm-atollic-eabi-gcc -c -mthumb -mcpu=cortex-m7 -mfloat-abi=hard -mfpu=fpv5-sp-d16 -std=gnu11 -DUSE_HAL_DRIVER -DSTM32F750xx -I../FATFS/Target -I../FATFS/App -I../USB_HOST/App -I../USB_HOST/Target -I../Core/Inc -I../Drivers/STM32F7xx_HAL_Driver/Inc -I../Drivers/STM32F7xx_HAL_Driver/Inc/Legacy -I../Middlewares/Third_Party/FatFs/src -I../Middlewares/ST/STM32_USB_Host_Library/Core/Inc -I../Middlewares/ST/STM32_USB_Host_Library/Class/CDC/Inc -I../Drivers/CMSIS/Device/ST/STM32F7xx/Include -I../Drivers/CMSIS/Include -ffunction-sections -fdata-sections -g -fstack-usage -Wall -specs=nano.specs -o USB_HOST\App\usb_host.o ..\USB_HOST\App\usb_host.c 
arm-atollic-eabi-gcc -c -mthumb -mcpu=cortex-m7 -mfloat-abi=hard -mfpu=fpv5-sp-d16 -std=gnu11 -DUSE_HAL_DRIVER -DSTM32F750xx -I../FATFS/Target -I../FATFS/App -I../USB_HOST/App -I../USB_HOST/Target -I../Core/Inc -I../Drivers/STM32F7xx_HAL_Driver/Inc -I../Drivers/STM32F7xx_HAL_Driver/Inc/Legacy -I../Middlewares/Third_Party/FatFs/src -I../Middlewares/ST/STM32_USB_Host_Library/Core/Inc -I../Middlewares/ST/STM32_USB_Host_Library/Class/CDC/Inc -I../Drivers/CMSIS/Device/ST/STM32F7xx/Include -I../Drivers/CMSIS/Include -ffunction-sections -fdata-sections -g -fstack-usage -Wall -specs=nano.specs -o Drivers\STM32F7xx_HAL_Driver\Src\stm32f7xx_hal_crc_ex.o ..\Drivers\STM32F7xx_HAL_Driver\Src\stm32f7xx_hal_crc_ex.c 
arm-atollic-eabi-gcc -c -mthumb -mcpu=cortex-m7 -mfloat-abi=hard -mfpu=fpv5-sp-d16 -std=gnu11 -DUSE_HAL_DRIVER -DSTM32F750xx -I../FATFS/Target -I../FATFS/App -I../USB_HOST/App -I../USB_HOST/Target -I../Core/Inc -I../Drivers/STM32F7xx_HAL_Driver/Inc -I../Drivers/STM32F7xx_HAL_Driver/Inc/Legacy -I../Middlewares/Third_Party/FatFs/src -I../Middlewares/ST/STM32_USB_Host_Library/Core/Inc -I../Middlewares/ST/STM32_USB_Host_Library/Class/CDC/Inc -I../Drivers/CMSIS/Device/ST/STM32F7xx/Include -I../Drivers/CMSIS/Include -ffunction-sections -fdata-sections -g -fstack-usage -Wall -specs=nano.specs -o Drivers\STM32F7xx_HAL_Driver\Src\stm32f7xx_hal_dma2d.o ..\Drivers\STM32F7xx_HAL_Driver\Src\stm32f7xx_hal_dma2d.c 
arm-atollic-eabi-gcc -c -mthumb -mcpu=cortex-m7 -mfloat-abi=hard -mfpu=fpv5-sp-d16 -std=gnu11 -DUSE_HAL_DRIVER -DSTM32F750xx -I../FATFS/Target -I../FATFS/App -I../USB_HOST/App -I../USB_HOST/Target -I../Core/Inc -I../Drivers/STM32F7xx_HAL_Driver/Inc -I../Drivers/STM32F7xx_HAL_Driver/Inc/Legacy -I../Middlewares/Third_Party/FatFs/src -I../Middlewares/ST/STM32_USB_Host_Library/Core/Inc -I../Middlewares/ST/STM32_USB_Host_Library/Class/CDC/Inc -I../Drivers/CMSIS/Device/ST/STM32F7xx/Include -I../Drivers/CMSIS/Include -ffunction-sections -fdata-sections -g -fstack-usage -Wall -specs=nano.specs -o Drivers\STM32F7xx_HAL_Driver\Src\stm32f7xx_hal_rcc_ex.o ..\Drivers\STM32F7xx_HAL_Driver\Src\stm32f7xx_hal_rcc_ex.c 
arm-atollic-eabi-gcc -c -mthumb -mcpu=cortex-m7 -mfloat-abi=hard -mfpu=fpv5-sp-d16 -std=gnu11 -DUSE_HAL_DRIVER -DSTM32F750xx -I../FATFS/Target -I../FATFS/App -I../USB_HOST/App -I../USB_HOST/Target -I../Core/Inc -I../Drivers/STM32F7xx_HAL_Driver/Inc -I../Drivers/STM32F7xx_HAL_Driver/Inc/Legacy -I../Middlewares/Third_Party/FatFs/src -I../Middlewares/ST/STM32_USB_Host_Library/Core/Inc -I../Middlewares/ST/STM32_USB_Host_Library/Class/CDC/Inc -I../Drivers/CMSIS/Device/ST/STM32F7xx/Include -I../Drivers/CMSIS/Include -ffunction-sections -fdata-sections -g -fstack-usage -Wall -specs=nano.specs -o Drivers\STM32F7xx_HAL_Driver\Src\stm32f7xx_ll_sdmmc.o ..\Drivers\STM32F7xx_HAL_Driver\Src\stm32f7xx_ll_sdmmc.c 
arm-atollic-eabi-gcc -c -mthumb -mcpu=cortex-m7 -mfloat-abi=hard -mfpu=fpv5-sp-d16 -std=gnu11 -DUSE_HAL_DRIVER -DSTM32F750xx -I../FATFS/Target -I../FATFS/App -I../USB_HOST/App -I../USB_HOST/Target -I../Core/Inc -I../Drivers/STM32F7xx_HAL_Driver/Inc -I../Drivers/STM32F7xx_HAL_Driver/Inc/Legacy -I../Middlewares/Third_Party/FatFs/src -I../Middlewares/ST/STM32_USB_Host_Library/Core/Inc -I../Middlewares/ST/STM32_USB_Host_Library/Class/CDC/Inc -I../Drivers/CMSIS/Device/ST/STM32F7xx/Include -I../Drivers/CMSIS/Include -ffunction-sections -fdata-sections -g -fstack-usage -Wall -specs=nano.specs -o Core\Src\stm32f7xx_it.o ..\Core\Src\stm32f7xx_it.c 
arm-atollic-eabi-gcc -c -mthumb -mcpu=cortex-m7 -mfloat-abi=hard -mfpu=fpv5-sp-d16 -std=gnu11 -DUSE_HAL_DRIVER -DSTM32F750xx -I../FATFS/Target -I../FATFS/App -I../USB_HOST/App -I../USB_HOST/Target -I../Core/Inc -I../Drivers/STM32F7xx_HAL_Driver/Inc -I../Drivers/STM32F7xx_HAL_Driver/Inc/Legacy -I../Middlewares/Third_Party/FatFs/src -I../Middlewares/ST/STM32_USB_Host_Library/Core/Inc -I../Middlewares/ST/STM32_USB_Host_Library/Class/CDC/Inc -I../Drivers/CMSIS/Device/ST/STM32F7xx/Include -I../Drivers/CMSIS/Include -ffunction-sections -fdata-sections -g -fstack-usage -Wall -specs=nano.specs -o Drivers\STM32F7xx_HAL_Driver\Src\stm32f7xx_hal_eth.o ..\Drivers\STM32F7xx_HAL_Driver\Src\stm32f7xx_hal_eth.c 
arm-atollic-eabi-gcc -c -mthumb -mcpu=cortex-m7 -mfloat-abi=hard -mfpu=fpv5-sp-d16 -std=gnu11 -DUSE_HAL_DRIVER -DSTM32F750xx -I../FATFS/Target -I../FATFS/App -I../USB_HOST/App -I../USB_HOST/Target -I../Core/Inc -I../Drivers/STM32F7xx_HAL_Driver/Inc -I../Drivers/STM32F7xx_HAL_Driver/Inc/Legacy -I../Middlewares/Third_Party/FatFs/src -I../Middlewares/ST/STM32_USB_Host_Library/Core/Inc -I../Middlewares/ST/STM32_USB_Host_Library/Class/CDC/Inc -I../Drivers/CMSIS/Device/ST/STM32F7xx/Include -I../Drivers/CMSIS/Include -ffunction-sections -fdata-sections -g -fstack-usage -Wall -specs=nano.specs -o Drivers\STM32F7xx_HAL_Driver\Src\stm32f7xx_hal_sai_ex.o ..\Drivers\STM32F7xx_HAL_Driver\Src\stm32f7xx_hal_sai_ex.c 
arm-atollic-eabi-gcc -c -mthumb -mcpu=cortex-m7 -mfloat-abi=hard -mfpu=fpv5-sp-d16 -std=gnu11 -DUSE_HAL_DRIVER -DSTM32F750xx -I../FATFS/Target -I../FATFS/App -I../USB_HOST/App -I../USB_HOST/Target -I../Core/Inc -I../Drivers/STM32F7xx_HAL_Driver/Inc -I../Drivers/STM32F7xx_HAL_Driver/Inc/Legacy -I../Middlewares/Third_Party/FatFs/src -I../Middlewares/ST/STM32_USB_Host_Library/Core/Inc -I../Middlewares/ST/STM32_USB_Host_Library/Class/CDC/Inc -I../Drivers/CMSIS/Device/ST/STM32F7xx/Include -I../Drivers/CMSIS/Include -ffunction-sections -fdata-sections -g -fstack-usage -Wall -specs=nano.specs -o Core\Src\stm32f7xx_hal_msp.o ..\Core\Src\stm32f7xx_hal_msp.c 
arm-atollic-eabi-gcc -c -mthumb -mcpu=cortex-m7 -mfloat-abi=hard -mfpu=fpv5-sp-d16 -std=gnu11 -DUSE_HAL_DRIVER -DSTM32F750xx -I../FATFS/Target -I../FATFS/App -I../USB_HOST/App -I../USB_HOST/Target -I../Core/Inc -I../Drivers/STM32F7xx_HAL_Driver/Inc -I../Drivers/STM32F7xx_HAL_Driver/Inc/Legacy -I../Middlewares/Third_Party/FatFs/src -I../Middlewares/ST/STM32_USB_Host_Library/Core/Inc -I../Middlewares/ST/STM32_USB_Host_Library/Class/CDC/Inc -I../Drivers/CMSIS/Device/ST/STM32F7xx/Include -I../Drivers/CMSIS/Include -ffunction-sections -fdata-sections -g -fstack-usage -Wall -specs=nano.specs -o Drivers\STM32F7xx_HAL_Driver\Src\stm32f7xx_hal_dcmi.o ..\Drivers\STM32F7xx_HAL_Driver\Src\stm32f7xx_hal_dcmi.c 
arm-atollic-eabi-gcc -c -mthumb -mcpu=cortex-m7 -mfloat-abi=hard -mfpu=fpv5-sp-d16 -std=gnu11 -DUSE_HAL_DRIVER -DSTM32F750xx -I../FATFS/Target -I../FATFS/App -I../USB_HOST/App -I../USB_HOST/Target -I../Core/Inc -I../Drivers/STM32F7xx_HAL_Driver/Inc -I../Drivers/STM32F7xx_HAL_Driver/Inc/Legacy -I../Middlewares/Third_Party/FatFs/src -I../Middlewares/ST/STM32_USB_Host_Library/Core/Inc -I../Middlewares/ST/STM32_USB_Host_Library/Class/CDC/Inc -I../Drivers/CMSIS/Device/ST/STM32F7xx/Include -I../Drivers/CMSIS/Include -ffunction-sections -fdata-sections -g -fstack-usage -Wall -specs=nano.specs -o Drivers\STM32F7xx_HAL_Driver\Src\stm32f7xx_hal_adc.o ..\Drivers\STM32F7xx_HAL_Driver\Src\stm32f7xx_hal_adc.c 
arm-atollic-eabi-gcc -c -mthumb -mcpu=cortex-m7 -mfloat-abi=hard -mfpu=fpv5-sp-d16 -std=gnu11 -DUSE_HAL_DRIVER -DSTM32F750xx -I../FATFS/Target -I../FATFS/App -I../USB_HOST/App -I../USB_HOST/Target -I../Core/Inc -I../Drivers/STM32F7xx_HAL_Driver/Inc -I../Drivers/STM32F7xx_HAL_Driver/Inc/Legacy -I../Middlewares/Third_Party/FatFs/src -I../Middlewares/ST/STM32_USB_Host_Library/Core/Inc -I../Middlewares/ST/STM32_USB_Host_Library/Class/CDC/Inc -I../Drivers/CMSIS/Device/ST/STM32F7xx/Include -I../Drivers/CMSIS/Include -ffunction-sections -fdata-sections -g -fstack-usage -Wall -specs=nano.specs -o Drivers\STM32F7xx_HAL_Driver\Src\stm32f7xx_hal_spi_ex.o ..\Drivers\STM32F7xx_HAL_Driver\Src\stm32f7xx_hal_spi_ex.c 
arm-atollic-eabi-gcc -c -mthumb -mcpu=cortex-m7 -mfloat-abi=hard -mfpu=fpv5-sp-d16 -std=gnu11 -DUSE_HAL_DRIVER -DSTM32F750xx -I../FATFS/Target -I../FATFS/App -I../USB_HOST/App -I../USB_HOST/Target -I../Core/Inc -I../Drivers/STM32F7xx_HAL_Driver/Inc -I../Drivers/STM32F7xx_HAL_Driver/Inc/Legacy -I../Middlewares/Third_Party/FatFs/src -I../Middlewares/ST/STM32_USB_Host_Library/Core/Inc -I../Middlewares/ST/STM32_USB_Host_Library/Class/CDC/Inc -I../Drivers/CMSIS/Device/ST/STM32F7xx/Include -I../Drivers/CMSIS/Include -ffunction-sections -fdata-sections -g -fstack-usage -Wall -specs=nano.specs -o Drivers\STM32F7xx_HAL_Driver\Src\stm32f7xx_hal_hcd.o ..\Drivers\STM32F7xx_HAL_Driver\Src\stm32f7xx_hal_hcd.c 
arm-atollic-eabi-gcc -o Mortal Kombat.elf Core\Src\main.o Core\Src\stm32f7xx_hal_msp.o Core\Src\stm32f7xx_hal_timebase_tim.o Core\Src\stm32f7xx_it.o Core\Src\syscalls.o Core\Src\system_stm32f7xx.o Drivers\STM32F7xx_HAL_Driver\Src\stm32f7xx_hal.o Drivers\STM32F7xx_HAL_Driver\Src\stm32f7xx_hal_adc.o Drivers\STM32F7xx_HAL_Driver\Src\stm32f7xx_hal_adc_ex.o Drivers\STM32F7xx_HAL_Driver\Src\stm32f7xx_hal_cortex.o Drivers\STM32F7xx_HAL_Driver\Src\stm32f7xx_hal_crc.o Drivers\STM32F7xx_HAL_Driver\Src\stm32f7xx_hal_crc_ex.o Drivers\STM32F7xx_HAL_Driver\Src\stm32f7xx_hal_dcmi.o Drivers\STM32F7xx_HAL_Driver\Src\stm32f7xx_hal_dcmi_ex.o Drivers\STM32F7xx_HAL_Driver\Src\stm32f7xx_hal_dma.o Drivers\STM32F7xx_HAL_Driver\Src\stm32f7xx_hal_dma2d.o Drivers\STM32F7xx_HAL_Driver\Src\stm32f7xx_hal_dma_ex.o Drivers\STM32F7xx_HAL_Driver\Src\stm32f7xx_hal_dsi.o Drivers\STM32F7xx_HAL_Driver\Src\stm32f7xx_hal_eth.o Drivers\STM32F7xx_HAL_Driver\Src\stm32f7xx_hal_exti.o Drivers\STM32F7xx_HAL_Driver\Src\stm32f7xx_hal_flash.o Drivers\STM32F7xx_HAL_Driver\Src\stm32f7xx_hal_flash_ex.o Drivers\STM32F7xx_HAL_Driver\Src\stm32f7xx_hal_gpio.o Drivers\STM32F7xx_HAL_Driver\Src\stm32f7xx_hal_hcd.o Drivers\STM32F7xx_HAL_Driver\Src\stm32f7xx_hal_i2c.o Drivers\STM32F7xx_HAL_Driver\Src\stm32f7xx_hal_i2c_ex.o Drivers\STM32F7xx_HAL_Driver\Src\stm32f7xx_hal_ltdc.o Drivers\STM32F7xx_HAL_Driver\Src\stm32f7xx_hal_ltdc_ex.o Drivers\STM32F7xx_HAL_Driver\Src\stm32f7xx_hal_pwr.o Drivers\STM32F7xx_HAL_Driver\Src\stm32f7xx_hal_pwr_ex.o Drivers\STM32F7xx_HAL_Driver\Src\stm32f7xx_hal_qspi.o Drivers\STM32F7xx_HAL_Driver\Src\stm32f7xx_hal_rcc.o Drivers\STM32F7xx_HAL_Driver\Src\stm32f7xx_hal_rcc_ex.o Drivers\STM32F7xx_HAL_Driver\Src\stm32f7xx_hal_rtc.o Drivers\STM32F7xx_HAL_Driver\Src\stm32f7xx_hal_rtc_ex.o Drivers\STM32F7xx_HAL_Driver\Src\stm32f7xx_hal_sai.o Drivers\STM32F7xx_HAL_Driver\Src\stm32f7xx_hal_sai_ex.o Drivers\STM32F7xx_HAL_Driver\Src\stm32f7xx_hal_sd.o Drivers\STM32F7xx_HAL_Driver\Src\stm32f7xx_hal_sdram.o Drivers\STM32F7xx_HAL_Driver\Src\stm32f7xx_hal_spdifrx.o Drivers\STM32F7xx_HAL_Driver\Src\stm32f7xx_hal_spi.o Drivers\STM32F7xx_HAL_Driver\Src\stm32f7xx_hal_spi_ex.o Drivers\STM32F7xx_HAL_Driver\Src\stm32f7xx_hal_tim.o Drivers\STM32F7xx_HAL_Driver\Src\stm32f7xx_hal_tim_ex.o Drivers\STM32F7xx_HAL_Driver\Src\stm32f7xx_hal_uart.o Drivers\STM32F7xx_HAL_Driver\Src\stm32f7xx_hal_uart_ex.o Drivers\STM32F7xx_HAL_Driver\Src\stm32f7xx_ll_fmc.o Drivers\STM32F7xx_HAL_Driver\Src\stm32f7xx_ll_sdmmc.o Drivers\STM32F7xx_HAL_Driver\Src\stm32f7xx_ll_usb.o FATFS\App\fatfs.o FATFS\Target\bsp_driver_sd.o FATFS\Target\fatfs_platform.o FATFS\Target\sd_diskio.o Middlewares\ST\STM32_USB_Host_Library\Class\CDC\Src\usbh_cdc.o Middlewares\ST\STM32_USB_Host_Library\Core\Src\usbh_core.o Middlewares\ST\STM32_USB_Host_Library\Core\Src\usbh_ctlreq.o Middlewares\ST\STM32_USB_Host_Library\Core\Src\usbh_ioreq.o Middlewares\ST\STM32_USB_Host_Library\Core\Src\usbh_pipes.o Middlewares\Third_Party\FatFs\src\diskio.o Middlewares\Third_Party\FatFs\src\ff.o Middlewares\Third_Party\FatFs\src\ff_gen_drv.o Middlewares\Third_Party\FatFs\src\option\syscall.o USB_HOST\App\usb_host.o USB_HOST\Target\usbh_conf.o USB_HOST\Target\usbh_platform.o startup\startup_stm32f750xx.o -mthumb -mcpu=cortex-m7 -mfloat-abi=hard -mfpu=fpv5-sp-d16 -T../STM32F750N8_FLASH.ld -specs=nosys.specs -static -Wl,-Map=Mortal Kombat.map -Wl,--gc-sections -Wl,--defsym=malloc_getpagesize_P=0x80 -Wl,--start-group -lc -lm -Wl,--end-group -specs=nano.specs 
c:/program files (x86)/atollic/truestudio for stm32 9.3.0/armtools/bin/../lib/gcc/arm-atollic-eabi/6.3.1/../../../../arm-atollic-eabi/bin/ld.exe: Mortal Kombat.elf section `.text' will not fit in region `FLASH'
c:/program files (x86)/atollic/truestudio for stm32 9.3.0/armtools/bin/../lib/gcc/arm-atollic-eabi/6.3.1/../../../../arm-atollic-eabi/bin/ld.exe: region `FLASH' overflowed by 3224 bytes
collect2.exe: error: ld returned 1 exit status
Info: Parallel threads used: 7
15:43:06 **** Rebuild of configuration Debug for project Test_Project ****
Info: Internal Builder is used for build
C:\Program Files (x86)\Atollic\TrueSTUDIO for STM32 9.3.0\ide\jre\bin\java -jar C:\Program Files (x86)\Atollic\TrueSTUDIO for STM32 9.3.0\Tools\arm-atollic-reports.jar sizeinfo list Test_Project.elf 
Generate build reports...
Print size information
arm-atollic-eabi-size: 'Test_Project.elf': No such file
Print size information done
Generate listing file
Output sent to: Test_Project.list
Generate listing file done
Generate build reports done
15:43:33 **** Incremental Build of configuration Debug for project Mortal Kombat ****
Info: Internal Builder is used for build
arm-atollic-eabi-gcc -o Mortal Kombat.elf Core\Src\main.o Core\Src\stm32f7xx_hal_msp.o Core\Src\stm32f7xx_hal_timebase_tim.o Core\Src\stm32f7xx_it.o Core\Src\syscalls.o Core\Src\system_stm32f7xx.o Drivers\STM32F7xx_HAL_Driver\Src\stm32f7xx_hal.o Drivers\STM32F7xx_HAL_Driver\Src\stm32f7xx_hal_adc.o Drivers\STM32F7xx_HAL_Driver\Src\stm32f7xx_hal_adc_ex.o Drivers\STM32F7xx_HAL_Driver\Src\stm32f7xx_hal_cortex.o Drivers\STM32F7xx_HAL_Driver\Src\stm32f7xx_hal_crc.o Drivers\STM32F7xx_HAL_Driver\Src\stm32f7xx_hal_crc_ex.o Drivers\STM32F7xx_HAL_Driver\Src\stm32f7xx_hal_dcmi.o Drivers\STM32F7xx_HAL_Driver\Src\stm32f7xx_hal_dcmi_ex.o Drivers\STM32F7xx_HAL_Driver\Src\stm32f7xx_hal_dma.o Drivers\STM32F7xx_HAL_Driver\Src\stm32f7xx_hal_dma2d.o Drivers\STM32F7xx_HAL_Driver\Src\stm32f7xx_hal_dma_ex.o Drivers\STM32F7xx_HAL_Driver\Src\stm32f7xx_hal_dsi.o Drivers\STM32F7xx_HAL_Driver\Src\stm32f7xx_hal_eth.o Drivers\STM32F7xx_HAL_Driver\Src\stm32f7xx_hal_exti.o Drivers\STM32F7xx_HAL_Driver\Src\stm32f7xx_hal_flash.o Drivers\STM32F7xx_HAL_Driver\Src\stm32f7xx_hal_flash_ex.o Drivers\STM32F7xx_HAL_Driver\Src\stm32f7xx_hal_gpio.o Drivers\STM32F7xx_HAL_Driver\Src\stm32f7xx_hal_hcd.o Drivers\STM32F7xx_HAL_Driver\Src\stm32f7xx_hal_i2c.o Drivers\STM32F7xx_HAL_Driver\Src\stm32f7xx_hal_i2c_ex.o Drivers\STM32F7xx_HAL_Driver\Src\stm32f7xx_hal_ltdc.o Drivers\STM32F7xx_HAL_Driver\Src\stm32f7xx_hal_ltdc_ex.o Drivers\STM32F7xx_HAL_Driver\Src\stm32f7xx_hal_pwr.o Drivers\STM32F7xx_HAL_Driver\Src\stm32f7xx_hal_pwr_ex.o Drivers\STM32F7xx_HAL_Driver\Src\stm32f7xx_hal_qspi.o Drivers\STM32F7xx_HAL_Driver\Src\stm32f7xx_hal_rcc.o Drivers\STM32F7xx_HAL_Driver\Src\stm32f7xx_hal_rcc_ex.o Drivers\STM32F7xx_HAL_Driver\Src\stm32f7xx_hal_rtc.o Drivers\STM32F7xx_HAL_Driver\Src\stm32f7xx_hal_rtc_ex.o Drivers\STM32F7xx_HAL_Driver\Src\stm32f7xx_hal_sai.o Drivers\STM32F7xx_HAL_Driver\Src\stm32f7xx_hal_sai_ex.o Drivers\STM32F7xx_HAL_Driver\Src\stm32f7xx_hal_sd.o Drivers\STM32F7xx_HAL_Driver\Src\stm32f7xx_hal_sdram.o Drivers\STM32F7xx_HAL_Driver\Src\stm32f7xx_hal_spdifrx.o Drivers\STM32F7xx_HAL_Driver\Src\stm32f7xx_hal_spi.o Drivers\STM32F7xx_HAL_Driver\Src\stm32f7xx_hal_spi_ex.o Drivers\STM32F7xx_HAL_Driver\Src\stm32f7xx_hal_tim.o Drivers\STM32F7xx_HAL_Driver\Src\stm32f7xx_hal_tim_ex.o Drivers\STM32F7xx_HAL_Driver\Src\stm32f7xx_hal_uart.o Drivers\STM32F7xx_HAL_Driver\Src\stm32f7xx_hal_uart_ex.o Drivers\STM32F7xx_HAL_Driver\Src\stm32f7xx_ll_fmc.o Drivers\STM32F7xx_HAL_Driver\Src\stm32f7xx_ll_sdmmc.o Drivers\STM32F7xx_HAL_Driver\Src\stm32f7xx_ll_usb.o FATFS\App\fatfs.o FATFS\Target\bsp_driver_sd.o FATFS\Target\fatfs_platform.o FATFS\Target\sd_diskio.o Middlewares\ST\STM32_USB_Host_Library\Class\CDC\Src\usbh_cdc.o Middlewares\ST\STM32_USB_Host_Library\Core\Src\usbh_core.o Middlewares\ST\STM32_USB_Host_Library\Core\Src\usbh_ctlreq.o Middlewares\ST\STM32_USB_Host_Library\Core\Src\usbh_ioreq.o Middlewares\ST\STM32_USB_Host_Library\Core\Src\usbh_pipes.o Middlewares\Third_Party\FatFs\src\diskio.o Middlewares\Third_Party\FatFs\src\ff.o Middlewares\Third_Party\FatFs\src\ff_gen_drv.o Middlewares\Third_Party\FatFs\src\option\syscall.o USB_HOST\App\usb_host.o USB_HOST\Target\usbh_conf.o USB_HOST\Target\usbh_platform.o startup\startup_stm32f750xx.o -mthumb -mcpu=cortex-m7 -mfloat-abi=hard -mfpu=fpv5-sp-d16 -T../STM32F750N8_FLASH.ld -specs=nosys.specs -static -Wl,-Map=Mortal Kombat.map -Wl,--gc-sections -Wl,--defsym=malloc_getpagesize_P=0x80 -Wl,--start-group -lc -lm -Wl,--end-group -specs=nano.specs 
c:/program files (x86)/atollic/truestudio for stm32 9.3.0/armtools/bin/../lib/gcc/arm-atollic-eabi/6.3.1/../../../../arm-atollic-eabi/bin/ld.exe: Mortal Kombat.elf section `.text' will not fit in region `FLASH'
c:/program files (x86)/atollic/truestudio for stm32 9.3.0/armtools/bin/../lib/gcc/arm-atollic-eabi/6.3.1/../../../../arm-atollic-eabi/bin/ld.exe: region `FLASH' overflowed by 3224 bytes
collect2.exe: error: ld returned 1 exit status
Info: Parallel threads used: 1
Info: Nothing to build for Test_Project
15:44:57 **** Incremental Build of configuration Debug for project Mortal Kombat ****
Info: Internal Builder is used for build
arm-atollic-eabi-gcc -o Mortal Kombat.elf Core\Src\main.o Core\Src\stm32f7xx_hal_msp.o Core\Src\stm32f7xx_hal_timebase_tim.o Core\Src\stm32f7xx_it.o Core\Src\syscalls.o Core\Src\system_stm32f7xx.o Drivers\STM32F7xx_HAL_Driver\Src\stm32f7xx_hal.o Drivers\STM32F7xx_HAL_Driver\Src\stm32f7xx_hal_adc.o Drivers\STM32F7xx_HAL_Driver\Src\stm32f7xx_hal_adc_ex.o Drivers\STM32F7xx_HAL_Driver\Src\stm32f7xx_hal_cortex.o Drivers\STM32F7xx_HAL_Driver\Src\stm32f7xx_hal_crc.o Drivers\STM32F7xx_HAL_Driver\Src\stm32f7xx_hal_crc_ex.o Drivers\STM32F7xx_HAL_Driver\Src\stm32f7xx_hal_dcmi.o Drivers\STM32F7xx_HAL_Driver\Src\stm32f7xx_hal_dcmi_ex.o Drivers\STM32F7xx_HAL_Driver\Src\stm32f7xx_hal_dma.o Drivers\STM32F7xx_HAL_Driver\Src\stm32f7xx_hal_dma2d.o Drivers\STM32F7xx_HAL_Driver\Src\stm32f7xx_hal_dma_ex.o Drivers\STM32F7xx_HAL_Driver\Src\stm32f7xx_hal_dsi.o Drivers\STM32F7xx_HAL_Driver\Src\stm32f7xx_hal_eth.o Drivers\STM32F7xx_HAL_Driver\Src\stm32f7xx_hal_exti.o Drivers\STM32F7xx_HAL_Driver\Src\stm32f7xx_hal_flash.o Drivers\STM32F7xx_HAL_Driver\Src\stm32f7xx_hal_flash_ex.o Drivers\STM32F7xx_HAL_Driver\Src\stm32f7xx_hal_gpio.o Drivers\STM32F7xx_HAL_Driver\Src\stm32f7xx_hal_hcd.o Drivers\STM32F7xx_HAL_Driver\Src\stm32f7xx_hal_i2c.o Drivers\STM32F7xx_HAL_Driver\Src\stm32f7xx_hal_i2c_ex.o Drivers\STM32F7xx_HAL_Driver\Src\stm32f7xx_hal_ltdc.o Drivers\STM32F7xx_HAL_Driver\Src\stm32f7xx_hal_ltdc_ex.o Drivers\STM32F7xx_HAL_Driver\Src\stm32f7xx_hal_pwr.o Drivers\STM32F7xx_HAL_Driver\Src\stm32f7xx_hal_pwr_ex.o Drivers\STM32F7xx_HAL_Driver\Src\stm32f7xx_hal_qspi.o Drivers\STM32F7xx_HAL_Driver\Src\stm32f7xx_hal_rcc.o Drivers\STM32F7xx_HAL_Driver\Src\stm32f7xx_hal_rcc_ex.o Drivers\STM32F7xx_HAL_Driver\Src\stm32f7xx_hal_rtc.o Drivers\STM32F7xx_HAL_Driver\Src\stm32f7xx_hal_rtc_ex.o Drivers\STM32F7xx_HAL_Driver\Src\stm32f7xx_hal_sai.o Drivers\STM32F7xx_HAL_Driver\Src\stm32f7xx_hal_sai_ex.o Drivers\STM32F7xx_HAL_Driver\Src\stm32f7xx_hal_sd.o Drivers\STM32F7xx_HAL_Driver\Src\stm32f7xx_hal_sdram.o Drivers\STM32F7xx_HAL_Driver\Src\stm32f7xx_hal_spdifrx.o Drivers\STM32F7xx_HAL_Driver\Src\stm32f7xx_hal_spi.o Drivers\STM32F7xx_HAL_Driver\Src\stm32f7xx_hal_spi_ex.o Drivers\STM32F7xx_HAL_Driver\Src\stm32f7xx_hal_tim.o Drivers\STM32F7xx_HAL_Driver\Src\stm32f7xx_hal_tim_ex.o Drivers\STM32F7xx_HAL_Driver\Src\stm32f7xx_hal_uart.o Drivers\STM32F7xx_HAL_Driver\Src\stm32f7xx_hal_uart_ex.o Drivers\STM32F7xx_HAL_Driver\Src\stm32f7xx_ll_fmc.o Drivers\STM32F7xx_HAL_Driver\Src\stm32f7xx_ll_sdmmc.o Drivers\STM32F7xx_HAL_Driver\Src\stm32f7xx_ll_usb.o FATFS\App\fatfs.o FATFS\Target\bsp_driver_sd.o FATFS\Target\fatfs_platform.o FATFS\Target\sd_diskio.o Middlewares\ST\STM32_USB_Host_Library\Class\CDC\Src\usbh_cdc.o Middlewares\ST\STM32_USB_Host_Library\Core\Src\usbh_core.o Middlewares\ST\STM32_USB_Host_Library\Core\Src\usbh_ctlreq.o Middlewares\ST\STM32_USB_Host_Library\Core\Src\usbh_ioreq.o Middlewares\ST\STM32_USB_Host_Library\Core\Src\usbh_pipes.o Middlewares\Third_Party\FatFs\src\diskio.o Middlewares\Third_Party\FatFs\src\ff.o Middlewares\Third_Party\FatFs\src\ff_gen_drv.o Middlewares\Third_Party\FatFs\src\option\syscall.o USB_HOST\App\usb_host.o USB_HOST\Target\usbh_conf.o USB_HOST\Target\usbh_platform.o startup\startup_stm32f750xx.o -mthumb -mcpu=cortex-m7 -mfloat-abi=hard -mfpu=fpv5-sp-d16 -T../STM32F750N8_FLASH.ld -specs=nosys.specs -static -Wl,-Map=Mortal Kombat.map -Wl,--gc-sections -Wl,--defsym=malloc_getpagesize_P=0x80 -Wl,--start-group -lc -lm -Wl,--end-group -specs=nano.specs 
c:/program files (x86)/atollic/truestudio for stm32 9.3.0/armtools/bin/../lib/gcc/arm-atollic-eabi/6.3.1/../../../../arm-atollic-eabi/bin/ld.exe: Mortal Kombat.elf section `.text' will not fit in region `FLASH'
c:/program files (x86)/atollic/truestudio for stm32 9.3.0/armtools/bin/../lib/gcc/arm-atollic-eabi/6.3.1/../../../../arm-atollic-eabi/bin/ld.exe: region `FLASH' overflowed by 3224 bytes
collect2.exe: error: ld returned 1 exit status
Info: Parallel threads used: 1
Info: Nothing to build for Test_Project
15:45:37 **** Incremental Build of configuration Debug for project Mortal Kombat ****
Info: Internal Builder is used for build
arm-atollic-eabi-gcc -c -mthumb -mcpu=cortex-m7 -mfloat-abi=hard -mfpu=fpv5-sp-d16 -std=gnu11 -DUSE_HAL_DRIVER -DSTM32F750xx -I../FATFS/Target -I../FATFS/App -I../USB_HOST/App -I../USB_HOST/Target -I../Core/Inc -I../Drivers/STM32F7xx_HAL_Driver/Inc -I../Drivers/STM32F7xx_HAL_Driver/Inc/Legacy -I../Middlewares/Third_Party/FatFs/src -I../Middlewares/ST/STM32_USB_Host_Library/Core/Inc -I../Middlewares/ST/STM32_USB_Host_Library/Class/CDC/Inc -I../Drivers/CMSIS/Device/ST/STM32F7xx/Include -I../Drivers/CMSIS/Include -ffunction-sections -fdata-sections -g -fstack-usage -Wall -specs=nano.specs -o Core\Src\main.o ..\Core\Src\main.c 
arm-atollic-eabi-gcc -o Mortal Kombat.elf Core\Src\main.o Core\Src\stm32f7xx_hal_msp.o Core\Src\stm32f7xx_hal_timebase_tim.o Core\Src\stm32f7xx_it.o Core\Src\syscalls.o Core\Src\system_stm32f7xx.o Drivers\STM32F7xx_HAL_Driver\Src\stm32f7xx_hal.o Drivers\STM32F7xx_HAL_Driver\Src\stm32f7xx_hal_adc.o Drivers\STM32F7xx_HAL_Driver\Src\stm32f7xx_hal_adc_ex.o Drivers\STM32F7xx_HAL_Driver\Src\stm32f7xx_hal_cortex.o Drivers\STM32F7xx_HAL_Driver\Src\stm32f7xx_hal_crc.o Drivers\STM32F7xx_HAL_Driver\Src\stm32f7xx_hal_crc_ex.o Drivers\STM32F7xx_HAL_Driver\Src\stm32f7xx_hal_dcmi.o Drivers\STM32F7xx_HAL_Driver\Src\stm32f7xx_hal_dcmi_ex.o Drivers\STM32F7xx_HAL_Driver\Src\stm32f7xx_hal_dma.o Drivers\STM32F7xx_HAL_Driver\Src\stm32f7xx_hal_dma2d.o Drivers\STM32F7xx_HAL_Driver\Src\stm32f7xx_hal_dma_ex.o Drivers\STM32F7xx_HAL_Driver\Src\stm32f7xx_hal_dsi.o Drivers\STM32F7xx_HAL_Driver\Src\stm32f7xx_hal_eth.o Drivers\STM32F7xx_HAL_Driver\Src\stm32f7xx_hal_exti.o Drivers\STM32F7xx_HAL_Driver\Src\stm32f7xx_hal_flash.o Drivers\STM32F7xx_HAL_Driver\Src\stm32f7xx_hal_flash_ex.o Drivers\STM32F7xx_HAL_Driver\Src\stm32f7xx_hal_gpio.o Drivers\STM32F7xx_HAL_Driver\Src\stm32f7xx_hal_hcd.o Drivers\STM32F7xx_HAL_Driver\Src\stm32f7xx_hal_i2c.o Drivers\STM32F7xx_HAL_Driver\Src\stm32f7xx_hal_i2c_ex.o Drivers\STM32F7xx_HAL_Driver\Src\stm32f7xx_hal_ltdc.o Drivers\STM32F7xx_HAL_Driver\Src\stm32f7xx_hal_ltdc_ex.o Drivers\STM32F7xx_HAL_Driver\Src\stm32f7xx_hal_pwr.o Drivers\STM32F7xx_HAL_Driver\Src\stm32f7xx_hal_pwr_ex.o Drivers\STM32F7xx_HAL_Driver\Src\stm32f7xx_hal_qspi.o Drivers\STM32F7xx_HAL_Driver\Src\stm32f7xx_hal_rcc.o Drivers\STM32F7xx_HAL_Driver\Src\stm32f7xx_hal_rcc_ex.o Drivers\STM32F7xx_HAL_Driver\Src\stm32f7xx_hal_rtc.o Drivers\STM32F7xx_HAL_Driver\Src\stm32f7xx_hal_rtc_ex.o Drivers\STM32F7xx_HAL_Driver\Src\stm32f7xx_hal_sai.o Drivers\STM32F7xx_HAL_Driver\Src\stm32f7xx_hal_sai_ex.o Drivers\STM32F7xx_HAL_Driver\Src\stm32f7xx_hal_sd.o Drivers\STM32F7xx_HAL_Driver\Src\stm32f7xx_hal_sdram.o Drivers\STM32F7xx_HAL_Driver\Src\stm32f7xx_hal_spdifrx.o Drivers\STM32F7xx_HAL_Driver\Src\stm32f7xx_hal_spi.o Drivers\STM32F7xx_HAL_Driver\Src\stm32f7xx_hal_spi_ex.o Drivers\STM32F7xx_HAL_Driver\Src\stm32f7xx_hal_tim.o Drivers\STM32F7xx_HAL_Driver\Src\stm32f7xx_hal_tim_ex.o Drivers\STM32F7xx_HAL_Driver\Src\stm32f7xx_hal_uart.o Drivers\STM32F7xx_HAL_Driver\Src\stm32f7xx_hal_uart_ex.o Drivers\STM32F7xx_HAL_Driver\Src\stm32f7xx_ll_fmc.o Drivers\STM32F7xx_HAL_Driver\Src\stm32f7xx_ll_sdmmc.o Drivers\STM32F7xx_HAL_Driver\Src\stm32f7xx_ll_usb.o FATFS\App\fatfs.o FATFS\Target\bsp_driver_sd.o FATFS\Target\fatfs_platform.o FATFS\Target\sd_diskio.o Middlewares\ST\STM32_USB_Host_Library\Class\CDC\Src\usbh_cdc.o Middlewares\ST\STM32_USB_Host_Library\Core\Src\usbh_core.o Middlewares\ST\STM32_USB_Host_Library\Core\Src\usbh_ctlreq.o Middlewares\ST\STM32_USB_Host_Library\Core\Src\usbh_ioreq.o Middlewares\ST\STM32_USB_Host_Library\Core\Src\usbh_pipes.o Middlewares\Third_Party\FatFs\src\diskio.o Middlewares\Third_Party\FatFs\src\ff.o Middlewares\Third_Party\FatFs\src\ff_gen_drv.o Middlewares\Third_Party\FatFs\src\option\syscall.o USB_HOST\App\usb_host.o USB_HOST\Target\usbh_conf.o USB_HOST\Target\usbh_platform.o startup\startup_stm32f750xx.o -mthumb -mcpu=cortex-m7 -mfloat-abi=hard -mfpu=fpv5-sp-d16 -T../STM32F750N8_FLASH.ld -specs=nosys.specs -static -Wl,-Map=Mortal Kombat.map -Wl,--gc-sections -Wl,--defsym=malloc_getpagesize_P=0x80 -Wl,--start-group -lc -lm -Wl,--end-group -specs=nano.specs 
C:\Program Files (x86)\Atollic\TrueSTUDIO for STM32 9.3.0\ide\jre\bin\java -jar C:\Program Files (x86)\Atollic\TrueSTUDIO for STM32 9.3.0\Tools\arm-atollic-reports.jar sizeinfo list Mortal Kombat.elf 
Generate build reports...
Print size information
   text	   data	    bss	    dec	    hex	filename
  64860	    152	   6588	  71600	  117b0	Mortal Kombat.elf
Print size information done
Generate listing file
Output sent to: Mortal Kombat.list
Generate listing file done
Generate build reports done
arm-atollic-eabi-objcopy.exe -O ihex Mortal Kombat.elf Mortal Kombat.hex 
Info: Parallel threads used: 1
Info: Nothing to build for Test_Project
15:45:42 **** Incremental Build of configuration Debug for project Mortal Kombat ****
Info: Internal Builder is used for build
Info: Parallel threads used: 0
Info: Nothing to build for Test_Project
15:46:18 **** Incremental Build of configuration Debug for project Mortal Kombat ****
Info: Internal Builder is used for build
arm-atollic-eabi-objcopy.exe -O ihex Mortal Kombat.elf Mortal Kombat.hex 
Info: Parallel threads used: 0
22:53:24 **** Incremental Build of configuration Debug for project Mortal Kombat ****
Info: Internal Builder is used for build
arm-atollic-eabi-gcc -c -mthumb -mcpu=cortex-m7 -mfloat-abi=hard -mfpu=fpv5-sp-d16 -std=gnu11 -DUSE_HAL_DRIVER -DSTM32F750xx -I../FATFS/Target -I../FATFS/App -I../USB_HOST/App -I../USB_HOST/Target -I../Core/Inc -I../Drivers/STM32F7xx_HAL_Driver/Inc -I../Drivers/STM32F7xx_HAL_Driver/Inc/Legacy -I../Middlewares/Third_Party/FatFs/src -I../Middlewares/ST/STM32_USB_Host_Library/Core/Inc -I../Middlewares/ST/STM32_USB_Host_Library/Class/CDC/Inc -I../Drivers/CMSIS/Device/ST/STM32F7xx/Include -I../Drivers/CMSIS/Include -ffunction-sections -fdata-sections -g -fstack-usage -Wall -specs=nano.specs -o Core\Src\main.o ..\Core\Src\main.c 
arm-atollic-eabi-gcc -o Mortal Kombat.elf Core\Src\main.o Core\Src\stm32f7xx_hal_msp.o Core\Src\stm32f7xx_hal_timebase_tim.o Core\Src\stm32f7xx_it.o Core\Src\syscalls.o Core\Src\system_stm32f7xx.o Drivers\STM32F7xx_HAL_Driver\Src\stm32f7xx_hal.o Drivers\STM32F7xx_HAL_Driver\Src\stm32f7xx_hal_adc.o Drivers\STM32F7xx_HAL_Driver\Src\stm32f7xx_hal_adc_ex.o Drivers\STM32F7xx_HAL_Driver\Src\stm32f7xx_hal_cortex.o Drivers\STM32F7xx_HAL_Driver\Src\stm32f7xx_hal_crc.o Drivers\STM32F7xx_HAL_Driver\Src\stm32f7xx_hal_crc_ex.o Drivers\STM32F7xx_HAL_Driver\Src\stm32f7xx_hal_dcmi.o Drivers\STM32F7xx_HAL_Driver\Src\stm32f7xx_hal_dcmi_ex.o Drivers\STM32F7xx_HAL_Driver\Src\stm32f7xx_hal_dma.o Drivers\STM32F7xx_HAL_Driver\Src\stm32f7xx_hal_dma2d.o Drivers\STM32F7xx_HAL_Driver\Src\stm32f7xx_hal_dma_ex.o Drivers\STM32F7xx_HAL_Driver\Src\stm32f7xx_hal_dsi.o Drivers\STM32F7xx_HAL_Driver\Src\stm32f7xx_hal_eth.o Drivers\STM32F7xx_HAL_Driver\Src\stm32f7xx_hal_exti.o Drivers\STM32F7xx_HAL_Driver\Src\stm32f7xx_hal_flash.o Drivers\STM32F7xx_HAL_Driver\Src\stm32f7xx_hal_flash_ex.o Drivers\STM32F7xx_HAL_Driver\Src\stm32f7xx_hal_gpio.o Drivers\STM32F7xx_HAL_Driver\Src\stm32f7xx_hal_hcd.o Drivers\STM32F7xx_HAL_Driver\Src\stm32f7xx_hal_i2c.o Drivers\STM32F7xx_HAL_Driver\Src\stm32f7xx_hal_i2c_ex.o Drivers\STM32F7xx_HAL_Driver\Src\stm32f7xx_hal_ltdc.o Drivers\STM32F7xx_HAL_Driver\Src\stm32f7xx_hal_ltdc_ex.o Drivers\STM32F7xx_HAL_Driver\Src\stm32f7xx_hal_pwr.o Drivers\STM32F7xx_HAL_Driver\Src\stm32f7xx_hal_pwr_ex.o Drivers\STM32F7xx_HAL_Driver\Src\stm32f7xx_hal_qspi.o Drivers\STM32F7xx_HAL_Driver\Src\stm32f7xx_hal_rcc.o Drivers\STM32F7xx_HAL_Driver\Src\stm32f7xx_hal_rcc_ex.o Drivers\STM32F7xx_HAL_Driver\Src\stm32f7xx_hal_rtc.o Drivers\STM32F7xx_HAL_Driver\Src\stm32f7xx_hal_rtc_ex.o Drivers\STM32F7xx_HAL_Driver\Src\stm32f7xx_hal_sai.o Drivers\STM32F7xx_HAL_Driver\Src\stm32f7xx_hal_sai_ex.o Drivers\STM32F7xx_HAL_Driver\Src\stm32f7xx_hal_sd.o Drivers\STM32F7xx_HAL_Driver\Src\stm32f7xx_hal_sdram.o Drivers\STM32F7xx_HAL_Driver\Src\stm32f7xx_hal_spdifrx.o Drivers\STM32F7xx_HAL_Driver\Src\stm32f7xx_hal_spi.o Drivers\STM32F7xx_HAL_Driver\Src\stm32f7xx_hal_spi_ex.o Drivers\STM32F7xx_HAL_Driver\Src\stm32f7xx_hal_tim.o Drivers\STM32F7xx_HAL_Driver\Src\stm32f7xx_hal_tim_ex.o Drivers\STM32F7xx_HAL_Driver\Src\stm32f7xx_hal_uart.o Drivers\STM32F7xx_HAL_Driver\Src\stm32f7xx_hal_uart_ex.o Drivers\STM32F7xx_HAL_Driver\Src\stm32f7xx_ll_fmc.o Drivers\STM32F7xx_HAL_Driver\Src\stm32f7xx_ll_sdmmc.o Drivers\STM32F7xx_HAL_Driver\Src\stm32f7xx_ll_usb.o FATFS\App\fatfs.o FATFS\Target\bsp_driver_sd.o FATFS\Target\fatfs_platform.o FATFS\Target\sd_diskio.o Middlewares\ST\STM32_USB_Host_Library\Class\CDC\Src\usbh_cdc.o Middlewares\ST\STM32_USB_Host_Library\Core\Src\usbh_core.o Middlewares\ST\STM32_USB_Host_Library\Core\Src\usbh_ctlreq.o Middlewares\ST\STM32_USB_Host_Library\Core\Src\usbh_ioreq.o Middlewares\ST\STM32_USB_Host_Library\Core\Src\usbh_pipes.o Middlewares\Third_Party\FatFs\src\diskio.o Middlewares\Third_Party\FatFs\src\ff.o Middlewares\Third_Party\FatFs\src\ff_gen_drv.o Middlewares\Third_Party\FatFs\src\option\syscall.o USB_HOST\App\usb_host.o USB_HOST\Target\usbh_conf.o USB_HOST\Target\usbh_platform.o startup\startup_stm32f750xx.o -mthumb -mcpu=cortex-m7 -mfloat-abi=hard -mfpu=fpv5-sp-d16 -T../STM32F750N8_FLASH.ld -specs=nosys.specs -static -Wl,-Map=Mortal Kombat.map -Wl,--gc-sections -Wl,--defsym=malloc_getpagesize_P=0x80 -Wl,--start-group -lc -lm -Wl,--end-group -specs=nano.specs 
C:\Program Files (x86)\Atollic\TrueSTUDIO for STM32 9.3.0\ide\jre\bin\java -jar C:\Program Files (x86)\Atollic\TrueSTUDIO for STM32 9.3.0\Tools\arm-atollic-reports.jar sizeinfo list Mortal Kombat.elf 
Generate build reports...
Print size information
   text	   data	    bss	    dec	    hex	filename
  64860	    152	   6588	  71600	  117b0	Mortal Kombat.elf
Print size information done
Generate listing file
Output sent to: Mortal Kombat.list
Generate listing file done
Generate build reports done
arm-atollic-eabi-objcopy.exe -O ihex Mortal Kombat.elf Mortal Kombat.hex 
Info: Parallel threads used: 1
Info: Nothing to build for Test_Project
23:10:30 **** Incremental Build of configuration Debug for project Mortal Kombat ****
Info: Internal Builder is used for build
arm-atollic-eabi-gcc -c -mthumb -mcpu=cortex-m7 -mfloat-abi=hard -mfpu=fpv5-sp-d16 -std=gnu11 -DUSE_HAL_DRIVER -DSTM32F750xx -I../FATFS/Target -I../FATFS/App -I../USB_HOST/App -I../USB_HOST/Target -I../Core/Inc -I../Drivers/STM32F7xx_HAL_Driver/Inc -I../Drivers/STM32F7xx_HAL_Driver/Inc/Legacy -I../Middlewares/Third_Party/FatFs/src -I../Middlewares/ST/STM32_USB_Host_Library/Core/Inc -I../Middlewares/ST/STM32_USB_Host_Library/Class/CDC/Inc -I../Drivers/CMSIS/Device/ST/STM32F7xx/Include -I../Drivers/CMSIS/Include -ffunction-sections -fdata-sections -g -fstack-usage -Wall -specs=nano.specs -o Core\Src\main.o ..\Core\Src\main.c 
..\Core\Src\main.c: In function 'KEY_PRESS':
..\Core\Src\main.c:150:31: error: 'R_3PIN' undeclared (first use in this function)
  HAL_GPIO_WritePin ( R3_PORT, R_3PIN, GPIO_PIN_RESET ); // Set R1 as LOW
                               ^~~~~~
..\Core\Src\main.c:150:31: note: each undeclared identifier is reported only once for each function it appears in
Info: Parallel threads used: 1
Info: Nothing to build for Test_Project
23:10:52 **** Incremental Build of configuration Debug for project Mortal Kombat ****
Info: Internal Builder is used for build
arm-atollic-eabi-gcc -c -mthumb -mcpu=cortex-m7 -mfloat-abi=hard -mfpu=fpv5-sp-d16 -std=gnu11 -DUSE_HAL_DRIVER -DSTM32F750xx -I../FATFS/Target -I../FATFS/App -I../USB_HOST/App -I../USB_HOST/Target -I../Core/Inc -I../Drivers/STM32F7xx_HAL_Driver/Inc -I../Drivers/STM32F7xx_HAL_Driver/Inc/Legacy -I../Middlewares/Third_Party/FatFs/src -I../Middlewares/ST/STM32_USB_Host_Library/Core/Inc -I../Middlewares/ST/STM32_USB_Host_Library/Class/CDC/Inc -I../Drivers/CMSIS/Device/ST/STM32F7xx/Include -I../Drivers/CMSIS/Include -ffunction-sections -fdata-sections -g -fstack-usage -Wall -specs=nano.specs -o Core\Src\main.o ..\Core\Src\main.c 
arm-atollic-eabi-gcc -o Mortal Kombat.elf Core\Src\main.o Core\Src\stm32f7xx_hal_msp.o Core\Src\stm32f7xx_hal_timebase_tim.o Core\Src\stm32f7xx_it.o Core\Src\syscalls.o Core\Src\system_stm32f7xx.o Drivers\STM32F7xx_HAL_Driver\Src\stm32f7xx_hal.o Drivers\STM32F7xx_HAL_Driver\Src\stm32f7xx_hal_adc.o Drivers\STM32F7xx_HAL_Driver\Src\stm32f7xx_hal_adc_ex.o Drivers\STM32F7xx_HAL_Driver\Src\stm32f7xx_hal_cortex.o Drivers\STM32F7xx_HAL_Driver\Src\stm32f7xx_hal_crc.o Drivers\STM32F7xx_HAL_Driver\Src\stm32f7xx_hal_crc_ex.o Drivers\STM32F7xx_HAL_Driver\Src\stm32f7xx_hal_dcmi.o Drivers\STM32F7xx_HAL_Driver\Src\stm32f7xx_hal_dcmi_ex.o Drivers\STM32F7xx_HAL_Driver\Src\stm32f7xx_hal_dma.o Drivers\STM32F7xx_HAL_Driver\Src\stm32f7xx_hal_dma2d.o Drivers\STM32F7xx_HAL_Driver\Src\stm32f7xx_hal_dma_ex.o Drivers\STM32F7xx_HAL_Driver\Src\stm32f7xx_hal_dsi.o Drivers\STM32F7xx_HAL_Driver\Src\stm32f7xx_hal_eth.o Drivers\STM32F7xx_HAL_Driver\Src\stm32f7xx_hal_exti.o Drivers\STM32F7xx_HAL_Driver\Src\stm32f7xx_hal_flash.o Drivers\STM32F7xx_HAL_Driver\Src\stm32f7xx_hal_flash_ex.o Drivers\STM32F7xx_HAL_Driver\Src\stm32f7xx_hal_gpio.o Drivers\STM32F7xx_HAL_Driver\Src\stm32f7xx_hal_hcd.o Drivers\STM32F7xx_HAL_Driver\Src\stm32f7xx_hal_i2c.o Drivers\STM32F7xx_HAL_Driver\Src\stm32f7xx_hal_i2c_ex.o Drivers\STM32F7xx_HAL_Driver\Src\stm32f7xx_hal_ltdc.o Drivers\STM32F7xx_HAL_Driver\Src\stm32f7xx_hal_ltdc_ex.o Drivers\STM32F7xx_HAL_Driver\Src\stm32f7xx_hal_pwr.o Drivers\STM32F7xx_HAL_Driver\Src\stm32f7xx_hal_pwr_ex.o Drivers\STM32F7xx_HAL_Driver\Src\stm32f7xx_hal_qspi.o Drivers\STM32F7xx_HAL_Driver\Src\stm32f7xx_hal_rcc.o Drivers\STM32F7xx_HAL_Driver\Src\stm32f7xx_hal_rcc_ex.o Drivers\STM32F7xx_HAL_Driver\Src\stm32f7xx_hal_rtc.o Drivers\STM32F7xx_HAL_Driver\Src\stm32f7xx_hal_rtc_ex.o Drivers\STM32F7xx_HAL_Driver\Src\stm32f7xx_hal_sai.o Drivers\STM32F7xx_HAL_Driver\Src\stm32f7xx_hal_sai_ex.o Drivers\STM32F7xx_HAL_Driver\Src\stm32f7xx_hal_sd.o Drivers\STM32F7xx_HAL_Driver\Src\stm32f7xx_hal_sdram.o Drivers\STM32F7xx_HAL_Driver\Src\stm32f7xx_hal_spdifrx.o Drivers\STM32F7xx_HAL_Driver\Src\stm32f7xx_hal_spi.o Drivers\STM32F7xx_HAL_Driver\Src\stm32f7xx_hal_spi_ex.o Drivers\STM32F7xx_HAL_Driver\Src\stm32f7xx_hal_tim.o Drivers\STM32F7xx_HAL_Driver\Src\stm32f7xx_hal_tim_ex.o Drivers\STM32F7xx_HAL_Driver\Src\stm32f7xx_hal_uart.o Drivers\STM32F7xx_HAL_Driver\Src\stm32f7xx_hal_uart_ex.o Drivers\STM32F7xx_HAL_Driver\Src\stm32f7xx_ll_fmc.o Drivers\STM32F7xx_HAL_Driver\Src\stm32f7xx_ll_sdmmc.o Drivers\STM32F7xx_HAL_Driver\Src\stm32f7xx_ll_usb.o FATFS\App\fatfs.o FATFS\Target\bsp_driver_sd.o FATFS\Target\fatfs_platform.o FATFS\Target\sd_diskio.o Middlewares\ST\STM32_USB_Host_Library\Class\CDC\Src\usbh_cdc.o Middlewares\ST\STM32_USB_Host_Library\Core\Src\usbh_core.o Middlewares\ST\STM32_USB_Host_Library\Core\Src\usbh_ctlreq.o Middlewares\ST\STM32_USB_Host_Library\Core\Src\usbh_ioreq.o Middlewares\ST\STM32_USB_Host_Library\Core\Src\usbh_pipes.o Middlewares\Third_Party\FatFs\src\diskio.o Middlewares\Third_Party\FatFs\src\ff.o Middlewares\Third_Party\FatFs\src\ff_gen_drv.o Middlewares\Third_Party\FatFs\src\option\syscall.o USB_HOST\App\usb_host.o USB_HOST\Target\usbh_conf.o USB_HOST\Target\usbh_platform.o startup\startup_stm32f750xx.o -mthumb -mcpu=cortex-m7 -mfloat-abi=hard -mfpu=fpv5-sp-d16 -T../STM32F750N8_FLASH.ld -specs=nosys.specs -static -Wl,-Map=Mortal Kombat.map -Wl,--gc-sections -Wl,--defsym=malloc_getpagesize_P=0x80 -Wl,--start-group -lc -lm -Wl,--end-group -specs=nano.specs 
c:/program files (x86)/atollic/truestudio for stm32 9.3.0/armtools/bin/../lib/gcc/arm-atollic-eabi/6.3.1/../../../../arm-atollic-eabi/bin/ld.exe: Mortal Kombat.elf section `.text' will not fit in region `FLASH'
c:/program files (x86)/atollic/truestudio for stm32 9.3.0/armtools/bin/../lib/gcc/arm-atollic-eabi/6.3.1/../../../../arm-atollic-eabi/bin/ld.exe: region `FLASH' overflowed by 1872 bytes
collect2.exe: error: ld returned 1 exit status
Info: Parallel threads used: 1
Info: Nothing to build for Test_Project
23:17:05 **** Incremental Build of configuration Debug for project Mortal Kombat ****
Info: Internal Builder is used for build
arm-atollic-eabi-gcc -c -mthumb -mcpu=cortex-m7 -mfloat-abi=hard -mfpu=fpv5-sp-d16 -std=gnu11 -DUSE_HAL_DRIVER -DSTM32F750xx -I../FATFS/Target -I../FATFS/App -I../USB_HOST/App -I../USB_HOST/Target -I../Core/Inc -I../Drivers/STM32F7xx_HAL_Driver/Inc -I../Drivers/STM32F7xx_HAL_Driver/Inc/Legacy -I../Middlewares/Third_Party/FatFs/src -I../Middlewares/ST/STM32_USB_Host_Library/Core/Inc -I../Middlewares/ST/STM32_USB_Host_Library/Class/CDC/Inc -I../Drivers/CMSIS/Device/ST/STM32F7xx/Include -I../Drivers/CMSIS/Include -ffunction-sections -fdata-sections -g -fstack-usage -Wall -specs=nano.specs -o Core\Src\main.o ..\Core\Src\main.c 
..\Core\Src\main.c: In function 'main':
..\Core\Src\main.c:252:30: error: 'X' undeclared (first use in this function)
       sprintf(MSG, "One \n", X);
                              ^
..\Core\Src\main.c:252:30: note: each undeclared identifier is reported only once for each function it appears in
..\Core\Src\main.c:252:15: warning: pointer targets in passing argument 1 of 'sprintf' differ in signedness [-Wpointer-sign]
       sprintf(MSG, "One \n", X);
               ^~~
In file included from c:\program files (x86)\atollic\truestudio for stm32 9.3.0\armtools\arm-atollic-eabi\include\stdlib.h:11:0,
                 from ../FATFS/Target/ffconf.h:265,
                 from ../Middlewares/Third_Party/FatFs/src/ff.h:29,
                 from ../FATFS/App/fatfs.h:26,
                 from ..\Core\Src\main.c:22:
c:\program files (x86)\atollic\truestudio for stm32 9.3.0\armtools\arm-atollic-eabi\include\stdio.h:244:5: note: expected 'char * restrict' but argument is of type 'uint8_t * {aka unsigned char *}'
 int _EXFUN(sprintf, (char *__restrict, const char *__restrict, ...)
     ^
..\Core\Src\main.c:257:15: warning: pointer targets in passing argument 1 of 'sprintf' differ in signedness [-Wpointer-sign]
       sprintf(MSG, " Two \n", X);
               ^~~
In file included from c:\program files (x86)\atollic\truestudio for stm32 9.3.0\armtools\arm-atollic-eabi\include\stdlib.h:11:0,
                 from ../FATFS/Target/ffconf.h:265,
                 from ../Middlewares/Third_Party/FatFs/src/ff.h:29,
                 from ../FATFS/App/fatfs.h:26,
                 from ..\Core\Src\main.c:22:
c:\program files (x86)\atollic\truestudio for stm32 9.3.0\armtools\arm-atollic-eabi\include\stdio.h:244:5: note: expected 'char * restrict' but argument is of type 'uint8_t * {aka unsigned char *}'
 int _EXFUN(sprintf, (char *__restrict, const char *__restrict, ...)
     ^
..\Core\Src\main.c:262:15: warning: pointer targets in passing argument 1 of 'sprintf' differ in signedness [-Wpointer-sign]
       sprintf(MSG, "Three \n", X);
               ^~~
In file included from c:\program files (x86)\atollic\truestudio for stm32 9.3.0\armtools\arm-atollic-eabi\include\stdlib.h:11:0,
                 from ../FATFS/Target/ffconf.h:265,
                 from ../Middlewares/Third_Party/FatFs/src/ff.h:29,
                 from ../FATFS/App/fatfs.h:26,
                 from ..\Core\Src\main.c:22:
c:\program files (x86)\atollic\truestudio for stm32 9.3.0\armtools\arm-atollic-eabi\include\stdio.h:244:5: note: expected 'char * restrict' but argument is of type 'uint8_t * {aka unsigned char *}'
 int _EXFUN(sprintf, (char *__restrict, const char *__restrict, ...)
     ^
..\Core\Src\main.c:267:14: warning: pointer targets in passing argument 1 of 'sprintf' differ in signedness [-Wpointer-sign]
      sprintf(MSG, "None \n", X);
              ^~~
In file included from c:\program files (x86)\atollic\truestudio for stm32 9.3.0\armtools\arm-atollic-eabi\include\stdlib.h:11:0,
                 from ../FATFS/Target/ffconf.h:265,
                 from ../Middlewares/Third_Party/FatFs/src/ff.h:29,
                 from ../FATFS/App/fatfs.h:26,
                 from ..\Core\Src\main.c:22:
c:\program files (x86)\atollic\truestudio for stm32 9.3.0\armtools\arm-atollic-eabi\include\stdio.h:244:5: note: expected 'char * restrict' but argument is of type 'uint8_t * {aka unsigned char *}'
 int _EXFUN(sprintf, (char *__restrict, const char *__restrict, ...)
     ^
Info: Parallel threads used: 1
Info: Nothing to build for Test_Project
23:17:29 **** Incremental Build of configuration Debug for project Mortal Kombat ****
Info: Internal Builder is used for build
arm-atollic-eabi-gcc -c -mthumb -mcpu=cortex-m7 -mfloat-abi=hard -mfpu=fpv5-sp-d16 -std=gnu11 -DUSE_HAL_DRIVER -DSTM32F750xx -I../FATFS/Target -I../FATFS/App -I../USB_HOST/App -I../USB_HOST/Target -I../Core/Inc -I../Drivers/STM32F7xx_HAL_Driver/Inc -I../Drivers/STM32F7xx_HAL_Driver/Inc/Legacy -I../Middlewares/Third_Party/FatFs/src -I../Middlewares/ST/STM32_USB_Host_Library/Core/Inc -I../Middlewares/ST/STM32_USB_Host_Library/Class/CDC/Inc -I../Drivers/CMSIS/Device/ST/STM32F7xx/Include -I../Drivers/CMSIS/Include -ffunction-sections -fdata-sections -g -fstack-usage -Wall -specs=nano.specs -o Core\Src\main.o ..\Core\Src\main.c 
..\Core\Src\main.c: In function 'main':
..\Core\Src\main.c:253:15: warning: pointer targets in passing argument 1 of 'sprintf' differ in signedness [-Wpointer-sign]
       sprintf(MSG, "One \n", X);
               ^~~
[...]
C:\Program Files (x86)\Atollic\TrueSTUDIO for STM32 9.3.0\ide\jre\bin\java -jar C:\Program Files (x86)\Atollic\TrueSTUDIO for STM32 9.3.0\Tools\arm-atollic-reports.jar sizeinfo list Mortal Kombat.elf 
Generate build reports...
Print size information
   text	   data	    bss	    dec	    hex	filename
  33512	     20	   3564	  37096	   90e8	Mortal Kombat.elf
Print size information done
Generate listing file
Output sent to: Mortal Kombat.list
Generate listing file done
Generate build reports done
arm-atollic-eabi-objcopy.exe -O ihex Mortal Kombat.elf Mortal Kombat.hex 
Info: Parallel threads used: 1
19:58:58 **** Incremental Build of configuration Debug for project Mortal Kombat ****
Info: Internal Builder is used for build
Info: Parallel threads used: 0
20:00:10 **** Incremental Build of configuration Debug for project Mortal Kombat ****
Info: Internal Builder is used for build
Info: Parallel threads used: 0
20:00:52 **** Incremental Build of configuration Debug for project Mortal Kombat ****
Info: Internal Builder is used for build
arm-atollic-eabi-gcc -c -mthumb -mcpu=cortex-m7 -mfloat-abi=hard -mfpu=fpv5-sp-d16 -std=gnu11 -DUSE_HAL_DRIVER -DSTM32F750xx -I../FATFS/Target -I../FATFS/App -I../Core/Inc -I../Drivers/STM32F7xx_HAL_Driver/Inc -I../Drivers/STM32F7xx_HAL_Driver/Inc/Legacy -I../Middlewares/Third_Party/FatFs/src -I../Drivers/CMSIS/Device/ST/STM32F7xx/Include -I../Drivers/CMSIS/Include -ffunction-sections -fdata-sections -g -fstack-usage -Wall -specs=nano.specs -o Core\Src\main.o ..\Core\Src\main.c 
arm-atollic-eabi-gcc -o Mortal Kombat.elf Core\Src\main.o Core\Src\stm32f7xx_hal_msp.o Core\Src\stm32f7xx_hal_timebase_tim.o Core\Src\stm32f7xx_it.o Core\Src\syscalls.o Core\Src\system_stm32f7xx.o Drivers\STM32F7xx_HAL_Driver\Src\stm32f7xx_hal.o Drivers\STM32F7xx_HAL_Driver\Src\stm32f7xx_hal_adc.o Drivers\STM32F7xx_HAL_Driver\Src\stm32f7xx_hal_adc_ex.o Drivers\STM32F7xx_HAL_Driver\Src\stm32f7xx_hal_cortex.o Drivers\STM32F7xx_HAL_Driver\Src\stm32f7xx_hal_dcmi.o Drivers\STM32F7xx_HAL_Driver\Src\stm32f7xx_hal_dcmi_ex.o Drivers\STM32F7xx_HAL_Driver\Src\stm32f7xx_hal_dma.o Drivers\STM32F7xx_HAL_Driver\Src\stm32f7xx_hal_dma2d.o Drivers\STM32F7xx_HAL_Driver\Src\stm32f7xx_hal_dma_ex.o Drivers\STM32F7xx_HAL_Driver\Src\stm32f7xx_hal_dsi.o Drivers\STM32F7xx_HAL_Driver\Src\stm32f7xx_hal_exti.o Drivers\STM32F7xx_HAL_Driver\Src\stm32f7xx_hal_flash.o Drivers\STM32F7xx_HAL_Driver\Src\stm32f7xx_hal_flash_ex.o Drivers\STM32F7xx_HAL_Driver\Src\stm32f7xx_hal_gpio.o Drivers\STM32F7xx_HAL_Driver\Src\stm32f7xx_hal_i2c.o Drivers\STM32F7xx_HAL_Driver\Src\stm32f7xx_hal_i2c_ex.o Drivers\STM32F7xx_HAL_Driver\Src\stm32f7xx_hal_ltdc.o Drivers\STM32F7xx_HAL_Driver\Src\stm32f7xx_hal_ltdc_ex.o Drivers\STM32F7xx_HAL_Driver\Src\stm32f7xx_hal_pwr.o Drivers\STM32F7xx_HAL_Driver\Src\stm32f7xx_hal_pwr_ex.o Drivers\STM32F7xx_HAL_Driver\Src\stm32f7xx_hal_qspi.o Drivers\STM32F7xx_HAL_Driver\Src\stm32f7xx_hal_rcc.o Drivers\STM32F7xx_HAL_Driver\Src\stm32f7xx_hal_rcc_ex.o Drivers\STM32F7xx_HAL_Driver\Src\stm32f7xx_hal_rtc.o Drivers\STM32F7xx_HAL_Driver\Src\stm32f7xx_hal_rtc_ex.o Drivers\STM32F7xx_HAL_Driver\Src\stm32f7xx_hal_sai.o Drivers\STM32F7xx_HAL_Driver\Src\stm32f7xx_hal_sai_ex.o Drivers\STM32F7xx_HAL_Driver\Src\stm32f7xx_hal_sd.o Drivers\STM32F7xx_HAL_Driver\Src\stm32f7xx_hal_sdram.o Drivers\STM32F7xx_HAL_Driver\Src\stm32f7xx_hal_spdifrx.o Drivers\STM32F7xx_HAL_Driver\Src\stm32f7xx_hal_spi.o Drivers\STM32F7xx_HAL_Driver\Src\stm32f7xx_hal_spi_ex.o Drivers\STM32F7xx_HAL_Driver\Src\stm32f7xx_hal_tim.o Drivers\STM32F7xx_HAL_Driver\Src\stm32f7xx_hal_tim_ex.o Drivers\STM32F7xx_HAL_Driver\Src\stm32f7xx_hal_uart.o Drivers\STM32F7xx_HAL_Driver\Src\stm32f7xx_hal_uart_ex.o Drivers\STM32F7xx_HAL_Driver\Src\stm32f7xx_ll_fmc.o Drivers\STM32F7xx_HAL_Driver\Src\stm32f7xx_ll_sdmmc.o FATFS\App\fatfs.o FATFS\Target\bsp_driver_sd.o FATFS\Target\fatfs_platform.o FATFS\Target\sd_diskio.o Middlewares\Third_Party\FatFs\src\diskio.o Middlewares\Third_Party\FatFs\src\ff.o Middlewares\Third_Party\FatFs\src\ff_gen_drv.o Middlewares\Third_Party\FatFs\src\option\syscall.o startup\startup_stm32f750xx.o -mthumb -mcpu=cortex-m7 -mfloat-abi=hard -mfpu=fpv5-sp-d16 -T../STM32F750N8_FLASH.ld -specs=nosys.specs -static -Wl,-Map=Mortal Kombat.map -Wl,--gc-sections -Wl,--defsym=malloc_getpagesize_P=0x80 -Wl,--start-group -lc -lm -Wl,--end-group -specs=nano.specs 
C:\Program Files (x86)\Atollic\TrueSTUDIO for STM32 9.3.0\ide\jre\bin\java -jar C:\Program Files (x86)\Atollic\TrueSTUDIO for STM32 9.3.0\Tools\arm-atollic-reports.jar sizeinfo list Mortal Kombat.elf 
Generate build reports...
Print size information
   text	   data	    bss	    dec	    hex	filename
  33476	     20	   3564	  37060	   90c4	Mortal Kombat.elf
Print size information done
Generate listing file
Output sent to: Mortal Kombat.list
Generate listing file done
Generate build reports done
arm-atollic-eabi-objcopy.exe -O ihex Mortal Kombat.elf Mortal Kombat.hex 
Info: Parallel threads used: 1
20:00:56 **** Incremental Build of configuration Debug for project Mortal Kombat ****
Info: Internal Builder is used for build
Info: Parallel threads used: 0
20:02:15 **** Incremental Build of configuration Debug for project Mortal Kombat ****
Info: Internal Builder is used for build
arm-atollic-eabi-gcc -c -mthumb -mcpu=cortex-m7 -mfloat-abi=hard -mfpu=fpv5-sp-d16 -std=gnu11 -DUSE_HAL_DRIVER -DSTM32F750xx -I../FATFS/Target -I../FATFS/App -I../Core/Inc -I../Drivers/STM32F7xx_HAL_Driver/Inc -I../Drivers/STM32F7xx_HAL_Driver/Inc/Legacy -I../Middlewares/Third_Party/FatFs/src -I../Drivers/CMSIS/Device/ST/STM32F7xx/Include -I../Drivers/CMSIS/Include -ffunction-sections -fdata-sections -g -fstack-usage -Wall -specs=nano.specs -o Core\Src\main.o ..\Core\Src\main.c 
arm-atollic-eabi-gcc -o Mortal Kombat.elf Core\Src\main.o Core\Src\stm32f7xx_hal_msp.o Core\Src\stm32f7xx_hal_timebase_tim.o Core\Src\stm32f7xx_it.o Core\Src\syscalls.o Core\Src\system_stm32f7xx.o Drivers\STM32F7xx_HAL_Driver\Src\stm32f7xx_hal.o Drivers\STM32F7xx_HAL_Driver\Src\stm32f7xx_hal_adc.o Drivers\STM32F7xx_HAL_Driver\Src\stm32f7xx_hal_adc_ex.o Drivers\STM32F7xx_HAL_Driver\Src\stm32f7xx_hal_cortex.o Drivers\STM32F7xx_HAL_Driver\Src\stm32f7xx_hal_dcmi.o Drivers\STM32F7xx_HAL_Driver\Src\stm32f7xx_hal_dcmi_ex.o Drivers\STM32F7xx_HAL_Driver\Src\stm32f7xx_hal_dma.o Drivers\STM32F7xx_HAL_Driver\Src\stm32f7xx_hal_dma2d.o Drivers\STM32F7xx_HAL_Driver\Src\stm32f7xx_hal_dma_ex.o Drivers\STM32F7xx_HAL_Driver\Src\stm32f7xx_hal_dsi.o Drivers\STM32F7xx_HAL_Driver\Src\stm32f7xx_hal_exti.o Drivers\STM32F7xx_HAL_Driver\Src\stm32f7xx_hal_flash.o Drivers\STM32F7xx_HAL_Driver\Src\stm32f7xx_hal_flash_ex.o Drivers\STM32F7xx_HAL_Driver\Src\stm32f7xx_hal_gpio.o Drivers\STM32F7xx_HAL_Driver\Src\stm32f7xx_hal_i2c.o Drivers\STM32F7xx_HAL_Driver\Src\stm32f7xx_hal_i2c_ex.o Drivers\STM32F7xx_HAL_Driver\Src\stm32f7xx_hal_ltdc.o Drivers\STM32F7xx_HAL_Driver\Src\stm32f7xx_hal_ltdc_ex.o Drivers\STM32F7xx_HAL_Driver\Src\stm32f7xx_hal_pwr.o Drivers\STM32F7xx_HAL_Driver\Src\stm32f7xx_hal_pwr_ex.o Drivers\STM32F7xx_HAL_Driver\Src\stm32f7xx_hal_qspi.o Drivers\STM32F7xx_HAL_Driver\Src\stm32f7xx_hal_rcc.o Drivers\STM32F7xx_HAL_Driver\Src\stm32f7xx_hal_rcc_ex.o Drivers\STM32F7xx_HAL_Driver\Src\stm32f7xx_hal_rtc.o Drivers\STM32F7xx_HAL_Driver\Src\stm32f7xx_hal_rtc_ex.o Drivers\STM32F7xx_HAL_Driver\Src\stm32f7xx_hal_sai.o Drivers\STM32F7xx_HAL_Driver\Src\stm32f7xx_hal_sai_ex.o Drivers\STM32F7xx_HAL_Driver\Src\stm32f7xx_hal_sd.o Drivers\STM32F7xx_HAL_Driver\Src\stm32f7xx_hal_sdram.o Drivers\STM32F7xx_HAL_Driver\Src\stm32f7xx_hal_spdifrx.o Drivers\STM32F7xx_HAL_Driver\Src\stm32f7xx_hal_spi.o Drivers\STM32F7xx_HAL_Driver\Src\stm32f7xx_hal_spi_ex.o Drivers\STM32F7xx_HAL_Driver\Src\stm32f7xx_hal_tim.o Drivers\STM32F7xx_HAL_Driver\Src\stm32f7xx_hal_tim_ex.o Drivers\STM32F7xx_HAL_Driver\Src\stm32f7xx_hal_uart.o Drivers\STM32F7xx_HAL_Driver\Src\stm32f7xx_hal_uart_ex.o Drivers\STM32F7xx_HAL_Driver\Src\stm32f7xx_ll_fmc.o Drivers\STM32F7xx_HAL_Driver\Src\stm32f7xx_ll_sdmmc.o FATFS\App\fatfs.o FATFS\Target\bsp_driver_sd.o FATFS\Target\fatfs_platform.o FATFS\Target\sd_diskio.o Middlewares\Third_Party\FatFs\src\diskio.o Middlewares\Third_Party\FatFs\src\ff.o Middlewares\Third_Party\FatFs\src\ff_gen_drv.o Middlewares\Third_Party\FatFs\src\option\syscall.o startup\startup_stm32f750xx.o -mthumb -mcpu=cortex-m7 -mfloat-abi=hard -mfpu=fpv5-sp-d16 -T../STM32F750N8_FLASH.ld -specs=nosys.specs -static -Wl,-Map=Mortal Kombat.map -Wl,--gc-sections -Wl,--defsym=malloc_getpagesize_P=0x80 -Wl,--start-group -lc -lm -Wl,--end-group -specs=nano.specs 
C:\Program Files (x86)\Atollic\TrueSTUDIO for STM32 9.3.0\ide\jre\bin\java -jar C:\Program Files (x86)\Atollic\TrueSTUDIO for STM32 9.3.0\Tools\arm-atollic-reports.jar sizeinfo list Mortal Kombat.elf 
Generate build reports...
Print size information
   text	   data	    bss	    dec	    hex	filename
  33484	     20	   3564	  37068	   90cc	Mortal Kombat.elf
Print size information done
Generate listing file
Output sent to: Mortal Kombat.list
Generate listing file done
Generate build reports done
arm-atollic-eabi-objcopy.exe -O ihex Mortal Kombat.elf Mortal Kombat.hex 
Info: Parallel threads used: 1
20:02:22 **** Incremental Build of configuration Debug for project Mortal Kombat ****
Info: Internal Builder is used for build
arm-atollic-eabi-objcopy.exe -O ihex Mortal Kombat.elf Mortal Kombat.hex 
Info: Parallel threads used: 0
20:03:38 **** Incremental Build of configuration Debug for project Mortal Kombat ****
Info: Internal Builder is used for build
arm-atollic-eabi-gcc -c -mthumb -mcpu=cortex-m7 -mfloat-abi=hard -mfpu=fpv5-sp-d16 -std=gnu11 -DUSE_HAL_DRIVER -DSTM32F750xx -I../FATFS/Target -I../FATFS/App -I../Core/Inc -I../Drivers/STM32F7xx_HAL_Driver/Inc -I../Drivers/STM32F7xx_HAL_Driver/Inc/Legacy -I../Middlewares/Third_Party/FatFs/src -I../Drivers/CMSIS/Device/ST/STM32F7xx/Include -I../Drivers/CMSIS/Include -ffunction-sections -fdata-sections -g -fstack-usage -Wall -specs=nano.specs -o Core\Src\main.o ..\Core\Src\main.c 
arm-atollic-eabi-gcc -o Mortal Kombat.elf Core\Src\main.o Core\Src\stm32f7xx_hal_msp.o Core\Src\stm32f7xx_hal_timebase_tim.o Core\Src\stm32f7xx_it.o Core\Src\syscalls.o Core\Src\system_stm32f7xx.o Drivers\STM32F7xx_HAL_Driver\Src\stm32f7xx_hal.o Drivers\STM32F7xx_HAL_Driver\Src\stm32f7xx_hal_adc.o Drivers\STM32F7xx_HAL_Driver\Src\stm32f7xx_hal_adc_ex.o Drivers\STM32F7xx_HAL_Driver\Src\stm32f7xx_hal_cortex.o Drivers\STM32F7xx_HAL_Driver\Src\stm32f7xx_hal_dcmi.o Drivers\STM32F7xx_HAL_Driver\Src\stm32f7xx_hal_dcmi_ex.o Drivers\STM32F7xx_HAL_Driver\Src\stm32f7xx_hal_dma.o Drivers\STM32F7xx_HAL_Driver\Src\stm32f7xx_hal_dma2d.o Drivers\STM32F7xx_HAL_Driver\Src\stm32f7xx_hal_dma_ex.o Drivers\STM32F7xx_HAL_Driver\Src\stm32f7xx_hal_dsi.o Drivers\STM32F7xx_HAL_Driver\Src\stm32f7xx_hal_exti.o Drivers\STM32F7xx_HAL_Driver\Src\stm32f7xx_hal_flash.o Drivers\STM32F7xx_HAL_Driver\Src\stm32f7xx_hal_flash_ex.o Drivers\STM32F7xx_HAL_Driver\Src\stm32f7xx_hal_gpio.o Drivers\STM32F7xx_HAL_Driver\Src\stm32f7xx_hal_i2c.o Drivers\STM32F7xx_HAL_Driver\Src\stm32f7xx_hal_i2c_ex.o Drivers\STM32F7xx_HAL_Driver\Src\stm32f7xx_hal_ltdc.o Drivers\STM32F7xx_HAL_Driver\Src\stm32f7xx_hal_ltdc_ex.o Drivers\STM32F7xx_HAL_Driver\Src\stm32f7xx_hal_pwr.o Drivers\STM32F7xx_HAL_Driver\Src\stm32f7xx_hal_pwr_ex.o Drivers\STM32F7xx_HAL_Driver\Src\stm32f7xx_hal_qspi.o Drivers\STM32F7xx_HAL_Driver\Src\stm32f7xx_hal_rcc.o Drivers\STM32F7xx_HAL_Driver\Src\stm32f7xx_hal_rcc_ex.o Drivers\STM32F7xx_HAL_Driver\Src\stm32f7xx_hal_rtc.o Drivers\STM32F7xx_HAL_Driver\Src\stm32f7xx_hal_rtc_ex.o Drivers\STM32F7xx_HAL_Driver\Src\stm32f7xx_hal_sai.o Drivers\STM32F7xx_HAL_Driver\Src\stm32f7xx_hal_sai_ex.o Drivers\STM32F7xx_HAL_Driver\Src\stm32f7xx_hal_sd.o Drivers\STM32F7xx_HAL_Driver\Src\stm32f7xx_hal_sdram.o Drivers\STM32F7xx_HAL_Driver\Src\stm32f7xx_hal_spdifrx.o Drivers\STM32F7xx_HAL_Driver\Src\stm32f7xx_hal_spi.o Drivers\STM32F7xx_HAL_Driver\Src\stm32f7xx_hal_spi_ex.o Drivers\STM32F7xx_HAL_Driver\Src\stm32f7xx_hal_tim.o Drivers\STM32F7xx_HAL_Driver\Src\stm32f7xx_hal_tim_ex.o Drivers\STM32F7xx_HAL_Driver\Src\stm32f7xx_hal_uart.o Drivers\STM32F7xx_HAL_Driver\Src\stm32f7xx_hal_uart_ex.o Drivers\STM32F7xx_HAL_Driver\Src\stm32f7xx_ll_fmc.o Drivers\STM32F7xx_HAL_Driver\Src\stm32f7xx_ll_sdmmc.o FATFS\App\fatfs.o FATFS\Target\bsp_driver_sd.o FATFS\Target\fatfs_platform.o FATFS\Target\sd_diskio.o Middlewares\Third_Party\FatFs\src\diskio.o Middlewares\Third_Party\FatFs\src\ff.o Middlewares\Third_Party\FatFs\src\ff_gen_drv.o Middlewares\Third_Party\FatFs\src\option\syscall.o startup\startup_stm32f750xx.o -mthumb -mcpu=cortex-m7 -mfloat-abi=hard -mfpu=fpv5-sp-d16 -T../STM32F750N8_FLASH.ld -specs=nosys.specs -static -Wl,-Map=Mortal Kombat.map -Wl,--gc-sections -Wl,--defsym=malloc_getpagesize_P=0x80 -Wl,--start-group -lc -lm -Wl,--end-group -specs=nano.specs 
C:\Program Files (x86)\Atollic\TrueSTUDIO for STM32 9.3.0\ide\jre\bin\java -jar C:\Program Files (x86)\Atollic\TrueSTUDIO for STM32 9.3.0\Tools\arm-atollic-reports.jar sizeinfo list Mortal Kombat.elf 
Generate build reports...
Print size information
   text	   data	    bss	    dec	    hex	filename
  33500	     20	   3564	  37084	   90dc	Mortal Kombat.elf
Print size information done
Generate listing file
Output sent to: Mortal Kombat.list
Generate listing file done
Generate build reports done
arm-atollic-eabi-objcopy.exe -O ihex Mortal Kombat.elf Mortal Kombat.hex 
Info: Parallel threads used: 1
20:03:45 **** Incremental Build of configuration Debug for project Mortal Kombat ****
Info: Internal Builder is used for build
arm-atollic-eabi-objcopy.exe -O ihex Mortal Kombat.elf Mortal Kombat.hex 
Info: Parallel threads used: 0
20:04:39 **** Incremental Build of configuration Debug for project Mortal Kombat ****
Info: Internal Builder is used for build
arm-atollic-eabi-gcc -c -mthumb -mcpu=cortex-m7 -mfloat-abi=hard -mfpu=fpv5-sp-d16 -std=gnu11 -DUSE_HAL_DRIVER -DSTM32F750xx -I../FATFS/Target -I../FATFS/App -I../Core/Inc -I../Drivers/STM32F7xx_HAL_Driver/Inc -I../Drivers/STM32F7xx_HAL_Driver/Inc/Legacy -I../Middlewares/Third_Party/FatFs/src -I../Drivers/CMSIS/Device/ST/STM32F7xx/Include -I../Drivers/CMSIS/Include -ffunction-sections -fdata-sections -g -fstack-usage -Wall -specs=nano.specs -o Core\Src\main.o ..\Core\Src\main.c 
arm-atollic-eabi-gcc -o Mortal Kombat.elf Core\Src\main.o Core\Src\stm32f7xx_hal_msp.o Core\Src\stm32f7xx_hal_timebase_tim.o Core\Src\stm32f7xx_it.o Core\Src\syscalls.o Core\Src\system_stm32f7xx.o Drivers\STM32F7xx_HAL_Driver\Src\stm32f7xx_hal.o Drivers\STM32F7xx_HAL_Driver\Src\stm32f7xx_hal_adc.o Drivers\STM32F7xx_HAL_Driver\Src\stm32f7xx_hal_adc_ex.o Drivers\STM32F7xx_HAL_Driver\Src\stm32f7xx_hal_cortex.o Drivers\STM32F7xx_HAL_Driver\Src\stm32f7xx_hal_dcmi.o Drivers\STM32F7xx_HAL_Driver\Src\stm32f7xx_hal_dcmi_ex.o Drivers\STM32F7xx_HAL_Driver\Src\stm32f7xx_hal_dma.o Drivers\STM32F7xx_HAL_Driver\Src\stm32f7xx_hal_dma2d.o Drivers\STM32F7xx_HAL_Driver\Src\stm32f7xx_hal_dma_ex.o Drivers\STM32F7xx_HAL_Driver\Src\stm32f7xx_hal_dsi.o Drivers\STM32F7xx_HAL_Driver\Src\stm32f7xx_hal_exti.o Drivers\STM32F7xx_HAL_Driver\Src\stm32f7xx_hal_flash.o Drivers\STM32F7xx_HAL_Driver\Src\stm32f7xx_hal_flash_ex.o Drivers\STM32F7xx_HAL_Driver\Src\stm32f7xx_hal_gpio.o Drivers\STM32F7xx_HAL_Driver\Src\stm32f7xx_hal_i2c.o Drivers\STM32F7xx_HAL_Driver\Src\stm32f7xx_hal_i2c_ex.o Drivers\STM32F7xx_HAL_Driver\Src\stm32f7xx_hal_ltdc.o Drivers\STM32F7xx_HAL_Driver\Src\stm32f7xx_hal_ltdc_ex.o Drivers\STM32F7xx_HAL_Driver\Src\stm32f7xx_hal_pwr.o Drivers\STM32F7xx_HAL_Driver\Src\stm32f7xx_hal_pwr_ex.o Drivers\STM32F7xx_HAL_Driver\Src\stm32f7xx_hal_qspi.o Drivers\STM32F7xx_HAL_Driver\Src\stm32f7xx_hal_rcc.o Drivers\STM32F7xx_HAL_Driver\Src\stm32f7xx_hal_rcc_ex.o Drivers\STM32F7xx_HAL_Driver\Src\stm32f7xx_hal_rtc.o Drivers\STM32F7xx_HAL_Driver\Src\stm32f7xx_hal_rtc_ex.o Drivers\STM32F7xx_HAL_Driver\Src\stm32f7xx_hal_sai.o Drivers\STM32F7xx_HAL_Driver\Src\stm32f7xx_hal_sai_ex.o Drivers\STM32F7xx_HAL_Driver\Src\stm32f7xx_hal_sd.o Drivers\STM32F7xx_HAL_Driver\Src\stm32f7xx_hal_sdram.o Drivers\STM32F7xx_HAL_Driver\Src\stm32f7xx_hal_spdifrx.o Drivers\STM32F7xx_HAL_Driver\Src\stm32f7xx_hal_spi.o Drivers\STM32F7xx_HAL_Driver\Src\stm32f7xx_hal_spi_ex.o Drivers\STM32F7xx_HAL_Driver\Src\stm32f7xx_hal_tim.o Drivers\STM32F7xx_HAL_Driver\Src\stm32f7xx_hal_tim_ex.o Drivers\STM32F7xx_HAL_Driver\Src\stm32f7xx_hal_uart.o Drivers\STM32F7xx_HAL_Driver\Src\stm32f7xx_hal_uart_ex.o Drivers\STM32F7xx_HAL_Driver\Src\stm32f7xx_ll_fmc.o Drivers\STM32F7xx_HAL_Driver\Src\stm32f7xx_ll_sdmmc.o FATFS\App\fatfs.o FATFS\Target\bsp_driver_sd.o FATFS\Target\fatfs_platform.o FATFS\Target\sd_diskio.o Middlewares\Third_Party\FatFs\src\diskio.o Middlewares\Third_Party\FatFs\src\ff.o Middlewares\Third_Party\FatFs\src\ff_gen_drv.o Middlewares\Third_Party\FatFs\src\option\syscall.o startup\startup_stm32f750xx.o -mthumb -mcpu=cortex-m7 -mfloat-abi=hard -mfpu=fpv5-sp-d16 -T../STM32F750N8_FLASH.ld -specs=nosys.specs -static -Wl,-Map=Mortal Kombat.map -Wl,--gc-sections -Wl,--defsym=malloc_getpagesize_P=0x80 -Wl,--start-group -lc -lm -Wl,--end-group -specs=nano.specs 
C:\Program Files (x86)\Atollic\TrueSTUDIO for STM32 9.3.0\ide\jre\bin\java -jar C:\Program Files (x86)\Atollic\TrueSTUDIO for STM32 9.3.0\Tools\arm-atollic-reports.jar sizeinfo list Mortal Kombat.elf 
Generate build reports...
Print size information
   text	   data	    bss	    dec	    hex	filename
  33536	     20	   3564	  37120	   9100	Mortal Kombat.elf
Print size information done
Generate listing file
Output sent to: Mortal Kombat.list
Generate listing file done
Generate build reports done
arm-atollic-eabi-objcopy.exe -O ihex Mortal Kombat.elf Mortal Kombat.hex 
Info: Parallel threads used: 1
20:05:06 **** Incremental Build of configuration Debug for project Mortal Kombat ****
Info: Internal Builder is used for build
arm-atollic-eabi-objcopy.exe -O ihex Mortal Kombat.elf Mortal Kombat.hex 
Info: Parallel threads used: 0
20:37:56 **** Incremental Build of configuration Debug for project Mortal Kombat ****
Info: Internal Builder is used for build
arm-atollic-eabi-objcopy.exe -O ihex Mortal Kombat.elf Mortal Kombat.hex 
Info: Parallel threads used: 0
